/lustre/orion/bif148/scratch/erikgarrison/emender/.envs/olcf-rocm711-torch210-py312/lib/python3.12/site-packages/fla/utils/_device.py:100: UserWarning: Triton is not supported on current platform, roll back to CPU.
  _cpu_device_warning()
[pin-autotune] pinned mode: 18 kernels / 30 (name,key) configs from registry (set NDM_PIN_TRITON_AUTOTUNE=0 to restore sweep)
Traceback (most recent call last):
  File "/lustre/orion/bif148/proj-shared/emender/source-snapshots/emender-18b3d6826d/scripts/frontier/resilient_e97_role.py", line 1885, in <module>
    raise SystemExit(main())
                     ^^^^^^
  File "/lustre/orion/bif148/proj-shared/emender/source-snapshots/emender-18b3d6826d/scripts/frontier/resilient_e97_role.py", line 1881, in main
    return manager(args) if args.role == "manager" else trainer(args)
           ^^^^^^^^^^^^^
  File "/lustre/orion/bif148/proj-shared/emender/source-snapshots/emender-18b3d6826d/scripts/frontier/resilient_e97_role.py", line 1140, in manager
    else _native_manager(args))
         ^^^^^^^^^^^^^^^^^^^^^
  File "/lustre/orion/bif148/proj-shared/emender/source-snapshots/emender-18b3d6826d/scripts/frontier/resilient_e97_role.py", line 934, in _native_manager
    route_ready = pool_client.await_peer_route_ready(
                  ^^^^^^^^^^^^^^^^^^^^^^^^^^^^^^^^^^^
  File "/lustre/orion/bif148/proj-shared/emender/source-snapshots/emender-18b3d6826d/ndm/resilient_pool_runtime.py", line 554, in await_peer_route_ready
    raise TimeoutError(f"native peer route-readiness deadline expired: {last}")
TimeoutError: native peer route-readiness deadline expired: {'status': 'waiting'}
/lustre/orion/bif148/scratch/erikgarrison/emender/.envs/olcf-rocm711-torch210-py312/lib/python3.12/site-packages/fla/utils/_device.py:100: UserWarning: Triton is not supported on current platform, roll back to CPU.
  _cpu_device_warning()
[pin-autotune] pinned mode: 18 kernels / 30 (name,key) configs from registry (set NDM_PIN_TRITON_AUTOTUNE=0 to restore sweep)
Traceback (most recent call last):
  File "/lustre/orion/bif148/proj-shared/emender/source-snapshots/emender-18b3d6826d/scripts/frontier/resilient_e97_role.py", line 1885, in <module>
    raise SystemExit(main())
                     ^^^^^^
  File "/lustre/orion/bif148/proj-shared/emender/source-snapshots/emender-18b3d6826d/scripts/frontier/resilient_e97_role.py", line 1881, in main
    return manager(args) if args.role == "manager" else trainer(args)
           ^^^^^^^^^^^^^
  File "/lustre/orion/bif148/proj-shared/emender/source-snapshots/emender-18b3d6826d/scripts/frontier/resilient_e97_role.py", line 1140, in manager
    else _native_manager(args))
         ^^^^^^^^^^^^^^^^^^^^^
  File "/lustre/orion/bif148/proj-shared/emender/source-snapshots/emender-18b3d6826d/scripts/frontier/resilient_e97_role.py", line 860, in _native_manager
    session.install_generation(
  File "/lustre/orion/bif148/proj-shared/emender/source-snapshots/emender-18b3d6826d/ndm/native_pool_runtime.py", line 362, in install_generation
    digest = self.local.install_flat_layout(
             ^^^^^^^^^^^^^^^^^^^^^^^^^^^^^^^
  File "/lustre/orion/bif148/proj-shared/emender/source-snapshots/emender-18b3d6826d/ndm/native_dataplane.py", line 859, in install_flat_layout
    self.native.check(self.native.library.ndp_layout_install_v1(
  File "/lustre/orion/bif148/proj-shared/emender/source-snapshots/emender-18b3d6826d/ndm/native_dataplane.py", line 532, in check
    raise error_type(code, operation, detail)
ndm.native_dataplane.NativeDataplaneError: ndp_layout_install_v1: native service is draining or stopped (-16)
/lustre/orion/bif148/scratch/erikgarrison/emender/.envs/olcf-rocm711-torch210-py312/lib/python3.12/site-packages/fla/utils/_device.py:100: UserWarning: Triton is not supported on current platform, roll back to CPU.
  _cpu_device_warning()
[pin-autotune] pinned mode: 18 kernels / 30 (name,key) configs from registry (set NDM_PIN_TRITON_AUTOTUNE=0 to restore sweep)
Traceback (most recent call last):
  File "/lustre/orion/bif148/proj-shared/emender/source-snapshots/emender-18b3d6826d/scripts/frontier/resilient_e97_role.py", line 1885, in <module>
    raise SystemExit(main())
                     ^^^^^^
  File "/lustre/orion/bif148/proj-shared/emender/source-snapshots/emender-18b3d6826d/scripts/frontier/resilient_e97_role.py", line 1881, in main
    return manager(args) if args.role == "manager" else trainer(args)
           ^^^^^^^^^^^^^
  File "/lustre/orion/bif148/proj-shared/emender/source-snapshots/emender-18b3d6826d/scripts/frontier/resilient_e97_role.py", line 1140, in manager
    else _native_manager(args))
         ^^^^^^^^^^^^^^^^^^^^^
  File "/lustre/orion/bif148/proj-shared/emender/source-snapshots/emender-18b3d6826d/scripts/frontier/resilient_e97_role.py", line 860, in _native_manager
    session.install_generation(
  File "/lustre/orion/bif148/proj-shared/emender/source-snapshots/emender-18b3d6826d/ndm/native_pool_runtime.py", line 362, in install_generation
    digest = self.local.install_flat_layout(
             ^^^^^^^^^^^^^^^^^^^^^^^^^^^^^^^
  File "/lustre/orion/bif148/proj-shared/emender/source-snapshots/emender-18b3d6826d/ndm/native_dataplane.py", line 859, in install_flat_layout
    self.native.check(self.native.library.ndp_layout_install_v1(
  File "/lustre/orion/bif148/proj-shared/emender/source-snapshots/emender-18b3d6826d/ndm/native_dataplane.py", line 532, in check
    raise error_type(code, operation, detail)
ndm.native_dataplane.NativeDataplaneError: ndp_layout_install_v1: native service is draining or stopped (-16)
/lustre/orion/bif148/scratch/erikgarrison/emender/.envs/olcf-rocm711-torch210-py312/lib/python3.12/site-packages/fla/utils/_device.py:100: UserWarning: Triton is not supported on current platform, roll back to CPU.
  _cpu_device_warning()
[pin-autotune] pinned mode: 18 kernels / 30 (name,key) configs from registry (set NDM_PIN_TRITON_AUTOTUNE=0 to restore sweep)
/lustre/orion/bif148/scratch/erikgarrison/emender/.envs/olcf-rocm711-torch210-py312/lib/python3.12/site-packages/fla/utils/_device.py:100: UserWarning: Triton is not supported on current platform, roll back to CPU.
  _cpu_device_warning()
[pin-autotune] pinned mode: 18 kernels / 30 (name,key) configs from registry (set NDM_PIN_TRITON_AUTOTUNE=0 to restore sweep)
/lustre/orion/bif148/scratch/erikgarrison/emender/.envs/olcf-rocm711-torch210-py312/lib/python3.12/site-packages/fla/utils/_device.py:100: UserWarning: Triton is not supported on current platform, roll back to CPU.
  _cpu_device_warning()
[pin-autotune] pinned mode: 18 kernels / 30 (name,key) configs from registry (set NDM_PIN_TRITON_AUTOTUNE=0 to restore sweep)
Traceback (most recent call last):
  File "/lustre/orion/bif148/proj-shared/emender/source-snapshots/emender-10c6fd4181/scripts/frontier/resilient_e97_role.py", line 2127, in <module>
    raise SystemExit(main())
                     ^^^^^^
  File "/lustre/orion/bif148/proj-shared/emender/source-snapshots/emender-10c6fd4181/scripts/frontier/resilient_e97_role.py", line 2123, in main
    return manager(args) if args.role == "manager" else trainer(args)
           ^^^^^^^^^^^^^
  File "/lustre/orion/bif148/proj-shared/emender/source-snapshots/emender-10c6fd4181/scripts/frontier/resilient_e97_role.py", line 1379, in manager
    else _native_manager(args))
         ^^^^^^^^^^^^^^^^^^^^^
  File "/lustre/orion/bif148/proj-shared/emender/source-snapshots/emender-10c6fd4181/scripts/frontier/resilient_e97_role.py", line 1047, in _native_manager
    session.install_generation(
  File "/lustre/orion/bif148/proj-shared/emender/source-snapshots/emender-10c6fd4181/ndm/native_pool_runtime.py", line 362, in install_generation
    digest = self.local.install_flat_layout(
             ^^^^^^^^^^^^^^^^^^^^^^^^^^^^^^^
  File "/lustre/orion/bif148/proj-shared/emender/source-snapshots/emender-10c6fd4181/ndm/native_dataplane.py", line 859, in install_flat_layout
    self.native.check(self.native.library.ndp_layout_install_v1(
  File "/lustre/orion/bif148/proj-shared/emender/source-snapshots/emender-10c6fd4181/ndm/native_dataplane.py", line 532, in check
    raise error_type(code, operation, detail)
ndm.native_dataplane.NativeDataplaneError: ndp_layout_install_v1: invalid lifecycle state (-3)
/lustre/orion/bif148/scratch/erikgarrison/emender/.envs/olcf-rocm711-torch210-py312/lib/python3.12/site-packages/fla/utils/_device.py:100: UserWarning: Triton is not supported on current platform, roll back to CPU.
  _cpu_device_warning()
[pin-autotune] pinned mode: 18 kernels / 30 (name,key) configs from registry (set NDM_PIN_TRITON_AUTOTUNE=0 to restore sweep)
Traceback (most recent call last):
  File "/lustre/orion/bif148/proj-shared/emender/source-snapshots/emender-10c6fd4181/scripts/frontier/resilient_e97_role.py", line 2127, in <module>
    raise SystemExit(main())
                     ^^^^^^
  File "/lustre/orion/bif148/proj-shared/emender/source-snapshots/emender-10c6fd4181/scripts/frontier/resilient_e97_role.py", line 2123, in main
    return manager(args) if args.role == "manager" else trainer(args)
           ^^^^^^^^^^^^^
  File "/lustre/orion/bif148/proj-shared/emender/source-snapshots/emender-10c6fd4181/scripts/frontier/resilient_e97_role.py", line 1379, in manager
    else _native_manager(args))
         ^^^^^^^^^^^^^^^^^^^^^
  File "/lustre/orion/bif148/proj-shared/emender/source-snapshots/emender-10c6fd4181/scripts/frontier/resilient_e97_role.py", line 1047, in _native_manager
    session.install_generation(
  File "/lustre/orion/bif148/proj-shared/emender/source-snapshots/emender-10c6fd4181/ndm/native_pool_runtime.py", line 362, in install_generation
    digest = self.local.install_flat_layout(
             ^^^^^^^^^^^^^^^^^^^^^^^^^^^^^^^
  File "/lustre/orion/bif148/proj-shared/emender/source-snapshots/emender-10c6fd4181/ndm/native_dataplane.py", line 859, in install_flat_layout
    self.native.check(self.native.library.ndp_layout_install_v1(
  File "/lustre/orion/bif148/proj-shared/emender/source-snapshots/emender-10c6fd4181/ndm/native_dataplane.py", line 532, in check
    raise error_type(code, operation, detail)
ndm.native_dataplane.NativeDataplaneError: ndp_layout_install_v1: invalid lifecycle state (-3)
/lustre/orion/bif148/scratch/erikgarrison/emender/.envs/olcf-rocm711-torch210-py312/lib/python3.12/site-packages/fla/utils/_device.py:100: UserWarning: Triton is not supported on current platform, roll back to CPU.
  _cpu_device_warning()
[pin-autotune] pinned mode: 18 kernels / 30 (name,key) configs from registry (set NDM_PIN_TRITON_AUTOTUNE=0 to restore sweep)
/lustre/orion/bif148/scratch/erikgarrison/emender/.envs/olcf-rocm711-torch210-py312/lib/python3.12/site-packages/fla/utils/_device.py:100: UserWarning: Triton is not supported on current platform, roll back to CPU.
  _cpu_device_warning()
[pin-autotune] pinned mode: 18 kernels / 30 (name,key) configs from registry (set NDM_PIN_TRITON_AUTOTUNE=0 to restore sweep)
/lustre/orion/bif148/scratch/erikgarrison/emender/.envs/olcf-rocm711-torch210-py312/lib/python3.12/site-packages/fla/utils/_device.py:100: UserWarning: Triton is not supported on current platform, roll back to CPU.
  _cpu_device_warning()
[pin-autotune] pinned mode: 18 kernels / 30 (name,key) configs from registry (set NDM_PIN_TRITON_AUTOTUNE=0 to restore sweep)
/lustre/orion/bif148/scratch/erikgarrison/emender/.envs/olcf-rocm711-torch210-py312/lib/python3.12/site-packages/fla/utils/_device.py:100: UserWarning: Triton is not supported on current platform, roll back to CPU.
  _cpu_device_warning()
[pin-autotune] pinned mode: 18 kernels / 30 (name,key) configs from registry (set NDM_PIN_TRITON_AUTOTUNE=0 to restore sweep)
/lustre/orion/bif148/scratch/erikgarrison/emender/.envs/olcf-rocm711-torch210-py312/lib/python3.12/site-packages/fla/utils/_device.py:100: UserWarning: Triton is not supported on current platform, roll back to CPU.
  _cpu_device_warning()
[pin-autotune] pinned mode: 18 kernels / 30 (name,key) configs from registry (set NDM_PIN_TRITON_AUTOTUNE=0 to restore sweep)
Traceback (most recent call last):
  File "/lustre/orion/bif148/proj-shared/emender/source-snapshots/emender-4ec9e770bd/scripts/frontier/resilient_e97_role.py", line 2130, in <module>
    raise SystemExit(main())
                     ^^^^^^
  File "/lustre/orion/bif148/proj-shared/emender/source-snapshots/emender-4ec9e770bd/scripts/frontier/resilient_e97_role.py", line 2126, in main
    return manager(args) if args.role == "manager" else trainer(args)
           ^^^^^^^^^^^^^
  File "/lustre/orion/bif148/proj-shared/emender/source-snapshots/emender-4ec9e770bd/scripts/frontier/resilient_e97_role.py", line 1380, in manager
    else _native_manager(args))
         ^^^^^^^^^^^^^^^^^^^^^
  File "/lustre/orion/bif148/proj-shared/emender/source-snapshots/emender-4ec9e770bd/scripts/frontier/resilient_e97_role.py", line 1186, in _native_manager
    raise failures[0]
  File "/lustre/orion/bif148/proj-shared/emender/source-snapshots/emender-4ec9e770bd/scripts/frontier/resilient_e97_role.py", line 1180, in _native_manager
    outcomes[peer_id] = future.result()
                        ^^^^^^^^^^^^^^^
  File "/lustre/orion/bif148/scratch/erikgarrison/emender/.envs/olcf-rocm711-torch210-py312/lib/python3.12/concurrent/futures/_base.py", line 456, in result
    return self.__get_result()
           ^^^^^^^^^^^^^^^^^^^
  File "/lustre/orion/bif148/scratch/erikgarrison/emender/.envs/olcf-rocm711-torch210-py312/lib/python3.12/concurrent/futures/_base.py", line 401, in __get_result
    raise self._exception
  File "/lustre/orion/bif148/scratch/erikgarrison/emender/.envs/olcf-rocm711-torch210-py312/lib/python3.12/concurrent/futures/thread.py", line 59, in run
    result = self.fn(*self.args, **self.kwargs)
             ^^^^^^^^^^^^^^^^^^^^^^^^^^^^^^^^^^
  File "/lustre/orion/bif148/proj-shared/emender/source-snapshots/emender-4ec9e770bd/scripts/frontier/resilient_e97_role.py", line 930, in _native_peer_exchange
    receive_credits(); send_all(sequence_base=1)
                       ^^^^^^^^^^^^^^^^^^^^^^^^^
  File "/lustre/orion/bif148/proj-shared/emender/source-snapshots/emender-4ec9e770bd/scripts/frontier/resilient_e97_role.py", line 776, in send_all
    session.transfer_frozen_fd(
  File "/lustre/orion/bif148/proj-shared/emender/source-snapshots/emender-4ec9e770bd/ndm/native_pool_runtime.py", line 550, in transfer_frozen_fd
    self.transport.send_fd(
  File "/lustre/orion/bif148/proj-shared/emender/source-snapshots/emender-4ec9e770bd/ndm/native_transport.py", line 437, in send_fd
    self.library.check(self.library.lib.ndp_transport_send_v1(
  File "/lustre/orion/bif148/proj-shared/emender/source-snapshots/emender-4ec9e770bd/ndm/native_transport.py", line 323, in check
    raise TransportError(int(code), operation,
ndm.native_transport.TransportError: transport_send_fd: deadline expired (-11)
/lustre/orion/bif148/scratch/erikgarrison/emender/.envs/olcf-rocm711-torch210-py312/lib/python3.12/site-packages/fla/utils/_device.py:100: UserWarning: Triton is not supported on current platform, roll back to CPU.
  _cpu_device_warning()
[pin-autotune] pinned mode: 18 kernels / 30 (name,key) configs from registry (set NDM_PIN_TRITON_AUTOTUNE=0 to restore sweep)
Traceback (most recent call last):
  File "/lustre/orion/bif148/proj-shared/emender/source-snapshots/emender-4ec9e770bd/scripts/frontier/resilient_e97_role.py", line 2130, in <module>
    raise SystemExit(main())
                     ^^^^^^
  File "/lustre/orion/bif148/proj-shared/emender/source-snapshots/emender-4ec9e770bd/scripts/frontier/resilient_e97_role.py", line 2126, in main
    return manager(args) if args.role == "manager" else trainer(args)
           ^^^^^^^^^^^^^
  File "/lustre/orion/bif148/proj-shared/emender/source-snapshots/emender-4ec9e770bd/scripts/frontier/resilient_e97_role.py", line 1380, in manager
    else _native_manager(args))
         ^^^^^^^^^^^^^^^^^^^^^
  File "/lustre/orion/bif148/proj-shared/emender/source-snapshots/emender-4ec9e770bd/scripts/frontier/resilient_e97_role.py", line 1073, in _native_manager
    freeze = session.freeze(
             ^^^^^^^^^^^^^^^
  File "/lustre/orion/bif148/proj-shared/emender/source-snapshots/emender-4ec9e770bd/ndm/native_pool_runtime.py", line 501, in freeze
    operation = self.local.control(Command.FREEZE, deadline_s=deadline_s)
                ^^^^^^^^^^^^^^^^^^^^^^^^^^^^^^^^^^^^^^^^^^^^^^^^^^^^^^^^^
  File "/lustre/orion/bif148/proj-shared/emender/source-snapshots/emender-4ec9e770bd/ndm/native_dataplane.py", line 892, in control
    self.native.check(self.native.library.ndp_control_v1(
  File "/lustre/orion/bif148/proj-shared/emender/source-snapshots/emender-4ec9e770bd/ndm/native_dataplane.py", line 532, in check
    raise error_type(code, operation, detail)
ndm.native_dataplane.NativeDataplaneError: ndp_control_v1(FREEZE): invalid lifecycle state (-3)
/lustre/orion/bif148/scratch/erikgarrison/emender/.envs/olcf-rocm711-torch210-py312/lib/python3.12/site-packages/fla/utils/_device.py:100: UserWarning: Triton is not supported on current platform, roll back to CPU.
  _cpu_device_warning()
[pin-autotune] pinned mode: 18 kernels / 30 (name,key) configs from registry (set NDM_PIN_TRITON_AUTOTUNE=0 to restore sweep)
Traceback (most recent call last):
  File "/lustre/orion/bif148/proj-shared/emender/source-snapshots/emender-4ec9e770bd/scripts/frontier/resilient_e97_role.py", line 2130, in <module>
    raise SystemExit(main())
                     ^^^^^^
  File "/lustre/orion/bif148/proj-shared/emender/source-snapshots/emender-4ec9e770bd/scripts/frontier/resilient_e97_role.py", line 2126, in main
    return manager(args) if args.role == "manager" else trainer(args)
           ^^^^^^^^^^^^^
  File "/lustre/orion/bif148/proj-shared/emender/source-snapshots/emender-4ec9e770bd/scripts/frontier/resilient_e97_role.py", line 1380, in manager
    else _native_manager(args))
         ^^^^^^^^^^^^^^^^^^^^^
  File "/lustre/orion/bif148/proj-shared/emender/source-snapshots/emender-4ec9e770bd/scripts/frontier/resilient_e97_role.py", line 1073, in _native_manager
    freeze = session.freeze(
             ^^^^^^^^^^^^^^^
  File "/lustre/orion/bif148/proj-shared/emender/source-snapshots/emender-4ec9e770bd/ndm/native_pool_runtime.py", line 501, in freeze
    operation = self.local.control(Command.FREEZE, deadline_s=deadline_s)
                ^^^^^^^^^^^^^^^^^^^^^^^^^^^^^^^^^^^^^^^^^^^^^^^^^^^^^^^^^
  File "/lustre/orion/bif148/proj-shared/emender/source-snapshots/emender-4ec9e770bd/ndm/native_dataplane.py", line 892, in control
    self.native.check(self.native.library.ndp_control_v1(
  File "/lustre/orion/bif148/proj-shared/emender/source-snapshots/emender-4ec9e770bd/ndm/native_dataplane.py", line 532, in check
    raise error_type(code, operation, detail)
ndm.native_dataplane.NativeDataplaneError: ndp_control_v1(FREEZE): invalid lifecycle state (-3)
