CC -O2 -std=c++17 -Wall -Wextra /lustre/orion/bif148/scratch/erikgarrison/emender/.wg-worktrees/agent-811/scripts/frontier/compiled_mpich_dense_helper.cpp -o /lustre/orion/bif148/proj-shared/emender/frontier_runs/debug/trainpy_async_quorum_smoke/20260707/E97_1.3B_step1065000_trainpy_compiled_helper_1n/4953961-20260707T224908Z/artifacts/compiled_mpich_dense_helper 
/lustre/orion/bif148/proj-shared/emender/frontier_runs/debug/trainpy_async_quorum_smoke/20260707/E97_1.3B_step1065000_trainpy_compiled_helper_1n/4953961-20260707T224908Z/artifacts/compiled_mpich_dense_helper
task_id=validate-compiled-helper
smoke_name=compiled-helper-1n
run_id=validate-compiled-helper-compiled-helper-1n-4953961-20260707T224908Z
scaleout_variant=E97_1.3B_step1065000_trainpy_compiled_helper_1n
run_root=/lustre/orion/bif148/proj-shared/emender/frontier_runs/debug/trainpy_async_quorum_smoke/20260707/E97_1.3B_step1065000_trainpy_compiled_helper_1n/4953961-20260707T224908Z
run_dir=/lustre/orion/bif148/proj-shared/emender/frontier_runs/debug/trainpy_async_quorum_smoke/20260707/E97_1.3B_step1065000_trainpy_compiled_helper_1n/4953961-20260707T224908Z/async_run
metrics_json=/lustre/orion/bif148/proj-shared/emender/frontier_runs/debug/trainpy_async_quorum_smoke/20260707/E97_1.3B_step1065000_trainpy_compiled_helper_1n/4953961-20260707T224908Z/artifacts/metrics.json
summary_file=/lustre/orion/bif148/proj-shared/emender/frontier_runs/debug/trainpy_async_quorum_smoke/20260707/E97_1.3B_step1065000_trainpy_compiled_helper_1n/4953961-20260707T224908Z/summaries/summary.md
manifest_file=/lustre/orion/bif148/proj-shared/emender/frontier_runs/debug/trainpy_async_quorum_smoke/20260707/E97_1.3B_step1065000_trainpy_compiled_helper_1n/4953961-20260707T224908Z/artifacts/manifest.json
command_file=/lustre/orion/bif148/proj-shared/emender/frontier_runs/debug/trainpy_async_quorum_smoke/20260707/E97_1.3B_step1065000_trainpy_compiled_helper_1n/4953961-20260707T224908Z/artifacts/command.txt
rank_start_log=/lustre/orion/bif148/proj-shared/emender/frontier_runs/debug/trainpy_async_quorum_smoke/20260707/E97_1.3B_step1065000_trainpy_compiled_helper_1n/4953961-20260707T224908Z/artifacts/rank-start.tsv
stdout=logs/frontier/trainpy_async_quorum/compiled-helper-trainpy-1n-4953961.out
stderr=logs/frontier/trainpy_async_quorum/compiled-helper-trainpy-1n-4953961.err
training_data_mode=real-token
synthetic_token_stream=0
data=/lustre/orion/bif148/proj-shared/commapile/commapile_mainmix_v0.1_1tb.txt
e97_checkpoint=/lustre/orion/bif148/proj-shared/emender/checkpoints/emender_E97_1.3B_20260702_111457_step_1065000/latest.pt
async_entrypoint=scripts/frontier/e97_async_diloco_train.py
one_trainpy_rank_per_gpu=1
slurm_nodes=1
slurm_ntasks_per_node=8
slurm_gpus_per_task=1
slurm_gpu_bind=closest
trainpy_launched_ranks=8
async_expected_ranks=8
async_global_quorum=8
async_expected_missing_updates=0
async_timeout_s=120
async_local_steps=1
async_quorum_transport=compiled-cray-mpich-helper-p2p
async_mpi_dense_bucket_bytes=67108864
async_compiled_mpich_helper_bin=/lustre/orion/bif148/proj-shared/emender/frontier_runs/debug/trainpy_async_quorum_smoke/20260707/E97_1.3B_step1065000_trainpy_compiled_helper_1n/4953961-20260707T224908Z/artifacts/compiled_mpich_dense_helper
async_compiled_mpich_ipc_dir=/lustre/orion/bif148/proj-shared/emender/frontier_runs/debug/trainpy_async_quorum_smoke/20260707/E97_1.3B_step1065000_trainpy_compiled_helper_1n/4953961-20260707T224908Z/async_run/ipc
mpich_gpu_support_enabled=0
cray_mpi4py_site=/opt/cray/pe/python/3.10.10/lib/python3.10/site-packages
async_coordinator_host=frontier00049
async_coordinator_port=29497
requested_walltime=00:20:00
requested_node_hours=0.333333
human_approval_record=WG validate-compiled-helper: 1-node train.py compiled MPICH helper smoke; one train.py rank per GPU; run-local latest/checkpoint only; no production latest mutation.
ddp_wrapper_expected=0
per_step_all_reduce_expected=0
bounded_debug_transport=actual_multinode_compiled_mpich_quorum
git_commit=730c025124fcf3775f874f71deac935372e32537

=== modules ===
craype-x86-trento
libfabric/2.3.1
craype-network-ofi
xpmem/1.0.1-1.5_1_gfb6998056825
Core/25.03
tmux/3.4
hsi/default
lfs-wrapper/0.0.1
DefApps
emacs/29.4
cray-dsmml/0.3.0
PrgEnv-gnu/8.7.0
gcc-native/14.2
cray-libsci/26.03.0
cray-mpich/9.1.0
cray-pmi/6.1.17
craype/2.7.36
perftools-base/26.03.0
cpe/26.03
darshan-runtime/3.4.7-mpi
miniforge3/23.11.0-0
rocm/7.1.1
craype-accel-amd-gfx90a

=== frontier runtime ===
frontier_runtime_profile=default
frontier_enable_olcf_rccl_plugin=0
frontier_rocm_module=rocm/7.1.1
frontier_rccl_net_plugin_module=rccl-net-plugin/1.0
EMENDER_CONDA_ENV=
CONDA_PREFIX=/autofs/nccs-svm1_sw/frontier/miniforge3/23.11.0-0
OLCF_OFI_NCCL_ROOT=
NCCL_NET_PLUGIN=
librccl_net_path=not-found

=== frontier communication env ===
CONDA_PREFIX=/autofs/nccs-svm1_sw/frontier/miniforge3/23.11.0-0
LD_LIBRARY_PATH=/opt/cray/pe/perftools/26.03.0/lib64:/opt/cray/pe/pmi/6.1.17/lib:/opt/cray/pe/mpich/9.1.0/ofi/gnu/12.3/lib:/opt/cray/pe/mpich/9.1.0/gtl/lib:/opt/cray/pe/libsci/26.03.0/GNU/12/x86_64/lib:/opt/cray/pe/dsmml/0.3.0/dsmml/lib:/opt/cray/pe/lib64:/opt/cray/lib64:/opt/rocm-7.1.1/lib/roctracer:/opt/rocm-7.1.1/lib/rocprofiler:/opt/rocm-7.1.1/lib:/sw/frontier/spack-envs/cpe26.03-cpu/opt/__spack_path_placeholder__/__spack_path_placeholder__/__spack_path_placeholder__/__spac/gcc-14.2/darshan-runtime-3.4.7-i6lglufb3nzhpr6gneuq2bjdaonwtv66/lib:/opt/cray/pe/papi/7.3.0.1/lib64:/sw/frontier/spack-envs/core-25.03/opt/gcc-13.2/emacs-29.4-unh4yuyvxeg5vnbffszz5xml33f5ahvv/lib:/opt/cray/libfabric/2.3.1/lib64

=== python runtime versions ===
python_executable=/autofs/nccs-svm1_sw/frontier/miniforge3/23.11.0-0/bin/python
python_version=3.10.13
torch.__version__=2.8.0.dev20250422+rocm6.4
torch.version.hip=6.4.43482-0f2d60242
triton.__version__=3.2.0

=== command ===
srun -N 1 -n 8 --ntasks-per-node=8 -c 7 --gpus-per-task=1 --gpu-bind=closest bash -lc source\ \"\$\{REPO\}/scripts/frontier/frontier_runtime_env.sh\"\;\ frontier_activate_emender_conda_env\;\ printf\ \"%s\\t%s\\t%s\\t%s\\t%s\\n\"\ \"\$\(date\ -u\ +%Y-%m-%dT%H:%M:%SZ\)\"\ \"\$\{SLURM_PROCID:-\}\"\ \"\$\{SLURM_LOCALID:-\}\"\ \"\$\{SLURMD_NODENAME:-\$\(hostname\)\}\"\ \"\$\{SLURM_NTASKS:-\}\"\ \>\>\ \"\$RANK_START_LOG\"\;\ exec\ \"\$PYTHON_BIN\"\ -u\ \"\$ASYNC_ENTRYPOINT\"\ \"\$@\"\ --node-rank\ \"\$\{SLURM_PROCID:\?missing\ SLURM_PROCID\}\"\ --device\ \"cuda:\$\{ASYNC_VISIBLE_DEVICE_ORDINAL:-0\}\" bash --run-id validate-compiled-helper-compiled-helper-1n-4953961-20260707T224908Z --run-dir /lustre/orion/bif148/proj-shared/emender/frontier_runs/debug/trainpy_async_quorum_smoke/20260707/E97_1.3B_step1065000_trainpy_compiled_helper_1n/4953961-20260707T224908Z/async_run --metrics-json /lustre/orion/bif148/proj-shared/emender/frontier_runs/debug/trainpy_async_quorum_smoke/20260707/E97_1.3B_step1065000_trainpy_compiled_helper_1n/4953961-20260707T224908Z/artifacts/metrics.json --data /lustre/orion/bif148/proj-shared/commapile/commapile_mainmix_v0.1_1tb.txt --tokenizer p50k_base --worker-count 8 --node-count 8 --global-quorum 8 --generations 1 --local-steps 1 --steps 1 --timeout-s 120 --level E97 --params 100m --batch-size 1 --chunk-size 128 --lr 0.0001 --dim 1792 --depth 11 --n-heads 216 --n-state 32 --n-groups 32 --n-slots 64 --expansion 1.0 --state-expansion 2 --gate-activation silu --linear-state 0 --mlp-ratio 2.2623 --mlp-multiple 64 --e97-chunk-size 32 --checkpoint-interval 16 --projection-chunk-size 0 --loss-chunk-size 0 --recovery-every-generations 1 --recovery-every-seconds -1 --export-every-generations 1 --export-every-seconds -1 --finalization-reserve-seconds 1200 --walltime-remaining-s 1200 --estimated-finalization-duration-s 0 --coordinator-host frontier00049 --coordinator-bind-host 0.0.0.0 --coordinator-port 29497 --mpi-dense-bucket-bytes 67108864 --compiled-mpich-helper-bin /lustre/orion/bif148/proj-shared/emender/frontier_runs/debug/trainpy_async_quorum_smoke/20260707/E97_1.3B_step1065000_trainpy_compiled_helper_1n/4953961-20260707T224908Z/artifacts/compiled_mpich_dense_helper --compiled-mpich-ipc-dir /lustre/orion/bif148/proj-shared/emender/frontier_runs/debug/trainpy_async_quorum_smoke/20260707/E97_1.3B_step1065000_trainpy_compiled_helper_1n/4953961-20260707T224908Z/async_run/ipc --actual-multinode-compiled-mpich-quorum --checkpoint /lustre/orion/bif148/proj-shared/emender/checkpoints/emender_E97_1.3B_20260702_111457_step_1065000/latest.pt --bf16 
Deactivating conda environments
Deactivating conda environments
Deactivating conda environments
Deactivating conda environments
Deactivating conda environments
Deactivating conda environments
Deactivating conda environments
Deactivating conda environments
Current Triton version 3.2.0 is below the recommended 3.3.0 version. Errors may occur and these issues will not be fixed. Please consider upgrading Triton.
Current Triton version 3.2.0 is below the recommended 3.3.0 version. Errors may occur and these issues will not be fixed. Please consider upgrading Triton.
Current Python version 3.10 is below the recommended 3.11 version. It is recommended to upgrade to Python 3.11 or higher for the best experience.
Current Python version 3.10 is below the recommended 3.11 version. It is recommended to upgrade to Python 3.11 or higher for the best experience.
Current Triton version 3.2.0 is below the recommended 3.3.0 version. Errors may occur and these issues will not be fixed. Please consider upgrading Triton.
Current Python version 3.10 is below the recommended 3.11 version. It is recommended to upgrade to Python 3.11 or higher for the best experience.
Current Triton version 3.2.0 is below the recommended 3.3.0 version. Errors may occur and these issues will not be fixed. Please consider upgrading Triton.
Current Triton version 3.2.0 is below the recommended 3.3.0 version. Errors may occur and these issues will not be fixed. Please consider upgrading Triton.
Current Triton version 3.2.0 is below the recommended 3.3.0 version. Errors may occur and these issues will not be fixed. Please consider upgrading Triton.
Current Python version 3.10 is below the recommended 3.11 version. It is recommended to upgrade to Python 3.11 or higher for the best experience.
Current Python version 3.10 is below the recommended 3.11 version. It is recommended to upgrade to Python 3.11 or higher for the best experience.
Current Triton version 3.2.0 is below the recommended 3.3.0 version. Errors may occur and these issues will not be fixed. Please consider upgrading Triton.
Current Triton version 3.2.0 is below the recommended 3.3.0 version. Errors may occur and these issues will not be fixed. Please consider upgrading Triton.
Current Python version 3.10 is below the recommended 3.11 version. It is recommended to upgrade to Python 3.11 or higher for the best experience.
Current Python version 3.10 is below the recommended 3.11 version. It is recommended to upgrade to Python 3.11 or higher for the best experience.
Current Python version 3.10 is below the recommended 3.11 version. It is recommended to upgrade to Python 3.11 or higher for the best experience.
[pin-autotune] pinned mode: 18 kernels / 30 (name,key) configs from registry (set NDM_PIN_TRITON_AUTOTUNE=0 to restore sweep)
[pin-autotune] pinned mode: 18 kernels / 30 (name,key) configs from registry (set NDM_PIN_TRITON_AUTOTUNE=0 to restore sweep)
[pin-autotune] pinned mode: 18 kernels / 30 (name,key) configs from registry (set NDM_PIN_TRITON_AUTOTUNE=0 to restore sweep)
[pin-autotune] pinned mode: 18 kernels / 30 (name,key) configs from registry (set NDM_PIN_TRITON_AUTOTUNE=0 to restore sweep)
[pin-autotune] pinned mode: 18 kernels / 30 (name,key) configs from registry (set NDM_PIN_TRITON_AUTOTUNE=0 to restore sweep)
[pin-autotune] pinned mode: 18 kernels / 30 (name,key) configs from registry (set NDM_PIN_TRITON_AUTOTUNE=0 to restore sweep)
[pin-autotune] pinned mode: 18 kernels / 30 (name,key) configs from registry (set NDM_PIN_TRITON_AUTOTUNE=0 to restore sweep)
[pin-autotune] pinned mode: 18 kernels / 30 (name,key) configs from registry (set NDM_PIN_TRITON_AUTOTUNE=0 to restore sweep)
[e97-runtime] backend=hip path=e88-sequential-split-edit-triton use_triton=True use_chunked_e97=False e97_chunk_size=32 linear_state=False raw_write=False use_split_edit=True log_decay=True
[e97-runtime] backend=hip path=e88-sequential-split-edit-triton use_triton=True use_chunked_e97=False e97_chunk_size=32 linear_state=False raw_write=False use_split_edit=True log_decay=True
[e97-runtime] backend=hip path=e88-sequential-split-edit-triton use_triton=True use_chunked_e97=False e97_chunk_size=32 linear_state=False raw_write=False use_split_edit=True log_decay=True
[e97-runtime] backend=hip path=e88-sequential-split-edit-triton use_triton=True use_chunked_e97=False e97_chunk_size=32 linear_state=False raw_write=False use_split_edit=True log_decay=True
[e97-runtime] backend=hip path=e88-sequential-split-edit-triton use_triton=True use_chunked_e97=False e97_chunk_size=32 linear_state=False raw_write=False use_split_edit=True log_decay=True
[e97-runtime] backend=hip path=e88-sequential-split-edit-triton use_triton=True use_chunked_e97=False e97_chunk_size=32 linear_state=False raw_write=False use_split_edit=True log_decay=True
[e97-runtime] backend=hip path=e88-sequential-split-edit-triton use_triton=True use_chunked_e97=False e97_chunk_size=32 linear_state=False raw_write=False use_split_edit=True log_decay=True
[e97-runtime] backend=hip path=e88-sequential-split-edit-triton use_triton=True use_chunked_e97=False e97_chunk_size=32 linear_state=False raw_write=False use_split_edit=True log_decay=True
[e97-runtime] backend=hip path=e88-sequential-split-edit-triton use_triton=True use_chunked_e97=False e97_chunk_size=32 linear_state=False raw_write=False use_split_edit=True log_decay=True
[e97-runtime] backend=hip path=e88-sequential-split-edit-triton use_triton=True use_chunked_e97=False e97_chunk_size=32 linear_state=False raw_write=False use_split_edit=True log_decay=True
[e97-runtime] backend=hip path=e88-sequential-split-edit-triton use_triton=True use_chunked_e97=False e97_chunk_size=32 linear_state=False raw_write=False use_split_edit=True log_decay=True
[e97-runtime] backend=hip path=e88-sequential-split-edit-triton use_triton=True use_chunked_e97=False e97_chunk_size=32 linear_state=False raw_write=False use_split_edit=True log_decay=True
[e97-runtime] backend=hip path=e88-sequential-split-edit-triton use_triton=True use_chunked_e97=False e97_chunk_size=32 linear_state=False raw_write=False use_split_edit=True log_decay=True
[e97-runtime] backend=hip path=e88-sequential-split-edit-triton use_triton=True use_chunked_e97=False e97_chunk_size=32 linear_state=False raw_write=False use_split_edit=True log_decay=True
[e97-runtime] backend=hip path=e88-sequential-split-edit-triton use_triton=True use_chunked_e97=False e97_chunk_size=32 linear_state=False raw_write=False use_split_edit=True log_decay=True
[e97-runtime] backend=hip path=e88-sequential-split-edit-triton use_triton=True use_chunked_e97=False e97_chunk_size=32 linear_state=False raw_write=False use_split_edit=True log_decay=True
[e97-runtime] backend=hip path=e88-sequential-split-edit-triton use_triton=True use_chunked_e97=False e97_chunk_size=32 linear_state=False raw_write=False use_split_edit=True log_decay=True
[e97-runtime] backend=hip path=e88-sequential-split-edit-triton use_triton=True use_chunked_e97=False e97_chunk_size=32 linear_state=False raw_write=False use_split_edit=True log_decay=True
[e97-runtime] backend=hip path=e88-sequential-split-edit-triton use_triton=True use_chunked_e97=False e97_chunk_size=32 linear_state=False raw_write=False use_split_edit=True log_decay=True
[e97-runtime] backend=hip path=e88-sequential-split-edit-triton use_triton=True use_chunked_e97=False e97_chunk_size=32 linear_state=False raw_write=False use_split_edit=True log_decay=True
[e97-runtime] backend=hip path=e88-sequential-split-edit-triton use_triton=True use_chunked_e97=False e97_chunk_size=32 linear_state=False raw_write=False use_split_edit=True log_decay=True
[e97-runtime] backend=hip path=e88-sequential-split-edit-triton use_triton=True use_chunked_e97=False e97_chunk_size=32 linear_state=False raw_write=False use_split_edit=True log_decay=True
[e97-runtime] backend=hip path=e88-sequential-split-edit-triton use_triton=True use_chunked_e97=False e97_chunk_size=32 linear_state=False raw_write=False use_split_edit=True log_decay=True
[e97-runtime] backend=hip path=e88-sequential-split-edit-triton use_triton=True use_chunked_e97=False e97_chunk_size=32 linear_state=False raw_write=False use_split_edit=True log_decay=True
[e97-runtime] backend=hip path=e88-sequential-split-edit-triton use_triton=True use_chunked_e97=False e97_chunk_size=32 linear_state=False raw_write=False use_split_edit=True log_decay=True
[e97-runtime] backend=hip path=e88-sequential-split-edit-triton use_triton=True use_chunked_e97=False e97_chunk_size=32 linear_state=False raw_write=False use_split_edit=True log_decay=True
[e97-runtime] backend=hip path=e88-sequential-split-edit-triton use_triton=True use_chunked_e97=False e97_chunk_size=32 linear_state=False raw_write=False use_split_edit=True log_decay=True
[e97-runtime] backend=hip path=e88-sequential-split-edit-triton use_triton=True use_chunked_e97=False e97_chunk_size=32 linear_state=False raw_write=False use_split_edit=True log_decay=True
[e97-runtime] backend=hip path=e88-sequential-split-edit-triton use_triton=True use_chunked_e97=False e97_chunk_size=32 linear_state=False raw_write=False use_split_edit=True log_decay=True
[e97-runtime] backend=hip path=e88-sequential-split-edit-triton use_triton=True use_chunked_e97=False e97_chunk_size=32 linear_state=False raw_write=False use_split_edit=True log_decay=True
[e97-runtime] backend=hip path=e88-sequential-split-edit-triton use_triton=True use_chunked_e97=False e97_chunk_size=32 linear_state=False raw_write=False use_split_edit=True log_decay=True
[e97-runtime] backend=hip path=e88-sequential-split-edit-triton use_triton=True use_chunked_e97=False e97_chunk_size=32 linear_state=False raw_write=False use_split_edit=True log_decay=True
[e97-runtime] backend=hip path=e88-sequential-split-edit-triton use_triton=True use_chunked_e97=False e97_chunk_size=32 linear_state=False raw_write=False use_split_edit=True log_decay=True
[e97-runtime] backend=hip path=e88-sequential-split-edit-triton use_triton=True use_chunked_e97=False e97_chunk_size=32 linear_state=False raw_write=False use_split_edit=True log_decay=True
[e97-runtime] backend=hip path=e88-sequential-split-edit-triton use_triton=True use_chunked_e97=False e97_chunk_size=32 linear_state=False raw_write=False use_split_edit=True log_decay=True
[e97-runtime] backend=hip path=e88-sequential-split-edit-triton use_triton=True use_chunked_e97=False e97_chunk_size=32 linear_state=False raw_write=False use_split_edit=True log_decay=True
[e97-runtime] backend=hip path=e88-sequential-split-edit-triton use_triton=True use_chunked_e97=False e97_chunk_size=32 linear_state=False raw_write=False use_split_edit=True log_decay=True
[e97-runtime] backend=hip path=e88-sequential-split-edit-triton use_triton=True use_chunked_e97=False e97_chunk_size=32 linear_state=False raw_write=False use_split_edit=True log_decay=True
[e97-runtime] backend=hip path=e88-sequential-split-edit-triton use_triton=True use_chunked_e97=False e97_chunk_size=32 linear_state=False raw_write=False use_split_edit=True log_decay=True
[e97-runtime] backend=hip path=e88-sequential-split-edit-triton use_triton=True use_chunked_e97=False e97_chunk_size=32 linear_state=False raw_write=False use_split_edit=True log_decay=True
[e97-runtime] backend=hip path=e88-sequential-split-edit-triton use_triton=True use_chunked_e97=False e97_chunk_size=32 linear_state=False raw_write=False use_split_edit=True log_decay=True
[e97-runtime] backend=hip path=e88-sequential-split-edit-triton use_triton=True use_chunked_e97=False e97_chunk_size=32 linear_state=False raw_write=False use_split_edit=True log_decay=True
[e97-runtime] backend=hip path=e88-sequential-split-edit-triton use_triton=True use_chunked_e97=False e97_chunk_size=32 linear_state=False raw_write=False use_split_edit=True log_decay=True
[e97-runtime] backend=hip path=e88-sequential-split-edit-triton use_triton=True use_chunked_e97=False e97_chunk_size=32 linear_state=False raw_write=False use_split_edit=True log_decay=True
[e97-runtime] backend=hip path=e88-sequential-split-edit-triton use_triton=True use_chunked_e97=False e97_chunk_size=32 linear_state=False raw_write=False use_split_edit=True log_decay=True
[e97-runtime] backend=hip path=e88-sequential-split-edit-triton use_triton=True use_chunked_e97=False e97_chunk_size=32 linear_state=False raw_write=False use_split_edit=True log_decay=True
[e97-runtime] backend=hip path=e88-sequential-split-edit-triton use_triton=True use_chunked_e97=False e97_chunk_size=32 linear_state=False raw_write=False use_split_edit=True log_decay=True
[e97-runtime] backend=hip path=e88-sequential-split-edit-triton use_triton=True use_chunked_e97=False e97_chunk_size=32 linear_state=False raw_write=False use_split_edit=True log_decay=True
[e97-runtime] backend=hip path=e88-sequential-split-edit-triton use_triton=True use_chunked_e97=False e97_chunk_size=32 linear_state=False raw_write=False use_split_edit=True log_decay=True
[e97-runtime] backend=hip path=e88-sequential-split-edit-triton use_triton=True use_chunked_e97=False e97_chunk_size=32 linear_state=False raw_write=False use_split_edit=True log_decay=True
[e97-runtime] backend=hip path=e88-sequential-split-edit-triton use_triton=True use_chunked_e97=False e97_chunk_size=32 linear_state=False raw_write=False use_split_edit=True log_decay=True
[e97-runtime] backend=hip path=e88-sequential-split-edit-triton use_triton=True use_chunked_e97=False e97_chunk_size=32 linear_state=False raw_write=False use_split_edit=True log_decay=True
[e97-runtime] backend=hip path=e88-sequential-split-edit-triton use_triton=True use_chunked_e97=False e97_chunk_size=32 linear_state=False raw_write=False use_split_edit=True log_decay=True
[e97-runtime] backend=hip path=e88-sequential-split-edit-triton use_triton=True use_chunked_e97=False e97_chunk_size=32 linear_state=False raw_write=False use_split_edit=True log_decay=True
[e97-runtime] backend=hip path=e88-sequential-split-edit-triton use_triton=True use_chunked_e97=False e97_chunk_size=32 linear_state=False raw_write=False use_split_edit=True log_decay=True
[e97-runtime] backend=hip path=e88-sequential-split-edit-triton use_triton=True use_chunked_e97=False e97_chunk_size=32 linear_state=False raw_write=False use_split_edit=True log_decay=True
[e97-runtime] backend=hip path=e88-sequential-split-edit-triton use_triton=True use_chunked_e97=False e97_chunk_size=32 linear_state=False raw_write=False use_split_edit=True log_decay=True
[e97-runtime] backend=hip path=e88-sequential-split-edit-triton use_triton=True use_chunked_e97=False e97_chunk_size=32 linear_state=False raw_write=False use_split_edit=True log_decay=True
[e97-runtime] backend=hip path=e88-sequential-split-edit-triton use_triton=True use_chunked_e97=False e97_chunk_size=32 linear_state=False raw_write=False use_split_edit=True log_decay=True
[e97-runtime] backend=hip path=e88-sequential-split-edit-triton use_triton=True use_chunked_e97=False e97_chunk_size=32 linear_state=False raw_write=False use_split_edit=True log_decay=True
[e97-runtime] backend=hip path=e88-sequential-split-edit-triton use_triton=True use_chunked_e97=False e97_chunk_size=32 linear_state=False raw_write=False use_split_edit=True log_decay=True
[e97-runtime] backend=hip path=e88-sequential-split-edit-triton use_triton=True use_chunked_e97=False e97_chunk_size=32 linear_state=False raw_write=False use_split_edit=True log_decay=True
[e97-runtime] backend=hip path=e88-sequential-split-edit-triton use_triton=True use_chunked_e97=False e97_chunk_size=32 linear_state=False raw_write=False use_split_edit=True log_decay=True
[e97-runtime] backend=hip path=e88-sequential-split-edit-triton use_triton=True use_chunked_e97=False e97_chunk_size=32 linear_state=False raw_write=False use_split_edit=True log_decay=True
[e97-runtime] backend=hip path=e88-sequential-split-edit-triton use_triton=True use_chunked_e97=False e97_chunk_size=32 linear_state=False raw_write=False use_split_edit=True log_decay=True
[e97-runtime] backend=hip path=e88-sequential-split-edit-triton use_triton=True use_chunked_e97=False e97_chunk_size=32 linear_state=False raw_write=False use_split_edit=True log_decay=True
[e97-runtime] backend=hip path=e88-sequential-split-edit-triton use_triton=True use_chunked_e97=False e97_chunk_size=32 linear_state=False raw_write=False use_split_edit=True log_decay=True
[e97-runtime] backend=hip path=e88-sequential-split-edit-triton use_triton=True use_chunked_e97=False e97_chunk_size=32 linear_state=False raw_write=False use_split_edit=True log_decay=True
[e97-runtime] backend=hip path=e88-sequential-split-edit-triton use_triton=True use_chunked_e97=False e97_chunk_size=32 linear_state=False raw_write=False use_split_edit=True log_decay=True
[e97-runtime] backend=hip path=e88-sequential-split-edit-triton use_triton=True use_chunked_e97=False e97_chunk_size=32 linear_state=False raw_write=False use_split_edit=True log_decay=True
[e97-runtime] backend=hip path=e88-sequential-split-edit-triton use_triton=True use_chunked_e97=False e97_chunk_size=32 linear_state=False raw_write=False use_split_edit=True log_decay=True
[e97-runtime] backend=hip path=e88-sequential-split-edit-triton use_triton=True use_chunked_e97=False e97_chunk_size=32 linear_state=False raw_write=False use_split_edit=True log_decay=True
[e97-runtime] backend=hip path=e88-sequential-split-edit-triton use_triton=True use_chunked_e97=False e97_chunk_size=32 linear_state=False raw_write=False use_split_edit=True log_decay=True
[e97-runtime] backend=hip path=e88-sequential-split-edit-triton use_triton=True use_chunked_e97=False e97_chunk_size=32 linear_state=False raw_write=False use_split_edit=True log_decay=True
[e97-runtime] backend=hip path=e88-sequential-split-edit-triton use_triton=True use_chunked_e97=False e97_chunk_size=32 linear_state=False raw_write=False use_split_edit=True log_decay=True
[e97-runtime] backend=hip path=e88-sequential-split-edit-triton use_triton=True use_chunked_e97=False e97_chunk_size=32 linear_state=False raw_write=False use_split_edit=True log_decay=True
[e97-runtime] backend=hip path=e88-sequential-split-edit-triton use_triton=True use_chunked_e97=False e97_chunk_size=32 linear_state=False raw_write=False use_split_edit=True log_decay=True
[e97-runtime] backend=hip path=e88-sequential-split-edit-triton use_triton=True use_chunked_e97=False e97_chunk_size=32 linear_state=False raw_write=False use_split_edit=True log_decay=True
[e97-runtime] backend=hip path=e88-sequential-split-edit-triton use_triton=True use_chunked_e97=False e97_chunk_size=32 linear_state=False raw_write=False use_split_edit=True log_decay=True
[e97-runtime] backend=hip path=e88-sequential-split-edit-triton use_triton=True use_chunked_e97=False e97_chunk_size=32 linear_state=False raw_write=False use_split_edit=True log_decay=True
[e97-runtime] backend=hip path=e88-sequential-split-edit-triton use_triton=True use_chunked_e97=False e97_chunk_size=32 linear_state=False raw_write=False use_split_edit=True log_decay=True
[e97-runtime] backend=hip path=e88-sequential-split-edit-triton use_triton=True use_chunked_e97=False e97_chunk_size=32 linear_state=False raw_write=False use_split_edit=True log_decay=True
[e97-runtime] backend=hip path=e88-sequential-split-edit-triton use_triton=True use_chunked_e97=False e97_chunk_size=32 linear_state=False raw_write=False use_split_edit=True log_decay=True
[e97-runtime] backend=hip path=e88-sequential-split-edit-triton use_triton=True use_chunked_e97=False e97_chunk_size=32 linear_state=False raw_write=False use_split_edit=True log_decay=True
[e97-runtime] backend=hip path=e88-sequential-split-edit-triton use_triton=True use_chunked_e97=False e97_chunk_size=32 linear_state=False raw_write=False use_split_edit=True log_decay=True
[e97-runtime] backend=hip path=e88-sequential-split-edit-triton use_triton=True use_chunked_e97=False e97_chunk_size=32 linear_state=False raw_write=False use_split_edit=True log_decay=True
[e97-runtime] backend=hip path=e88-sequential-split-edit-triton use_triton=True use_chunked_e97=False e97_chunk_size=32 linear_state=False raw_write=False use_split_edit=True log_decay=True
[e97-runtime] backend=hip path=e88-sequential-split-edit-triton use_triton=True use_chunked_e97=False e97_chunk_size=32 linear_state=False raw_write=False use_split_edit=True log_decay=True
/lustre/orion/bif148/scratch/erikgarrison/emender/.wg-worktrees/agent-811/train.py:1455: UserWarning: Converting a tensor with requires_grad=True to a scalar may lead to unexpected behavior.
Consider using tensor.detach() first. (Triggered internally at /pytorch/aten/src/ATen/native/Scalar.cpp:22.)
  total_loss += float(loss.item())
/lustre/orion/bif148/scratch/erikgarrison/emender/.wg-worktrees/agent-811/train.py:1455: UserWarning: Converting a tensor with requires_grad=True to a scalar may lead to unexpected behavior.
Consider using tensor.detach() first. (Triggered internally at /pytorch/aten/src/ATen/native/Scalar.cpp:22.)
  total_loss += float(loss.item())
/lustre/orion/bif148/scratch/erikgarrison/emender/.wg-worktrees/agent-811/train.py:1455: UserWarning: Converting a tensor with requires_grad=True to a scalar may lead to unexpected behavior.
Consider using tensor.detach() first. (Triggered internally at /pytorch/aten/src/ATen/native/Scalar.cpp:22.)
  total_loss += float(loss.item())
/lustre/orion/bif148/scratch/erikgarrison/emender/.wg-worktrees/agent-811/train.py:1455: UserWarning: Converting a tensor with requires_grad=True to a scalar may lead to unexpected behavior.
Consider using tensor.detach() first. (Triggered internally at /pytorch/aten/src/ATen/native/Scalar.cpp:22.)
  total_loss += float(loss.item())
/lustre/orion/bif148/scratch/erikgarrison/emender/.wg-worktrees/agent-811/train.py:1455: UserWarning: Converting a tensor with requires_grad=True to a scalar may lead to unexpected behavior.
Consider using tensor.detach() first. (Triggered internally at /pytorch/aten/src/ATen/native/Scalar.cpp:22.)
  total_loss += float(loss.item())
/lustre/orion/bif148/scratch/erikgarrison/emender/.wg-worktrees/agent-811/train.py:1455: UserWarning: Converting a tensor with requires_grad=True to a scalar may lead to unexpected behavior.
Consider using tensor.detach() first. (Triggered internally at /pytorch/aten/src/ATen/native/Scalar.cpp:22.)
  total_loss += float(loss.item())
/lustre/orion/bif148/scratch/erikgarrison/emender/.wg-worktrees/agent-811/train.py:1455: UserWarning: Converting a tensor with requires_grad=True to a scalar may lead to unexpected behavior.
Consider using tensor.detach() first. (Triggered internally at /pytorch/aten/src/ATen/native/Scalar.cpp:22.)
  total_loss += float(loss.item())
/lustre/orion/bif148/scratch/erikgarrison/emender/.wg-worktrees/agent-811/train.py:1455: UserWarning: Converting a tensor with requires_grad=True to a scalar may lead to unexpected behavior.
Consider using tensor.detach() first. (Triggered internally at /pytorch/aten/src/ATen/native/Scalar.cpp:22.)
  total_loss += float(loss.item())
Traceback (most recent call last):
  File "/lustre/orion/bif148/scratch/erikgarrison/emender/.wg-worktrees/agent-811/scripts/frontier/e97_async_diloco_train.py", line 304, in <module>
    raise SystemExit(main())
  File "/lustre/orion/bif148/scratch/erikgarrison/emender/.wg-worktrees/agent-811/scripts/frontier/e97_async_diloco_train.py", line 213, in main
    result = run_real_async_diloco_file_rank(RealAsyncFileRankConfig(
  File "/lustre/orion/bif148/scratch/erikgarrison/emender/.wg-worktrees/agent-811/ndm/async_diloco_real.py", line 397, in run_real_async_diloco_file_rank
    root_payload = _coordinate_compiled_mpich_dense_rank(
  File "/lustre/orion/bif148/scratch/erikgarrison/emender/.wg-worktrees/agent-811/ndm/async_diloco_real.py", line 1417, in _coordinate_compiled_mpich_dense_rank
    payload = run_compiled_mpich_dense_quorum(
  File "/lustre/orion/bif148/scratch/erikgarrison/emender/.wg-worktrees/agent-811/ndm/async_diloco_compiled_mpich.py", line 97, in run_compiled_mpich_dense_quorum
    completed = subprocess.run(
  File "/autofs/nccs-svm1_sw/frontier/miniforge3/23.11.0-0/lib/python3.10/subprocess.py", line 505, in run
    stdout, stderr = process.communicate(input, timeout=timeout)
  File "/autofs/nccs-svm1_sw/frontier/miniforge3/23.11.0-0/lib/python3.10/subprocess.py", line 1154, in communicate
    stdout, stderr = self._communicate(input, endtime, timeout)
  File "/autofs/nccs-svm1_sw/frontier/miniforge3/23.11.0-0/lib/python3.10/subprocess.py", line 2022, in _communicate
    self._check_timeout(endtime, orig_timeout, stdout, stderr)
  File "/autofs/nccs-svm1_sw/frontier/miniforge3/23.11.0-0/lib/python3.10/subprocess.py", line 1198, in _check_timeout
    raise TimeoutExpired(
subprocess.TimeoutExpired: Command '['/lustre/orion/bif148/proj-shared/emender/frontier_runs/debug/trainpy_async_quorum_smoke/20260707/E97_1.3B_step1065000_trainpy_compiled_helper_1n/4953961-20260707T224908Z/artifacts/compiled_mpich_dense_helper', '--ipc-dir', '/lustre/orion/bif148/proj-shared/emender/frontier_runs/debug/trainpy_async_quorum_smoke/20260707/E97_1.3B_step1065000_trainpy_compiled_helper_1n/4953961-20260707T224908Z/async_run/ipc', '--request', '/lustre/orion/bif148/proj-shared/emender/frontier_runs/debug/trainpy_async_quorum_smoke/20260707/E97_1.3B_step1065000_trainpy_compiled_helper_1n/4953961-20260707T224908Z/async_run/ipc/rank_00001/request.gen000000.json', '--run-once']' timed out after 150.0 seconds
Traceback (most recent call last):
  File "/lustre/orion/bif148/scratch/erikgarrison/emender/.wg-worktrees/agent-811/scripts/frontier/e97_async_diloco_train.py", line 304, in <module>
    raise SystemExit(main())
  File "/lustre/orion/bif148/scratch/erikgarrison/emender/.wg-worktrees/agent-811/scripts/frontier/e97_async_diloco_train.py", line 213, in main
    result = run_real_async_diloco_file_rank(RealAsyncFileRankConfig(
  File "/lustre/orion/bif148/scratch/erikgarrison/emender/.wg-worktrees/agent-811/ndm/async_diloco_real.py", line 397, in run_real_async_diloco_file_rank
    root_payload = _coordinate_compiled_mpich_dense_rank(
  File "/lustre/orion/bif148/scratch/erikgarrison/emender/.wg-worktrees/agent-811/ndm/async_diloco_real.py", line 1417, in _coordinate_compiled_mpich_dense_rank
    payload = run_compiled_mpich_dense_quorum(
  File "/lustre/orion/bif148/scratch/erikgarrison/emender/.wg-worktrees/agent-811/ndm/async_diloco_compiled_mpich.py", line 97, in run_compiled_mpich_dense_quorum
    completed = subprocess.run(
  File "/autofs/nccs-svm1_sw/frontier/miniforge3/23.11.0-0/lib/python3.10/subprocess.py", line 505, in run
    stdout, stderr = process.communicate(input, timeout=timeout)
  File "/autofs/nccs-svm1_sw/frontier/miniforge3/23.11.0-0/lib/python3.10/subprocess.py", line 1154, in communicate
    stdout, stderr = self._communicate(input, endtime, timeout)
  File "/autofs/nccs-svm1_sw/frontier/miniforge3/23.11.0-0/lib/python3.10/subprocess.py", line 2022, in _communicate
    self._check_timeout(endtime, orig_timeout, stdout, stderr)
  File "/autofs/nccs-svm1_sw/frontier/miniforge3/23.11.0-0/lib/python3.10/subprocess.py", line 1198, in _check_timeout
    raise TimeoutExpired(
subprocess.TimeoutExpired: Command '['/lustre/orion/bif148/proj-shared/emender/frontier_runs/debug/trainpy_async_quorum_smoke/20260707/E97_1.3B_step1065000_trainpy_compiled_helper_1n/4953961-20260707T224908Z/artifacts/compiled_mpich_dense_helper', '--ipc-dir', '/lustre/orion/bif148/proj-shared/emender/frontier_runs/debug/trainpy_async_quorum_smoke/20260707/E97_1.3B_step1065000_trainpy_compiled_helper_1n/4953961-20260707T224908Z/async_run/ipc', '--request', '/lustre/orion/bif148/proj-shared/emender/frontier_runs/debug/trainpy_async_quorum_smoke/20260707/E97_1.3B_step1065000_trainpy_compiled_helper_1n/4953961-20260707T224908Z/async_run/ipc/rank_00000/request.gen000000.json', '--run-once']' timed out after 150.0 seconds
Traceback (most recent call last):
  File "/lustre/orion/bif148/scratch/erikgarrison/emender/.wg-worktrees/agent-811/scripts/frontier/e97_async_diloco_train.py", line 304, in <module>
    raise SystemExit(main())
  File "/lustre/orion/bif148/scratch/erikgarrison/emender/.wg-worktrees/agent-811/scripts/frontier/e97_async_diloco_train.py", line 213, in main
    result = run_real_async_diloco_file_rank(RealAsyncFileRankConfig(
  File "/lustre/orion/bif148/scratch/erikgarrison/emender/.wg-worktrees/agent-811/ndm/async_diloco_real.py", line 397, in run_real_async_diloco_file_rank
    root_payload = _coordinate_compiled_mpich_dense_rank(
  File "/lustre/orion/bif148/scratch/erikgarrison/emender/.wg-worktrees/agent-811/ndm/async_diloco_real.py", line 1417, in _coordinate_compiled_mpich_dense_rank
    payload = run_compiled_mpich_dense_quorum(
  File "/lustre/orion/bif148/scratch/erikgarrison/emender/.wg-worktrees/agent-811/ndm/async_diloco_compiled_mpich.py", line 97, in run_compiled_mpich_dense_quorum
    completed = subprocess.run(
  File "/autofs/nccs-svm1_sw/frontier/miniforge3/23.11.0-0/lib/python3.10/subprocess.py", line 505, in run
    stdout, stderr = process.communicate(input, timeout=timeout)
  File "/autofs/nccs-svm1_sw/frontier/miniforge3/23.11.0-0/lib/python3.10/subprocess.py", line 1154, in communicate
    stdout, stderr = self._communicate(input, endtime, timeout)
  File "/autofs/nccs-svm1_sw/frontier/miniforge3/23.11.0-0/lib/python3.10/subprocess.py", line 2022, in _communicate
    self._check_timeout(endtime, orig_timeout, stdout, stderr)
  File "/autofs/nccs-svm1_sw/frontier/miniforge3/23.11.0-0/lib/python3.10/subprocess.py", line 1198, in _check_timeout
    raise TimeoutExpired(
subprocess.TimeoutExpired: Command '['/lustre/orion/bif148/proj-shared/emender/frontier_runs/debug/trainpy_async_quorum_smoke/20260707/E97_1.3B_step1065000_trainpy_compiled_helper_1n/4953961-20260707T224908Z/artifacts/compiled_mpich_dense_helper', '--ipc-dir', '/lustre/orion/bif148/proj-shared/emender/frontier_runs/debug/trainpy_async_quorum_smoke/20260707/E97_1.3B_step1065000_trainpy_compiled_helper_1n/4953961-20260707T224908Z/async_run/ipc', '--request', '/lustre/orion/bif148/proj-shared/emender/frontier_runs/debug/trainpy_async_quorum_smoke/20260707/E97_1.3B_step1065000_trainpy_compiled_helper_1n/4953961-20260707T224908Z/async_run/ipc/rank_00005/request.gen000000.json', '--run-once']' timed out after 150.0 seconds
Traceback (most recent call last):
  File "/lustre/orion/bif148/scratch/erikgarrison/emender/.wg-worktrees/agent-811/scripts/frontier/e97_async_diloco_train.py", line 304, in <module>
    raise SystemExit(main())
  File "/lustre/orion/bif148/scratch/erikgarrison/emender/.wg-worktrees/agent-811/scripts/frontier/e97_async_diloco_train.py", line 213, in main
    result = run_real_async_diloco_file_rank(RealAsyncFileRankConfig(
  File "/lustre/orion/bif148/scratch/erikgarrison/emender/.wg-worktrees/agent-811/ndm/async_diloco_real.py", line 397, in run_real_async_diloco_file_rank
    root_payload = _coordinate_compiled_mpich_dense_rank(
  File "/lustre/orion/bif148/scratch/erikgarrison/emender/.wg-worktrees/agent-811/ndm/async_diloco_real.py", line 1417, in _coordinate_compiled_mpich_dense_rank
    payload = run_compiled_mpich_dense_quorum(
  File "/lustre/orion/bif148/scratch/erikgarrison/emender/.wg-worktrees/agent-811/ndm/async_diloco_compiled_mpich.py", line 97, in run_compiled_mpich_dense_quorum
    completed = subprocess.run(
  File "/autofs/nccs-svm1_sw/frontier/miniforge3/23.11.0-0/lib/python3.10/subprocess.py", line 505, in run
    stdout, stderr = process.communicate(input, timeout=timeout)
  File "/autofs/nccs-svm1_sw/frontier/miniforge3/23.11.0-0/lib/python3.10/subprocess.py", line 1154, in communicate
    stdout, stderr = self._communicate(input, endtime, timeout)
  File "/autofs/nccs-svm1_sw/frontier/miniforge3/23.11.0-0/lib/python3.10/subprocess.py", line 2022, in _communicate
    self._check_timeout(endtime, orig_timeout, stdout, stderr)
  File "/autofs/nccs-svm1_sw/frontier/miniforge3/23.11.0-0/lib/python3.10/subprocess.py", line 1198, in _check_timeout
    raise TimeoutExpired(
subprocess.TimeoutExpired: Command '['/lustre/orion/bif148/proj-shared/emender/frontier_runs/debug/trainpy_async_quorum_smoke/20260707/E97_1.3B_step1065000_trainpy_compiled_helper_1n/4953961-20260707T224908Z/artifacts/compiled_mpich_dense_helper', '--ipc-dir', '/lustre/orion/bif148/proj-shared/emender/frontier_runs/debug/trainpy_async_quorum_smoke/20260707/E97_1.3B_step1065000_trainpy_compiled_helper_1n/4953961-20260707T224908Z/async_run/ipc', '--request', '/lustre/orion/bif148/proj-shared/emender/frontier_runs/debug/trainpy_async_quorum_smoke/20260707/E97_1.3B_step1065000_trainpy_compiled_helper_1n/4953961-20260707T224908Z/async_run/ipc/rank_00004/request.gen000000.json', '--run-once']' timed out after 150.0 seconds
Traceback (most recent call last):
  File "/lustre/orion/bif148/scratch/erikgarrison/emender/.wg-worktrees/agent-811/scripts/frontier/e97_async_diloco_train.py", line 304, in <module>
    raise SystemExit(main())
  File "/lustre/orion/bif148/scratch/erikgarrison/emender/.wg-worktrees/agent-811/scripts/frontier/e97_async_diloco_train.py", line 213, in main
    result = run_real_async_diloco_file_rank(RealAsyncFileRankConfig(
  File "/lustre/orion/bif148/scratch/erikgarrison/emender/.wg-worktrees/agent-811/ndm/async_diloco_real.py", line 397, in run_real_async_diloco_file_rank
    root_payload = _coordinate_compiled_mpich_dense_rank(
  File "/lustre/orion/bif148/scratch/erikgarrison/emender/.wg-worktrees/agent-811/ndm/async_diloco_real.py", line 1417, in _coordinate_compiled_mpich_dense_rank
    payload = run_compiled_mpich_dense_quorum(
  File "/lustre/orion/bif148/scratch/erikgarrison/emender/.wg-worktrees/agent-811/ndm/async_diloco_compiled_mpich.py", line 97, in run_compiled_mpich_dense_quorum
    completed = subprocess.run(
  File "/autofs/nccs-svm1_sw/frontier/miniforge3/23.11.0-0/lib/python3.10/subprocess.py", line 505, in run
    stdout, stderr = process.communicate(input, timeout=timeout)
  File "/autofs/nccs-svm1_sw/frontier/miniforge3/23.11.0-0/lib/python3.10/subprocess.py", line 1154, in communicate
    stdout, stderr = self._communicate(input, endtime, timeout)
  File "/autofs/nccs-svm1_sw/frontier/miniforge3/23.11.0-0/lib/python3.10/subprocess.py", line 2022, in _communicate
    self._check_timeout(endtime, orig_timeout, stdout, stderr)
  File "/autofs/nccs-svm1_sw/frontier/miniforge3/23.11.0-0/lib/python3.10/subprocess.py", line 1198, in _check_timeout
    raise TimeoutExpired(
subprocess.TimeoutExpired: Command '['/lustre/orion/bif148/proj-shared/emender/frontier_runs/debug/trainpy_async_quorum_smoke/20260707/E97_1.3B_step1065000_trainpy_compiled_helper_1n/4953961-20260707T224908Z/artifacts/compiled_mpich_dense_helper', '--ipc-dir', '/lustre/orion/bif148/proj-shared/emender/frontier_runs/debug/trainpy_async_quorum_smoke/20260707/E97_1.3B_step1065000_trainpy_compiled_helper_1n/4953961-20260707T224908Z/async_run/ipc', '--request', '/lustre/orion/bif148/proj-shared/emender/frontier_runs/debug/trainpy_async_quorum_smoke/20260707/E97_1.3B_step1065000_trainpy_compiled_helper_1n/4953961-20260707T224908Z/async_run/ipc/rank_00007/request.gen000000.json', '--run-once']' timed out after 150.0 seconds
Traceback (most recent call last):
  File "/lustre/orion/bif148/scratch/erikgarrison/emender/.wg-worktrees/agent-811/scripts/frontier/e97_async_diloco_train.py", line 304, in <module>
    raise SystemExit(main())
  File "/lustre/orion/bif148/scratch/erikgarrison/emender/.wg-worktrees/agent-811/scripts/frontier/e97_async_diloco_train.py", line 213, in main
    result = run_real_async_diloco_file_rank(RealAsyncFileRankConfig(
  File "/lustre/orion/bif148/scratch/erikgarrison/emender/.wg-worktrees/agent-811/ndm/async_diloco_real.py", line 397, in run_real_async_diloco_file_rank
    root_payload = _coordinate_compiled_mpich_dense_rank(
  File "/lustre/orion/bif148/scratch/erikgarrison/emender/.wg-worktrees/agent-811/ndm/async_diloco_real.py", line 1417, in _coordinate_compiled_mpich_dense_rank
    payload = run_compiled_mpich_dense_quorum(
  File "/lustre/orion/bif148/scratch/erikgarrison/emender/.wg-worktrees/agent-811/ndm/async_diloco_compiled_mpich.py", line 97, in run_compiled_mpich_dense_quorum
    completed = subprocess.run(
  File "/autofs/nccs-svm1_sw/frontier/miniforge3/23.11.0-0/lib/python3.10/subprocess.py", line 505, in run
    stdout, stderr = process.communicate(input, timeout=timeout)
  File "/autofs/nccs-svm1_sw/frontier/miniforge3/23.11.0-0/lib/python3.10/subprocess.py", line 1154, in communicate
    stdout, stderr = self._communicate(input, endtime, timeout)
  File "/autofs/nccs-svm1_sw/frontier/miniforge3/23.11.0-0/lib/python3.10/subprocess.py", line 2022, in _communicate
    self._check_timeout(endtime, orig_timeout, stdout, stderr)
  File "/autofs/nccs-svm1_sw/frontier/miniforge3/23.11.0-0/lib/python3.10/subprocess.py", line 1198, in _check_timeout
    raise TimeoutExpired(
subprocess.TimeoutExpired: Command '['/lustre/orion/bif148/proj-shared/emender/frontier_runs/debug/trainpy_async_quorum_smoke/20260707/E97_1.3B_step1065000_trainpy_compiled_helper_1n/4953961-20260707T224908Z/artifacts/compiled_mpich_dense_helper', '--ipc-dir', '/lustre/orion/bif148/proj-shared/emender/frontier_runs/debug/trainpy_async_quorum_smoke/20260707/E97_1.3B_step1065000_trainpy_compiled_helper_1n/4953961-20260707T224908Z/async_run/ipc', '--request', '/lustre/orion/bif148/proj-shared/emender/frontier_runs/debug/trainpy_async_quorum_smoke/20260707/E97_1.3B_step1065000_trainpy_compiled_helper_1n/4953961-20260707T224908Z/async_run/ipc/rank_00006/request.gen000000.json', '--run-once']' timed out after 150.0 seconds
Traceback (most recent call last):
  File "/lustre/orion/bif148/scratch/erikgarrison/emender/.wg-worktrees/agent-811/scripts/frontier/e97_async_diloco_train.py", line 304, in <module>
    raise SystemExit(main())
  File "/lustre/orion/bif148/scratch/erikgarrison/emender/.wg-worktrees/agent-811/scripts/frontier/e97_async_diloco_train.py", line 213, in main
    result = run_real_async_diloco_file_rank(RealAsyncFileRankConfig(
  File "/lustre/orion/bif148/scratch/erikgarrison/emender/.wg-worktrees/agent-811/ndm/async_diloco_real.py", line 397, in run_real_async_diloco_file_rank
    root_payload = _coordinate_compiled_mpich_dense_rank(
  File "/lustre/orion/bif148/scratch/erikgarrison/emender/.wg-worktrees/agent-811/ndm/async_diloco_real.py", line 1417, in _coordinate_compiled_mpich_dense_rank
    payload = run_compiled_mpich_dense_quorum(
  File "/lustre/orion/bif148/scratch/erikgarrison/emender/.wg-worktrees/agent-811/ndm/async_diloco_compiled_mpich.py", line 97, in run_compiled_mpich_dense_quorum
    completed = subprocess.run(
  File "/autofs/nccs-svm1_sw/frontier/miniforge3/23.11.0-0/lib/python3.10/subprocess.py", line 505, in run
    stdout, stderr = process.communicate(input, timeout=timeout)
  File "/autofs/nccs-svm1_sw/frontier/miniforge3/23.11.0-0/lib/python3.10/subprocess.py", line 1154, in communicate
    stdout, stderr = self._communicate(input, endtime, timeout)
  File "/autofs/nccs-svm1_sw/frontier/miniforge3/23.11.0-0/lib/python3.10/subprocess.py", line 2022, in _communicate
    self._check_timeout(endtime, orig_timeout, stdout, stderr)
  File "/autofs/nccs-svm1_sw/frontier/miniforge3/23.11.0-0/lib/python3.10/subprocess.py", line 1198, in _check_timeout
    raise TimeoutExpired(
subprocess.TimeoutExpired: Command '['/lustre/orion/bif148/proj-shared/emender/frontier_runs/debug/trainpy_async_quorum_smoke/20260707/E97_1.3B_step1065000_trainpy_compiled_helper_1n/4953961-20260707T224908Z/artifacts/compiled_mpich_dense_helper', '--ipc-dir', '/lustre/orion/bif148/proj-shared/emender/frontier_runs/debug/trainpy_async_quorum_smoke/20260707/E97_1.3B_step1065000_trainpy_compiled_helper_1n/4953961-20260707T224908Z/async_run/ipc', '--request', '/lustre/orion/bif148/proj-shared/emender/frontier_runs/debug/trainpy_async_quorum_smoke/20260707/E97_1.3B_step1065000_trainpy_compiled_helper_1n/4953961-20260707T224908Z/async_run/ipc/rank_00003/request.gen000000.json', '--run-once']' timed out after 150.0 seconds
Traceback (most recent call last):
  File "/lustre/orion/bif148/scratch/erikgarrison/emender/.wg-worktrees/agent-811/scripts/frontier/e97_async_diloco_train.py", line 304, in <module>
    raise SystemExit(main())
  File "/lustre/orion/bif148/scratch/erikgarrison/emender/.wg-worktrees/agent-811/scripts/frontier/e97_async_diloco_train.py", line 213, in main
    result = run_real_async_diloco_file_rank(RealAsyncFileRankConfig(
  File "/lustre/orion/bif148/scratch/erikgarrison/emender/.wg-worktrees/agent-811/ndm/async_diloco_real.py", line 397, in run_real_async_diloco_file_rank
    root_payload = _coordinate_compiled_mpich_dense_rank(
  File "/lustre/orion/bif148/scratch/erikgarrison/emender/.wg-worktrees/agent-811/ndm/async_diloco_real.py", line 1417, in _coordinate_compiled_mpich_dense_rank
    payload = run_compiled_mpich_dense_quorum(
  File "/lustre/orion/bif148/scratch/erikgarrison/emender/.wg-worktrees/agent-811/ndm/async_diloco_compiled_mpich.py", line 97, in run_compiled_mpich_dense_quorum
    completed = subprocess.run(
  File "/autofs/nccs-svm1_sw/frontier/miniforge3/23.11.0-0/lib/python3.10/subprocess.py", line 505, in run
    stdout, stderr = process.communicate(input, timeout=timeout)
  File "/autofs/nccs-svm1_sw/frontier/miniforge3/23.11.0-0/lib/python3.10/subprocess.py", line 1154, in communicate
    stdout, stderr = self._communicate(input, endtime, timeout)
  File "/autofs/nccs-svm1_sw/frontier/miniforge3/23.11.0-0/lib/python3.10/subprocess.py", line 2022, in _communicate
    self._check_timeout(endtime, orig_timeout, stdout, stderr)
  File "/autofs/nccs-svm1_sw/frontier/miniforge3/23.11.0-0/lib/python3.10/subprocess.py", line 1198, in _check_timeout
    raise TimeoutExpired(
subprocess.TimeoutExpired: Command '['/lustre/orion/bif148/proj-shared/emender/frontier_runs/debug/trainpy_async_quorum_smoke/20260707/E97_1.3B_step1065000_trainpy_compiled_helper_1n/4953961-20260707T224908Z/artifacts/compiled_mpich_dense_helper', '--ipc-dir', '/lustre/orion/bif148/proj-shared/emender/frontier_runs/debug/trainpy_async_quorum_smoke/20260707/E97_1.3B_step1065000_trainpy_compiled_helper_1n/4953961-20260707T224908Z/async_run/ipc', '--request', '/lustre/orion/bif148/proj-shared/emender/frontier_runs/debug/trainpy_async_quorum_smoke/20260707/E97_1.3B_step1065000_trainpy_compiled_helper_1n/4953961-20260707T224908Z/async_run/ipc/rank_00002/request.gen000000.json', '--run-once']' timed out after 150.0 seconds
srun: error: frontier00049: task 1: Exited with exit code 1
srun: Terminating StepId=4953961.0
[2026-07-07T18:53:53.958] error: *** STEP 4953961.0 ON frontier00049 CANCELLED AT 2026-07-07T18:53:53 DUE TO TASK FAILURE ***
srun: error: frontier00049: task 0: Exited with exit code 1
srun: error: frontier00049: tasks 4-7: Terminated
srun: error: frontier00049: tasks 2-3: Terminated
srun: Force Terminated StepId=4953961.0
