[pin-autotune] pinned mode: 18 kernels / 30 (name,key) configs from registry (set NDM_PIN_TRITON_AUTOTUNE=0 to restore sweep)
Traceback (most recent call last):
  File "/lustre/orion/bif148/proj-shared/emender/source-snapshots/emender-48b280b7a0/scripts/frontier/resilient_e97_role.py", line 2543, in <module>
    raise SystemExit(main())
                     ^^^^^^
  File "/lustre/orion/bif148/proj-shared/emender/source-snapshots/emender-48b280b7a0/scripts/frontier/resilient_e97_role.py", line 2539, in main
    return manager(args) if args.role == "manager" else trainer(args)
                                                        ^^^^^^^^^^^^^
  File "/lustre/orion/bif148/proj-shared/emender/source-snapshots/emender-48b280b7a0/scripts/frontier/resilient_e97_role.py", line 2363, in trainer
    manifest, aggregate = native_context.__enter__()
                          ^^^^^^^^^^^^^^^^^^^^^^^^^^
  File "/lustre/orion/bif148/scratch/erikgarrison/emender/.envs/olcf-rocm711-torch210-py312/lib/python3.12/contextlib.py", line 137, in __enter__
    return next(self.gen)
           ^^^^^^^^^^^^^^
  File "/lustre/orion/bif148/proj-shared/emender/source-snapshots/emender-48b280b7a0/ndm/native_e97_runtime.py", line 522, in result_shards
    value = wait_metadata(
            ^^^^^^^^^^^^^^
  File "/lustre/orion/bif148/proj-shared/emender/source-snapshots/emender-48b280b7a0/ndm/native_e97_runtime.py", line 65, in wait_metadata
    raise TimeoutError(f"native metadata deadline expired for {target}: {last}")
TimeoutError: native metadata deadline expired for /tmp/e32-f17-clean-095924/npv1f-progress-20260719T223459Z-f56e27a/node-31/control/native-result-00000014.json: [Errno 2] No such file or directory: '/tmp/e32-f17-clean-095924/npv1f-progress-20260719T223459Z-f56e27a/node-31/control/native-result-00000014.json'
[pin-autotune] pinned mode: 18 kernels / 30 (name,key) configs from registry (set NDM_PIN_TRITON_AUTOTUNE=0 to restore sweep)
Traceback (most recent call last):
  File "/lustre/orion/bif148/proj-shared/emender/source-snapshots/emender-48b280b7a0/scripts/frontier/resilient_e97_role.py", line 2543, in <module>
    raise SystemExit(main())
                     ^^^^^^
  File "/lustre/orion/bif148/proj-shared/emender/source-snapshots/emender-48b280b7a0/scripts/frontier/resilient_e97_role.py", line 2539, in main
    return manager(args) if args.role == "manager" else trainer(args)
                                                        ^^^^^^^^^^^^^
  File "/lustre/orion/bif148/proj-shared/emender/source-snapshots/emender-48b280b7a0/scripts/frontier/resilient_e97_role.py", line 2326, in trainer
    raise RuntimeError(report.error or "real E97 trainer produced no update")
RuntimeError: InterruptedError: allocation TERM requested during local training
[pin-autotune] pinned mode: 18 kernels / 30 (name,key) configs from registry (set NDM_PIN_TRITON_AUTOTUNE=0 to restore sweep)
Traceback (most recent call last):
  File "/lustre/orion/bif148/proj-shared/emender/source-snapshots/emender-3ef0610ae7/scripts/frontier/resilient_e97_role.py", line 2543, in <module>
    raise SystemExit(main())
                     ^^^^^^
  File "/lustre/orion/bif148/proj-shared/emender/source-snapshots/emender-3ef0610ae7/scripts/frontier/resilient_e97_role.py", line 2539, in main
    return manager(args) if args.role == "manager" else trainer(args)
                                                        ^^^^^^^^^^^^^
  File "/lustre/orion/bif148/proj-shared/emender/source-snapshots/emender-3ef0610ae7/scripts/frontier/resilient_e97_role.py", line 2389, in trainer
    native_context.__exit__(None, None, None)
  File "/lustre/orion/bif148/scratch/erikgarrison/emender/.envs/olcf-rocm711-torch210-py312/lib/python3.12/contextlib.py", line 144, in __exit__
    next(self.gen)
  File "/lustre/orion/bif148/proj-shared/emender/source-snapshots/emender-3ef0610ae7/ndm/native_e97_runtime.py", line 575, in result_shards
    view.close()
  File "/lustre/orion/bif148/proj-shared/emender/source-snapshots/emender-3ef0610ae7/ndm/native_dataplane.py", line 680, in close
    self.client.native.check(code, "ndp_buffer_release_v1")
  File "/lustre/orion/bif148/proj-shared/emender/source-snapshots/emender-3ef0610ae7/ndm/native_dataplane.py", line 532, in check
    raise error_type(code, operation, detail)
ndm.native_dataplane.NativeDataplaneError: ndp_buffer_release_v1: route failure (-12)
[pin-autotune] pinned mode: 18 kernels / 30 (name,key) configs from registry (set NDM_PIN_TRITON_AUTOTUNE=0 to restore sweep)
Traceback (most recent call last):
  File "/lustre/orion/bif148/proj-shared/emender/source-snapshots/emender-3ef0610ae7/scripts/frontier/resilient_e97_role.py", line 2543, in <module>
    raise SystemExit(main())
                     ^^^^^^
  File "/lustre/orion/bif148/proj-shared/emender/source-snapshots/emender-3ef0610ae7/scripts/frontier/resilient_e97_role.py", line 2539, in main
    return manager(args) if args.role == "manager" else trainer(args)
                                                        ^^^^^^^^^^^^^
  File "/lustre/orion/bif148/proj-shared/emender/source-snapshots/emender-3ef0610ae7/scripts/frontier/resilient_e97_role.py", line 2389, in trainer
    native_context.__exit__(None, None, None)
  File "/lustre/orion/bif148/scratch/erikgarrison/emender/.envs/olcf-rocm711-torch210-py312/lib/python3.12/contextlib.py", line 144, in __exit__
    next(self.gen)
  File "/lustre/orion/bif148/proj-shared/emender/source-snapshots/emender-3ef0610ae7/ndm/native_e97_runtime.py", line 575, in result_shards
    view.close()
  File "/lustre/orion/bif148/proj-shared/emender/source-snapshots/emender-3ef0610ae7/ndm/native_dataplane.py", line 680, in close
    self.client.native.check(code, "ndp_buffer_release_v1")
  File "/lustre/orion/bif148/proj-shared/emender/source-snapshots/emender-3ef0610ae7/ndm/native_dataplane.py", line 532, in check
    raise error_type(code, operation, detail)
ndm.native_dataplane.NativeDataplaneError: ndp_buffer_release_v1: route failure (-12)
[pin-autotune] pinned mode: 18 kernels / 30 (name,key) configs from registry (set NDM_PIN_TRITON_AUTOTUNE=0 to restore sweep)
[pin-autotune] pinned mode: 18 kernels / 30 (name,key) configs from registry (set NDM_PIN_TRITON_AUTOTUNE=0 to restore sweep)
