/lustre/orion/bif148/scratch/erikgarrison/emender/.envs/olcf-rocm711-torch210-py312/lib/python3.12/site-packages/fla/utils/_device.py:100: UserWarning: Triton is not supported on current platform, roll back to CPU.
  _cpu_device_warning()
[pin-autotune] pinned mode: 18 kernels / 30 (name,key) configs from registry (set NDM_PIN_TRITON_AUTOTUNE=0 to restore sweep)
/lustre/orion/bif148/scratch/erikgarrison/emender/.envs/olcf-rocm711-torch210-py312/lib/python3.12/site-packages/fla/utils/_device.py:100: UserWarning: Triton is not supported on current platform, roll back to CPU.
  _cpu_device_warning()
[pin-autotune] pinned mode: 18 kernels / 30 (name,key) configs from registry (set NDM_PIN_TRITON_AUTOTUNE=0 to restore sweep)
/lustre/orion/bif148/scratch/erikgarrison/emender/.envs/olcf-rocm711-torch210-py312/lib/python3.12/site-packages/fla/utils/_device.py:100: UserWarning: Triton is not supported on current platform, roll back to CPU.
  _cpu_device_warning()
[pin-autotune] pinned mode: 18 kernels / 30 (name,key) configs from registry (set NDM_PIN_TRITON_AUTOTUNE=0 to restore sweep)
Traceback (most recent call last):
  File "/lustre/orion/bif148/proj-shared/emender/source-snapshots/emender-18b3d6826d/scripts/frontier/resilient_e97_role.py", line 1885, in <module>
    raise SystemExit(main())
                     ^^^^^^
  File "/lustre/orion/bif148/proj-shared/emender/source-snapshots/emender-18b3d6826d/scripts/frontier/resilient_e97_role.py", line 1881, in main
    return manager(args) if args.role == "manager" else trainer(args)
           ^^^^^^^^^^^^^
  File "/lustre/orion/bif148/proj-shared/emender/source-snapshots/emender-18b3d6826d/scripts/frontier/resilient_e97_role.py", line 1140, in manager
    else _native_manager(args))
         ^^^^^^^^^^^^^^^^^^^^^
  File "/lustre/orion/bif148/proj-shared/emender/source-snapshots/emender-18b3d6826d/scripts/frontier/resilient_e97_role.py", line 934, in _native_manager
    route_ready = pool_client.await_peer_route_ready(
                  ^^^^^^^^^^^^^^^^^^^^^^^^^^^^^^^^^^^
  File "/lustre/orion/bif148/proj-shared/emender/source-snapshots/emender-18b3d6826d/ndm/resilient_pool_runtime.py", line 554, in await_peer_route_ready
    raise TimeoutError(f"native peer route-readiness deadline expired: {last}")
TimeoutError: native peer route-readiness deadline expired: {'status': 'waiting'}
/lustre/orion/bif148/scratch/erikgarrison/emender/.envs/olcf-rocm711-torch210-py312/lib/python3.12/site-packages/fla/utils/_device.py:100: UserWarning: Triton is not supported on current platform, roll back to CPU.
  _cpu_device_warning()
[pin-autotune] pinned mode: 18 kernels / 30 (name,key) configs from registry (set NDM_PIN_TRITON_AUTOTUNE=0 to restore sweep)
Traceback (most recent call last):
  File "/lustre/orion/bif148/proj-shared/emender/source-snapshots/emender-18b3d6826d/scripts/frontier/resilient_e97_role.py", line 1885, in <module>
    raise SystemExit(main())
                     ^^^^^^
  File "/lustre/orion/bif148/proj-shared/emender/source-snapshots/emender-18b3d6826d/scripts/frontier/resilient_e97_role.py", line 1881, in main
    return manager(args) if args.role == "manager" else trainer(args)
           ^^^^^^^^^^^^^
  File "/lustre/orion/bif148/proj-shared/emender/source-snapshots/emender-18b3d6826d/scripts/frontier/resilient_e97_role.py", line 1140, in manager
    else _native_manager(args))
         ^^^^^^^^^^^^^^^^^^^^^
  File "/lustre/orion/bif148/proj-shared/emender/source-snapshots/emender-18b3d6826d/scripts/frontier/resilient_e97_role.py", line 860, in _native_manager
    session.install_generation(
  File "/lustre/orion/bif148/proj-shared/emender/source-snapshots/emender-18b3d6826d/ndm/native_pool_runtime.py", line 362, in install_generation
    digest = self.local.install_flat_layout(
             ^^^^^^^^^^^^^^^^^^^^^^^^^^^^^^^
  File "/lustre/orion/bif148/proj-shared/emender/source-snapshots/emender-18b3d6826d/ndm/native_dataplane.py", line 859, in install_flat_layout
    self.native.check(self.native.library.ndp_layout_install_v1(
  File "/lustre/orion/bif148/proj-shared/emender/source-snapshots/emender-18b3d6826d/ndm/native_dataplane.py", line 532, in check
    raise error_type(code, operation, detail)
ndm.native_dataplane.NativeDataplaneError: ndp_layout_install_v1: native service is draining or stopped (-16)
/lustre/orion/bif148/scratch/erikgarrison/emender/.envs/olcf-rocm711-torch210-py312/lib/python3.12/site-packages/fla/utils/_device.py:100: UserWarning: Triton is not supported on current platform, roll back to CPU.
  _cpu_device_warning()
[pin-autotune] pinned mode: 18 kernels / 30 (name,key) configs from registry (set NDM_PIN_TRITON_AUTOTUNE=0 to restore sweep)
Traceback (most recent call last):
  File "/lustre/orion/bif148/proj-shared/emender/source-snapshots/emender-18b3d6826d/scripts/frontier/resilient_e97_role.py", line 1885, in <module>
    raise SystemExit(main())
                     ^^^^^^
  File "/lustre/orion/bif148/proj-shared/emender/source-snapshots/emender-18b3d6826d/scripts/frontier/resilient_e97_role.py", line 1881, in main
    return manager(args) if args.role == "manager" else trainer(args)
           ^^^^^^^^^^^^^
  File "/lustre/orion/bif148/proj-shared/emender/source-snapshots/emender-18b3d6826d/scripts/frontier/resilient_e97_role.py", line 1140, in manager
    else _native_manager(args))
         ^^^^^^^^^^^^^^^^^^^^^
  File "/lustre/orion/bif148/proj-shared/emender/source-snapshots/emender-18b3d6826d/scripts/frontier/resilient_e97_role.py", line 860, in _native_manager
    session.install_generation(
  File "/lustre/orion/bif148/proj-shared/emender/source-snapshots/emender-18b3d6826d/ndm/native_pool_runtime.py", line 362, in install_generation
    digest = self.local.install_flat_layout(
             ^^^^^^^^^^^^^^^^^^^^^^^^^^^^^^^
  File "/lustre/orion/bif148/proj-shared/emender/source-snapshots/emender-18b3d6826d/ndm/native_dataplane.py", line 859, in install_flat_layout
    self.native.check(self.native.library.ndp_layout_install_v1(
  File "/lustre/orion/bif148/proj-shared/emender/source-snapshots/emender-18b3d6826d/ndm/native_dataplane.py", line 532, in check
    raise error_type(code, operation, detail)
ndm.native_dataplane.NativeDataplaneError: ndp_layout_install_v1: native service is draining or stopped (-16)
/lustre/orion/bif148/scratch/erikgarrison/emender/.envs/olcf-rocm711-torch210-py312/lib/python3.12/site-packages/fla/utils/_device.py:100: UserWarning: Triton is not supported on current platform, roll back to CPU.
  _cpu_device_warning()
[pin-autotune] pinned mode: 18 kernels / 30 (name,key) configs from registry (set NDM_PIN_TRITON_AUTOTUNE=0 to restore sweep)
/lustre/orion/bif148/scratch/erikgarrison/emender/.envs/olcf-rocm711-torch210-py312/lib/python3.12/site-packages/fla/utils/_device.py:100: UserWarning: Triton is not supported on current platform, roll back to CPU.
  _cpu_device_warning()
[pin-autotune] pinned mode: 18 kernels / 30 (name,key) configs from registry (set NDM_PIN_TRITON_AUTOTUNE=0 to restore sweep)
/lustre/orion/bif148/scratch/erikgarrison/emender/.envs/olcf-rocm711-torch210-py312/lib/python3.12/site-packages/fla/utils/_device.py:100: UserWarning: Triton is not supported on current platform, roll back to CPU.
  _cpu_device_warning()
[pin-autotune] pinned mode: 18 kernels / 30 (name,key) configs from registry (set NDM_PIN_TRITON_AUTOTUNE=0 to restore sweep)
/lustre/orion/bif148/scratch/erikgarrison/emender/.envs/olcf-rocm711-torch210-py312/lib/python3.12/site-packages/fla/utils/_device.py:100: UserWarning: Triton is not supported on current platform, roll back to CPU.
  _cpu_device_warning()
[pin-autotune] pinned mode: 18 kernels / 30 (name,key) configs from registry (set NDM_PIN_TRITON_AUTOTUNE=0 to restore sweep)
