task_id=validate-merged-real
training_target=E97_1.3B_step1065000_async_diloco_256n12h_20260706
seed_latest_path=/lustre/orion/bif148/proj-shared/emender/checkpoints/emender_E97_1.3B_20260702_111457_step_1065000/latest.pt
e97_checkpoint=/lustre/orion/bif148/proj-shared/emender/checkpoints/emender_E97_1.3B_20260702_111457_step_1065000/latest.pt
data=/lustre/orion/bif148/proj-shared/commapile/commapile_mainmix_v0.1_1tb.txt
async_entrypoint=scripts/frontier/e97_async_diloco_train.py
scaleout_variant=E97_1.3B_step1065000_async_quorum_b4_k40_256n12h
run_root=/lustre/orion/bif148/proj-shared/emender/frontier_runs/validation/validate-merged-real/E97_1.3B_step1065000_async_quorum_b4_k40_256n12h/20260706/4948689-20260706T185452Z
run_dir=/lustre/orion/bif148/proj-shared/emender/frontier_runs/validation/validate-merged-real/E97_1.3B_step1065000_async_quorum_b4_k40_256n12h/20260706/4948689-20260706T185452Z/async_run
metrics_json=/lustre/orion/bif148/proj-shared/emender/frontier_runs/validation/validate-merged-real/E97_1.3B_step1065000_async_quorum_b4_k40_256n12h/20260706/4948689-20260706T185452Z/artifacts/async_diloco_e97_256n_metrics.json
command_file=/lustre/orion/bif148/proj-shared/emender/frontier_runs/validation/validate-merged-real/E97_1.3B_step1065000_async_quorum_b4_k40_256n12h/20260706/4948689-20260706T185452Z/artifacts/command.txt
env_file=/lustre/orion/bif148/proj-shared/emender/frontier_runs/validation/validate-merged-real/E97_1.3B_step1065000_async_quorum_b4_k40_256n12h/20260706/4948689-20260706T185452Z/artifacts/env.txt
env_prefix=/lustre/orion/bif148/scratch/erikgarrison/emender/.envs/olcf-rocm711-torch210-py312
emender_conda_env=/lustre/orion/bif148/scratch/erikgarrison/emender/.envs/olcf-rocm711-torch210-py312
tiktoken_cache_dir=/lustre/orion/bif148/proj-shared/emender/tiktoken-cache
python_bin=/lustre/orion/bif148/scratch/erikgarrison/emender/.envs/olcf-rocm711-torch210-py312/bin/python
requested_walltime=00:20:00
requested_node_hours=0.333333
async_node_count=1
async_worker_count_per_node=1
async_worker_count=1
async_local_quorum=1
async_global_quorum=1
async_global_timeout_s=240
async_staleness_policy=reject_stale
async_weighting=tokens
async_transport_mode=cray-mpich-gpu-aware-p2p
async_group_aggregator_size=16
async_dense_update_storage=0
batch_size=4
chunk_size=2048
diloco_k=40
generations=1
learning_rate=1e-3
model_level=E97
model_params=100m
model_dim=1792
model_depth=11
model_tokenizer=p50k_base
model_n_heads=216
model_n_state=32
model_n_slots=64
model_n_groups=32
model_expansion=1.0
model_use_triton=1
model_use_chunked_e97=0
model_e97_chunk_size=32
model_linear_state=0
model_use_write_gate=0
model_use_gate=1
model_gate_activation=silu
model_mlp_ratio=2.2623
model_mlp_multiple=64
weight_decay=0.01
tokens_per_local_step=16777216
tokens_per_diloco_generation=671088640
generation_manifest_every=1
recovery_every_generations=5
recovery_every_seconds=600
export_every_generations=45
export_every_seconds=3600
finalization_buffer_seconds=1200
chain_update_on_failure=0
production_latest_guard=/lustre/orion/bif148/proj-shared/emender/frontier_runs/chains/E97_1.3B_step489920_b4_k80_64n_hier_g4_bucket64m_avg/latest.pt
production_latest_policy=run-local-latest-json-with-external-chain-latest-guard
human_approval_record=User 2026-07-06 conditional approval: refreshed seed registered, 4n20m validation passed, queue 256n12h.
probe_only_allowed=0
synthetic_runtime_allowed=0
non_production_debug=1
synthetic_token_stream=0
git_commit=48d06f07a6950d528756a42d986a585dbecbd740

=== modules ===
craype-x86-trento
libfabric/2.3.1
craype-network-ofi
xpmem/1.0.1-1.5_1_gfb6998056825
Core/25.03
tmux/3.4
hsi/default
lfs-wrapper/0.0.1
DefApps
emacs/29.4
cray-dsmml/0.3.0
PrgEnv-gnu/8.7.0
gcc-native/14.2
cray-libsci/26.03.0
cray-mpich/9.1.0
cray-pmi/6.1.17
craype/2.7.36
perftools-base/26.03.0
cpe/26.03
darshan-runtime/3.4.7-mpi
miniforge3/23.11.0-0
rocm/7.1.1
craype-accel-amd-gfx90a

=== frontier runtime ===
frontier_runtime_profile=default
frontier_enable_olcf_rccl_plugin=0
frontier_rocm_module=rocm/7.1.1
frontier_rccl_net_plugin_module=rccl-net-plugin/1.0
EMENDER_CONDA_ENV=/lustre/orion/bif148/scratch/erikgarrison/emender/.envs/olcf-rocm711-torch210-py312
CONDA_PREFIX=/lustre/orion/bif148/scratch/erikgarrison/emender/.envs/olcf-rocm711-torch210-py312
OLCF_OFI_NCCL_ROOT=
NCCL_NET_PLUGIN=
librccl_net_path=not-found

=== frontier communication env ===
CONDA_PREFIX=/lustre/orion/bif148/scratch/erikgarrison/emender/.envs/olcf-rocm711-torch210-py312
EMENDER_CONDA_ENV=/lustre/orion/bif148/scratch/erikgarrison/emender/.envs/olcf-rocm711-torch210-py312
LD_LIBRARY_PATH=/opt/cray/pe/perftools/26.03.0/lib64:/opt/cray/pe/pmi/6.1.17/lib:/opt/cray/pe/mpich/9.1.0/ofi/gnu/12.3/lib:/opt/cray/pe/mpich/9.1.0/gtl/lib:/opt/cray/pe/libsci/26.03.0/GNU/12/x86_64/lib:/opt/cray/pe/dsmml/0.3.0/dsmml/lib:/opt/cray/pe/lib64:/opt/cray/lib64:/opt/rocm-7.1.1/lib/roctracer:/opt/rocm-7.1.1/lib/rocprofiler:/opt/rocm-7.1.1/lib:/sw/frontier/spack-envs/cpe26.03-cpu/opt/__spack_path_placeholder__/__spack_path_placeholder__/__spack_path_placeholder__/__spac/gcc-14.2/darshan-runtime-3.4.7-i6lglufb3nzhpr6gneuq2bjdaonwtv66/lib:/opt/cray/pe/papi/7.3.0.1/lib64:/sw/frontier/spack-envs/core-25.03/opt/gcc-13.2/emacs-29.4-unh4yuyvxeg5vnbffszz5xml33f5ahvv/lib:/opt/cray/libfabric/2.3.1/lib64

=== python runtime versions ===
python_executable=/lustre/orion/bif148/scratch/erikgarrison/emender/.envs/olcf-rocm711-torch210-py312/bin/python
python_version=3.12.13
torch.__version__=2.10.0+rocm7.1
torch.version.hip=7.1.25424
triton.__version__=3.6.0

=== command ===
/lustre/orion/bif148/scratch/erikgarrison/emender/.envs/olcf-rocm711-torch210-py312/bin/python -u scripts/frontier/e97_async_diloco_train.py --run-id validate-merged-real-4948689-20260706T185452Z --checkpoint /lustre/orion/bif148/proj-shared/emender/checkpoints/emender_E97_1.3B_20260702_111457_step_1065000/latest.pt --run-dir /lustre/orion/bif148/proj-shared/emender/frontier_runs/validation/validate-merged-real/E97_1.3B_step1065000_async_quorum_b4_k40_256n12h/20260706/4948689-20260706T185452Z/async_run --metrics-json /lustre/orion/bif148/proj-shared/emender/frontier_runs/validation/validate-merged-real/E97_1.3B_step1065000_async_quorum_b4_k40_256n12h/20260706/4948689-20260706T185452Z/artifacts/async_diloco_e97_256n_metrics.json --data /lustre/orion/bif148/proj-shared/commapile/commapile_mainmix_v0.1_1tb.txt --node-count 1 --worker-count 1 --local-quorum 1 --global-quorum 1 --generations 1 --local-steps 40 --timeout-s 240 --level E97 --params 100m --tokenizer p50k_base --n-heads 216 --n-state 32 --n-slots 64 --n-groups 32 --expansion 1.0 --use-triton 1 --use-chunked-e97 0 --e97-chunk-size 32 --linear-state 0 --use-write-gate 0 --use-gate 1 --gate-activation silu --mlp-ratio 2.2623 --mlp-multiple 64 --batch-size 4 --chunk-size 2048 --lr 1e-3 --weight-decay 0.01 --steps 40 --dim 1792 --depth 11 
{"global_quorum_status":["deferred"],"latest_generation":-1,"latest_path":"/lustre/orion/bif148/proj-shared/emender/frontier_runs/validation/validate-merged-real/E97_1.3B_step1065000_async_quorum_b4_k40_256n12h/20260706/4948689-20260706T185452Z/async_run/latest.json","metrics_json":"/lustre/orion/bif148/proj-shared/emender/frontier_runs/validation/validate-merged-real/E97_1.3B_step1065000_async_quorum_b4_k40_256n12h/20260706/4948689-20260706T185452Z/artifacts/async_diloco_e97_256n_metrics.json","run_id":"validate-merged-real-4948689-20260706T185452Z"}
