task_id=launch-approved-async-diloco-32n64n
run_id=launch-approved-async-diloco-32n64n-4944217-20260705T195407Z
training_target=E97_1.3B_step483000_32n64n_config_20260705
e97_checkpoint=/lustre/orion/bif148/proj-shared/emender/checkpoints/E97_1.3B_20260623_103742_step_483000/checkpoint_step_483000_loss_2.5431.pt
run_root=/lustre/orion/bif148/proj-shared/emender/frontier_runs/async_diloco/E97_1.3B_step483000_32n64n_config_20260705/20260705/4944217-20260705T195407Z
run_dir=/lustre/orion/bif148/proj-shared/emender/frontier_runs/async_diloco/E97_1.3B_step483000_32n64n_config_20260705/20260705/4944217-20260705T195407Z/async_run
metrics_json=/lustre/orion/bif148/proj-shared/emender/frontier_runs/async_diloco/E97_1.3B_step483000_32n64n_config_20260705/20260705/4944217-20260705T195407Z/artifacts/async_diloco_e97_32n_metrics.json
summary_file=/lustre/orion/bif148/proj-shared/emender/frontier_runs/async_diloco/E97_1.3B_step483000_32n64n_config_20260705/20260705/4944217-20260705T195407Z/summaries/summary.md
stdout=logs/frontier/async_diloco_e97/async-diloco-e97-32n-4944217.out
stderr=logs/frontier/async_diloco_e97/async-diloco-e97-32n-4944217.err
slurm_job_id=4944217
requested_walltime=00:20:00
requested_node_hours=10.666667
async_node_count=32
async_worker_count_per_node=8
async_local_quorum=8
async_global_quorum=30
async_local_steps=1
async_tokens_per_step=1024
async_timeout_s=900
async_delta_scale=1.0e-8
async_recovery_every_generations=1
async_recovery_every_seconds=
async_export_every_generations=
async_export_every_seconds=
async_use_processes=0
async_induce_local_lag_drop=0
async_lag_delay_s=2.0
async_global_drop_node_ids=30
async_resume_check=1
production_latest_guard=/lustre/orion/bif148/proj-shared/emender/frontier_runs/chains/E97_1.3B_step489920_b4_k80_64n_hier_g4_bucket64m_avg/latest.pt
git_commit=5250fac689e76a2d0fcdc416cc908d199e502991

=== modules ===
craype-x86-trento
libfabric/2.3.1
craype-network-ofi
xpmem/1.0.1-1.5_1_gfb6998056825
Core/25.03
tmux/3.4
hsi/default
lfs-wrapper/0.0.1
DefApps
emacs/29.4
cray-dsmml/0.3.0
PrgEnv-gnu/8.7.0
gcc-native/14.2
cray-libsci/26.03.0
cray-mpich/9.1.0
cray-pmi/6.1.17
craype/2.7.36
perftools-base/26.03.0
cpe/26.03
darshan-runtime/3.4.7-mpi
miniforge3/23.11.0-0
rocm/7.1.1
craype-accel-amd-gfx90a

=== frontier runtime ===
frontier_runtime_profile=default
frontier_enable_olcf_rccl_plugin=0
frontier_rocm_module=rocm/7.1.1
frontier_rccl_net_plugin_module=rccl-net-plugin/1.0
EMENDER_CONDA_ENV=/lustre/orion/bif148/scratch/erikgarrison/emender/.envs/olcf-rocm711-torch210-py312
CONDA_PREFIX=/lustre/orion/bif148/scratch/erikgarrison/emender/.envs/olcf-rocm711-torch210-py312
OLCF_OFI_NCCL_ROOT=
NCCL_NET_PLUGIN=
librccl_net_path=not-found

=== frontier communication env ===
CONDA_PREFIX=/lustre/orion/bif148/scratch/erikgarrison/emender/.envs/olcf-rocm711-torch210-py312
EMENDER_CONDA_ENV=/lustre/orion/bif148/scratch/erikgarrison/emender/.envs/olcf-rocm711-torch210-py312
LD_LIBRARY_PATH=/opt/cray/pe/perftools/26.03.0/lib64:/opt/cray/pe/pmi/6.1.17/lib:/opt/cray/pe/mpich/9.1.0/ofi/gnu/12.3/lib:/opt/cray/pe/mpich/9.1.0/gtl/lib:/opt/cray/pe/libsci/26.03.0/GNU/12/x86_64/lib:/opt/cray/pe/dsmml/0.3.0/dsmml/lib:/opt/cray/pe/lib64:/opt/cray/lib64:/opt/rocm-7.1.1/lib/roctracer:/opt/rocm-7.1.1/lib/rocprofiler:/opt/rocm-7.1.1/lib:/sw/frontier/spack-envs/cpe26.03-cpu/opt/__spack_path_placeholder__/__spack_path_placeholder__/__spack_path_placeholder__/__spac/gcc-14.2/darshan-runtime-3.4.7-i6lglufb3nzhpr6gneuq2bjdaonwtv66/lib:/opt/cray/pe/papi/7.3.0.1/lib64:/sw/frontier/spack-envs/core-25.03/opt/gcc-13.2/emacs-29.4-unh4yuyvxeg5vnbffszz5xml33f5ahvv/lib:/opt/cray/libfabric/2.3.1/lib64

=== python runtime versions ===
python_executable=/lustre/orion/bif148/scratch/erikgarrison/emender/.envs/olcf-rocm711-torch210-py312/bin/python
python_version=3.12.13
torch.__version__=2.10.0+rocm7.1
torch.version.hip=7.1.25424
triton.__version__=3.6.0

=== command ===
python -u scripts/frontier/async_diloco_e97_2n8n_debug.py --run-id launch-approved-async-diloco-32n64n-4944217-20260705T195407Z --checkpoint /lustre/orion/bif148/proj-shared/emender/checkpoints/E97_1.3B_20260623_103742_step_483000/checkpoint_step_483000_loss_2.5431.pt --run-dir /lustre/orion/bif148/proj-shared/emender/frontier_runs/async_diloco/E97_1.3B_step483000_32n64n_config_20260705/20260705/4944217-20260705T195407Z/async_run --metrics-json /lustre/orion/bif148/proj-shared/emender/frontier_runs/async_diloco/E97_1.3B_step483000_32n64n_config_20260705/20260705/4944217-20260705T195407Z/artifacts/async_diloco_e97_32n_metrics.json --node-count 32 --worker-count-per-node 8 --local-quorum 8 --global-quorum 30 --local-steps 1 --tokens-per-step 1024 --timeout-s 900 --delta-scale 1.0e-8 --recovery-every-generations 1 --task-id launch-approved-async-diloco-32n64n --slurm-job-id 4944217 --slurm-job-name async-diloco-e97-32n --requested-walltime 00:20:00 --requested-node-hours 10.666667 --command-file /lustre/orion/bif148/proj-shared/emender/frontier_runs/async_diloco/E97_1.3B_step483000_32n64n_config_20260705/20260705/4944217-20260705T195407Z/artifacts/command.txt --stdout-path logs/frontier/async_diloco_e97/async-diloco-e97-32n-4944217.out --stderr-path logs/frontier/async_diloco_e97/async-diloco-e97-32n-4944217.err --training-target E97_1.3B_step483000_32n64n_config_20260705 --global-drop-node-ids 30 --resume-check --production-latest-path /lustre/orion/bif148/proj-shared/emender/frontier_runs/chains/E97_1.3B_step489920_b4_k80_64n_hier_g4_bucket64m_avg/latest.pt 
[pin-autotune] pinned mode: 18 kernels / 30 (name,key) configs from registry (set NDM_PIN_TRITON_AUTOTUNE=0 to restore sweep)
