task_id=run-actual-multinode-e97-8n-shortk-debug
training_target=E97_1.3B_step1065000_async_diloco_256n12h_20260706
seed_latest_path=/lustre/orion/bif148/proj-shared/emender/checkpoints/emender_E97_1.3B_20260702_111457_step_1065000/latest.pt
e97_checkpoint=/lustre/orion/bif148/proj-shared/emender/checkpoints/emender_E97_1.3B_20260702_111457_step_1065000/latest.pt
data=/lustre/orion/bif148/proj-shared/commapile/commapile_mainmix_v0.1_1tb.txt
tiktoken_cache_dir=/lustre/orion/bif148/proj-shared/tiktoken_cache
async_entrypoint=scripts/frontier/e97_async_diloco_train.py
scaleout_variant=E97_1.3B_step1065000_async_quorum_b1_k1_8n20m_debug
run_root=/lustre/orion/bif148/proj-shared/emender/frontier_runs/async_diloco/E97_1.3B_step1065000_async_quorum_b1_k1_8n20m_debug/20260706/4949891-20260706T212922Z
run_dir=/lustre/orion/bif148/proj-shared/emender/frontier_runs/async_diloco/E97_1.3B_step1065000_async_quorum_b1_k1_8n20m_debug/20260706/4949891-20260706T212922Z/async_run
metrics_json=/lustre/orion/bif148/proj-shared/emender/frontier_runs/async_diloco/E97_1.3B_step1065000_async_quorum_b1_k1_8n20m_debug/20260706/4949891-20260706T212922Z/artifacts/async_diloco_e97_256n_metrics.json
command_file=/lustre/orion/bif148/proj-shared/emender/frontier_runs/async_diloco/E97_1.3B_step1065000_async_quorum_b1_k1_8n20m_debug/20260706/4949891-20260706T212922Z/artifacts/command.txt
env_file=/lustre/orion/bif148/proj-shared/emender/frontier_runs/async_diloco/E97_1.3B_step1065000_async_quorum_b1_k1_8n20m_debug/20260706/4949891-20260706T212922Z/artifacts/env.txt
env_prefix=/lustre/orion/bif148/scratch/erikgarrison/emender/.envs/olcf-rocm711-torch210-py312
emender_conda_env=/lustre/orion/bif148/scratch/erikgarrison/emender/.envs/olcf-rocm711-torch210-py312
python_bin=/lustre/orion/bif148/scratch/erikgarrison/emender/.envs/olcf-rocm711-torch210-py312/bin/python
requested_walltime=00:20:00
requested_node_hours=2.666667
async_node_count=8
async_worker_count_per_node=1
async_worker_count=8
async_actual_multinode_file_quorum=1
async_launch_uses_srun=1
async_local_quorum=1
async_global_quorum=6
async_global_timeout_s=900
async_staleness_policy=reject_stale
async_weighting=tokens
async_transport_mode=cray-mpich-gpu-aware-p2p
async_group_aggregator_size=16
async_dense_update_storage=0
batch_size=1
chunk_size=2048
diloco_k=1
generations=1
learning_rate=1e-3
model_level=E97
model_params=1.3b
model_tokenizer=p50k_base
model_dim=1792
model_depth=11
model_n_heads=216
model_n_state=32
model_n_groups=32
model_n_slots=64
model_expansion=1.0
model_state_expansion=2
model_gate_activation=silu
model_linear_state=1
model_mlp_ratio=2.2623
model_mlp_multiple=64
async_e97_bf16=1
async_e97_use_chunked=1
async_e97_chunk_size=32
async_e97_checkpoint_interval=64
async_e97_gradient_checkpointing=1
async_e97_projection_chunk_size=256
async_e97_loss_chunk_size=256
tokens_per_local_step=2048
tokens_per_diloco_generation=2048
generation_manifest_every=1
recovery_every_generations=1
recovery_every_seconds=60
export_every_generations=1
export_every_seconds=60
finalization_buffer_seconds=60
async_diloco_force_finalization_checkpoint=1
chain_update_on_failure=0
production_latest_guard=/lustre/orion/bif148/proj-shared/emender/frontier_runs/chains/E97_1.3B_step489920_b4_k80_64n_hier_g4_bucket64m_avg/latest.pt
production_latest_policy=run-local-latest-json-with-external-chain-latest-guard
human_approval_record=User 2026-07-06 conditional approval: refreshed seed registered, 4n20m validation passed, queue 256n12h.
probe_only_allowed=0
synthetic_runtime_allowed=0
non_production_debug=1
synthetic_token_stream=0
git_commit=dbd22f4272d006b9a15e10d05027ef89e0364ed4

=== modules ===
craype-x86-trento
libfabric/2.3.1
craype-network-ofi
xpmem/1.0.1-1.5_1_gfb6998056825
Core/25.03
tmux/3.4
hsi/default
lfs-wrapper/0.0.1
DefApps
emacs/29.4
cray-dsmml/0.3.0
PrgEnv-gnu/8.7.0
gcc-native/14.2
cray-libsci/26.03.0
cray-mpich/9.1.0
cray-pmi/6.1.17
craype/2.7.36
perftools-base/26.03.0
cpe/26.03
darshan-runtime/3.4.7-mpi
miniforge3/23.11.0-0
rocm/7.1.1
craype-accel-amd-gfx90a

=== frontier runtime ===
frontier_runtime_profile=default
frontier_enable_olcf_rccl_plugin=0
frontier_rocm_module=rocm/7.1.1
frontier_rccl_net_plugin_module=rccl-net-plugin/1.0
EMENDER_CONDA_ENV=/lustre/orion/bif148/scratch/erikgarrison/emender/.envs/olcf-rocm711-torch210-py312
CONDA_PREFIX=/lustre/orion/bif148/scratch/erikgarrison/emender/.envs/olcf-rocm711-torch210-py312
OLCF_OFI_NCCL_ROOT=
NCCL_NET_PLUGIN=
librccl_net_path=not-found

=== frontier communication env ===
CONDA_PREFIX=/lustre/orion/bif148/scratch/erikgarrison/emender/.envs/olcf-rocm711-torch210-py312
EMENDER_CONDA_ENV=/lustre/orion/bif148/scratch/erikgarrison/emender/.envs/olcf-rocm711-torch210-py312
LD_LIBRARY_PATH=/opt/cray/pe/perftools/26.03.0/lib64:/opt/cray/pe/pmi/6.1.17/lib:/opt/cray/pe/mpich/9.1.0/ofi/gnu/12.3/lib:/opt/cray/pe/mpich/9.1.0/gtl/lib:/opt/cray/pe/libsci/26.03.0/GNU/12/x86_64/lib:/opt/cray/pe/dsmml/0.3.0/dsmml/lib:/opt/cray/pe/lib64:/opt/cray/lib64:/opt/rocm-7.1.1/lib/roctracer:/opt/rocm-7.1.1/lib/rocprofiler:/opt/rocm-7.1.1/lib:/sw/frontier/spack-envs/cpe26.03-cpu/opt/__spack_path_placeholder__/__spack_path_placeholder__/__spack_path_placeholder__/__spac/gcc-14.2/darshan-runtime-3.4.7-i6lglufb3nzhpr6gneuq2bjdaonwtv66/lib:/opt/cray/pe/papi/7.3.0.1/lib64:/sw/frontier/spack-envs/core-25.03/opt/gcc-13.2/emacs-29.4-unh4yuyvxeg5vnbffszz5xml33f5ahvv/lib:/opt/cray/libfabric/2.3.1/lib64

=== python runtime versions ===
python_executable=/lustre/orion/bif148/scratch/erikgarrison/emender/.envs/olcf-rocm711-torch210-py312/bin/python
python_version=3.12.13
torch.__version__=2.10.0+rocm7.1
torch.version.hip=7.1.25424
triton.__version__=3.6.0

=== command ===
srun -N 8 -n 8 --ntasks-per-node=1 /lustre/orion/bif148/scratch/erikgarrison/emender/.envs/olcf-rocm711-torch210-py312/bin/python -u scripts/frontier/e97_async_diloco_train.py --run-id run-actual-multinode-e97-8n-shortk-debug-4949891-20260706T212922Z --checkpoint /lustre/orion/bif148/proj-shared/emender/checkpoints/emender_E97_1.3B_20260702_111457_step_1065000/latest.pt --run-dir /lustre/orion/bif148/proj-shared/emender/frontier_runs/async_diloco/E97_1.3B_step1065000_async_quorum_b1_k1_8n20m_debug/20260706/4949891-20260706T212922Z/async_run --metrics-json /lustre/orion/bif148/proj-shared/emender/frontier_runs/async_diloco/E97_1.3B_step1065000_async_quorum_b1_k1_8n20m_debug/20260706/4949891-20260706T212922Z/artifacts/async_diloco_e97_256n_metrics.json --data /lustre/orion/bif148/proj-shared/commapile/commapile_mainmix_v0.1_1tb.txt --node-count 8 --worker-count 8 --local-quorum 1 --global-quorum 6 --generations 1 --local-steps 1 --timeout-s 900 --level E97 --params 1.3b --tokenizer p50k_base --batch-size 1 --chunk-size 2048 --lr 1e-3 --steps 1 --e97-chunk-size 32 --checkpoint-interval 64 --projection-chunk-size 256 --loss-chunk-size 256 --recovery-every-generations 1 --recovery-every-seconds 60 --export-every-generations 1 --export-every-seconds 60 --finalization-reserve-seconds 60 --bf16 --use-chunked-e97 --gradient-checkpointing --walltime-remaining-s 60 --dim 1792 --depth 11 --n-heads 216 --n-state 32 --n-groups 32 --n-slots 64 --expansion 1.0 --state-expansion 2 --gate-activation silu --linear-state 1 --mlp-ratio 2.2623 --mlp-multiple 64 --actual-multinode-file-quorum 
[e97-runtime] backend=hip path=e97-chunked-triton use_triton=True use_chunked_e97=True e97_chunk_size=32 linear_state=True raw_write=False use_split_edit=True log_decay=True
[e97-runtime] backend=hip path=e97-chunked-triton use_triton=True use_chunked_e97=True e97_chunk_size=32 linear_state=True raw_write=False use_split_edit=True log_decay=True
[e97-runtime] backend=hip path=e97-chunked-triton use_triton=True use_chunked_e97=True e97_chunk_size=32 linear_state=True raw_write=False use_split_edit=True log_decay=True
[e97-runtime] backend=hip path=e97-chunked-triton use_triton=True use_chunked_e97=True e97_chunk_size=32 linear_state=True raw_write=False use_split_edit=True log_decay=True
[e97-runtime] backend=hip path=e97-chunked-triton use_triton=True use_chunked_e97=True e97_chunk_size=32 linear_state=True raw_write=False use_split_edit=True log_decay=True
[e97-runtime] backend=hip path=e97-chunked-triton use_triton=True use_chunked_e97=True e97_chunk_size=32 linear_state=True raw_write=False use_split_edit=True log_decay=True
[e97-runtime] backend=hip path=e97-chunked-triton use_triton=True use_chunked_e97=True e97_chunk_size=32 linear_state=True raw_write=False use_split_edit=True log_decay=True
[e97-runtime] backend=hip path=e97-chunked-triton use_triton=True use_chunked_e97=True e97_chunk_size=32 linear_state=True raw_write=False use_split_edit=True log_decay=True
[e97-runtime] backend=hip path=e97-chunked-triton use_triton=True use_chunked_e97=True e97_chunk_size=32 linear_state=True raw_write=False use_split_edit=True log_decay=True
[e97-runtime] backend=hip path=e97-chunked-triton use_triton=True use_chunked_e97=True e97_chunk_size=32 linear_state=True raw_write=False use_split_edit=True log_decay=True
[e97-runtime] backend=hip path=e97-chunked-triton use_triton=True use_chunked_e97=True e97_chunk_size=32 linear_state=True raw_write=False use_split_edit=True log_decay=True
[e97-runtime] backend=hip path=e97-chunked-triton use_triton=True use_chunked_e97=True e97_chunk_size=32 linear_state=True raw_write=False use_split_edit=True log_decay=True
[e97-runtime] backend=hip path=e97-chunked-triton use_triton=True use_chunked_e97=True e97_chunk_size=32 linear_state=True raw_write=False use_split_edit=True log_decay=True
[e97-runtime] backend=hip path=e97-chunked-triton use_triton=True use_chunked_e97=True e97_chunk_size=32 linear_state=True raw_write=False use_split_edit=True log_decay=True
[e97-runtime] backend=hip path=e97-chunked-triton use_triton=True use_chunked_e97=True e97_chunk_size=32 linear_state=True raw_write=False use_split_edit=True log_decay=True
[e97-runtime] backend=hip path=e97-chunked-triton use_triton=True use_chunked_e97=True e97_chunk_size=32 linear_state=True raw_write=False use_split_edit=True log_decay=True
[e97-runtime] backend=hip path=e97-chunked-triton use_triton=True use_chunked_e97=True e97_chunk_size=32 linear_state=True raw_write=False use_split_edit=True log_decay=True
[e97-runtime] backend=hip path=e97-chunked-triton use_triton=True use_chunked_e97=True e97_chunk_size=32 linear_state=True raw_write=False use_split_edit=True log_decay=True
[e97-runtime] backend=hip path=e97-chunked-triton use_triton=True use_chunked_e97=True e97_chunk_size=32 linear_state=True raw_write=False use_split_edit=True log_decay=True
[e97-runtime] backend=hip path=e97-chunked-triton use_triton=True use_chunked_e97=True e97_chunk_size=32 linear_state=True raw_write=False use_split_edit=True log_decay=True
[e97-runtime] backend=hip path=e97-chunked-triton use_triton=True use_chunked_e97=True e97_chunk_size=32 linear_state=True raw_write=False use_split_edit=True log_decay=True
[e97-runtime] backend=hip path=e97-chunked-triton use_triton=True use_chunked_e97=True e97_chunk_size=32 linear_state=True raw_write=False use_split_edit=True log_decay=True
[e97-runtime] backend=hip path=e97-chunked-triton use_triton=True use_chunked_e97=True e97_chunk_size=32 linear_state=True raw_write=False use_split_edit=True log_decay=True
[e97-runtime] backend=hip path=e97-chunked-triton use_triton=True use_chunked_e97=True e97_chunk_size=32 linear_state=True raw_write=False use_split_edit=True log_decay=True
[e97-runtime] backend=hip path=e97-chunked-triton use_triton=True use_chunked_e97=True e97_chunk_size=32 linear_state=True raw_write=False use_split_edit=True log_decay=True
[e97-runtime] backend=hip path=e97-chunked-triton use_triton=True use_chunked_e97=True e97_chunk_size=32 linear_state=True raw_write=False use_split_edit=True log_decay=True
[e97-runtime] backend=hip path=e97-chunked-triton use_triton=True use_chunked_e97=True e97_chunk_size=32 linear_state=True raw_write=False use_split_edit=True log_decay=True
[e97-runtime] backend=hip path=e97-chunked-triton use_triton=True use_chunked_e97=True e97_chunk_size=32 linear_state=True raw_write=False use_split_edit=True log_decay=True
[e97-runtime] backend=hip path=e97-chunked-triton use_triton=True use_chunked_e97=True e97_chunk_size=32 linear_state=True raw_write=False use_split_edit=True log_decay=True
[e97-runtime] backend=hip path=e97-chunked-triton use_triton=True use_chunked_e97=True e97_chunk_size=32 linear_state=True raw_write=False use_split_edit=True log_decay=True
[e97-runtime] backend=hip path=e97-chunked-triton use_triton=True use_chunked_e97=True e97_chunk_size=32 linear_state=True raw_write=False use_split_edit=True log_decay=True
[e97-runtime] backend=hip path=e97-chunked-triton use_triton=True use_chunked_e97=True e97_chunk_size=32 linear_state=True raw_write=False use_split_edit=True log_decay=True
[e97-runtime] backend=hip path=e97-chunked-triton use_triton=True use_chunked_e97=True e97_chunk_size=32 linear_state=True raw_write=False use_split_edit=True log_decay=True
[e97-runtime] backend=hip path=e97-chunked-triton use_triton=True use_chunked_e97=True e97_chunk_size=32 linear_state=True raw_write=False use_split_edit=True log_decay=True
[e97-runtime] backend=hip path=e97-chunked-triton use_triton=True use_chunked_e97=True e97_chunk_size=32 linear_state=True raw_write=False use_split_edit=True log_decay=True
[e97-runtime] backend=hip path=e97-chunked-triton use_triton=True use_chunked_e97=True e97_chunk_size=32 linear_state=True raw_write=False use_split_edit=True log_decay=True
[e97-runtime] backend=hip path=e97-chunked-triton use_triton=True use_chunked_e97=True e97_chunk_size=32 linear_state=True raw_write=False use_split_edit=True log_decay=True
[e97-runtime] backend=hip path=e97-chunked-triton use_triton=True use_chunked_e97=True e97_chunk_size=32 linear_state=True raw_write=False use_split_edit=True log_decay=True
[e97-runtime] backend=hip path=e97-chunked-triton use_triton=True use_chunked_e97=True e97_chunk_size=32 linear_state=True raw_write=False use_split_edit=True log_decay=True
[e97-runtime] backend=hip path=e97-chunked-triton use_triton=True use_chunked_e97=True e97_chunk_size=32 linear_state=True raw_write=False use_split_edit=True log_decay=True
[e97-runtime] backend=hip path=e97-chunked-triton use_triton=True use_chunked_e97=True e97_chunk_size=32 linear_state=True raw_write=False use_split_edit=True log_decay=True
[e97-runtime] backend=hip path=e97-chunked-triton use_triton=True use_chunked_e97=True e97_chunk_size=32 linear_state=True raw_write=False use_split_edit=True log_decay=True
[e97-runtime] backend=hip path=e97-chunked-triton use_triton=True use_chunked_e97=True e97_chunk_size=32 linear_state=True raw_write=False use_split_edit=True log_decay=True
[e97-runtime] backend=hip path=e97-chunked-triton use_triton=True use_chunked_e97=True e97_chunk_size=32 linear_state=True raw_write=False use_split_edit=True log_decay=True
[e97-runtime] backend=hip path=e97-chunked-triton use_triton=True use_chunked_e97=True e97_chunk_size=32 linear_state=True raw_write=False use_split_edit=True log_decay=True
[e97-runtime] backend=hip path=e97-chunked-triton use_triton=True use_chunked_e97=True e97_chunk_size=32 linear_state=True raw_write=False use_split_edit=True log_decay=True
[e97-runtime] backend=hip path=e97-chunked-triton use_triton=True use_chunked_e97=True e97_chunk_size=32 linear_state=True raw_write=False use_split_edit=True log_decay=True
[e97-runtime] backend=hip path=e97-chunked-triton use_triton=True use_chunked_e97=True e97_chunk_size=32 linear_state=True raw_write=False use_split_edit=True log_decay=True
[e97-runtime] backend=hip path=e97-chunked-triton use_triton=True use_chunked_e97=True e97_chunk_size=32 linear_state=True raw_write=False use_split_edit=True log_decay=True
[e97-runtime] backend=hip path=e97-chunked-triton use_triton=True use_chunked_e97=True e97_chunk_size=32 linear_state=True raw_write=False use_split_edit=True log_decay=True
[e97-runtime] backend=hip path=e97-chunked-triton use_triton=True use_chunked_e97=True e97_chunk_size=32 linear_state=True raw_write=False use_split_edit=True log_decay=True
[e97-runtime] backend=hip path=e97-chunked-triton use_triton=True use_chunked_e97=True e97_chunk_size=32 linear_state=True raw_write=False use_split_edit=True log_decay=True
[e97-runtime] backend=hip path=e97-chunked-triton use_triton=True use_chunked_e97=True e97_chunk_size=32 linear_state=True raw_write=False use_split_edit=True log_decay=True
[e97-runtime] backend=hip path=e97-chunked-triton use_triton=True use_chunked_e97=True e97_chunk_size=32 linear_state=True raw_write=False use_split_edit=True log_decay=True
[e97-runtime] backend=hip path=e97-chunked-triton use_triton=True use_chunked_e97=True e97_chunk_size=32 linear_state=True raw_write=False use_split_edit=True log_decay=True
[e97-runtime] backend=hip path=e97-chunked-triton use_triton=True use_chunked_e97=True e97_chunk_size=32 linear_state=True raw_write=False use_split_edit=True log_decay=True
[e97-runtime] backend=hip path=e97-chunked-triton use_triton=True use_chunked_e97=True e97_chunk_size=32 linear_state=True raw_write=False use_split_edit=True log_decay=True
[e97-runtime] backend=hip path=e97-chunked-triton use_triton=True use_chunked_e97=True e97_chunk_size=32 linear_state=True raw_write=False use_split_edit=True log_decay=True
[e97-runtime] backend=hip path=e97-chunked-triton use_triton=True use_chunked_e97=True e97_chunk_size=32 linear_state=True raw_write=False use_split_edit=True log_decay=True
[e97-runtime] backend=hip path=e97-chunked-triton use_triton=True use_chunked_e97=True e97_chunk_size=32 linear_state=True raw_write=False use_split_edit=True log_decay=True
[e97-runtime] backend=hip path=e97-chunked-triton use_triton=True use_chunked_e97=True e97_chunk_size=32 linear_state=True raw_write=False use_split_edit=True log_decay=True
[e97-runtime] backend=hip path=e97-chunked-triton use_triton=True use_chunked_e97=True e97_chunk_size=32 linear_state=True raw_write=False use_split_edit=True log_decay=True
[e97-runtime] backend=hip path=e97-chunked-triton use_triton=True use_chunked_e97=True e97_chunk_size=32 linear_state=True raw_write=False use_split_edit=True log_decay=True
[e97-runtime] backend=hip path=e97-chunked-triton use_triton=True use_chunked_e97=True e97_chunk_size=32 linear_state=True raw_write=False use_split_edit=True log_decay=True
[e97-runtime] backend=hip path=e97-chunked-triton use_triton=True use_chunked_e97=True e97_chunk_size=32 linear_state=True raw_write=False use_split_edit=True log_decay=True
[e97-runtime] backend=hip path=e97-chunked-triton use_triton=True use_chunked_e97=True e97_chunk_size=32 linear_state=True raw_write=False use_split_edit=True log_decay=True
[e97-runtime] backend=hip path=e97-chunked-triton use_triton=True use_chunked_e97=True e97_chunk_size=32 linear_state=True raw_write=False use_split_edit=True log_decay=True
[e97-runtime] backend=hip path=e97-chunked-triton use_triton=True use_chunked_e97=True e97_chunk_size=32 linear_state=True raw_write=False use_split_edit=True log_decay=True
[e97-runtime] backend=hip path=e97-chunked-triton use_triton=True use_chunked_e97=True e97_chunk_size=32 linear_state=True raw_write=False use_split_edit=True log_decay=True
[e97-runtime] backend=hip path=e97-chunked-triton use_triton=True use_chunked_e97=True e97_chunk_size=32 linear_state=True raw_write=False use_split_edit=True log_decay=True
[e97-runtime] backend=hip path=e97-chunked-triton use_triton=True use_chunked_e97=True e97_chunk_size=32 linear_state=True raw_write=False use_split_edit=True log_decay=True
[e97-runtime] backend=hip path=e97-chunked-triton use_triton=True use_chunked_e97=True e97_chunk_size=32 linear_state=True raw_write=False use_split_edit=True log_decay=True
[e97-runtime] backend=hip path=e97-chunked-triton use_triton=True use_chunked_e97=True e97_chunk_size=32 linear_state=True raw_write=False use_split_edit=True log_decay=True
[e97-runtime] backend=hip path=e97-chunked-triton use_triton=True use_chunked_e97=True e97_chunk_size=32 linear_state=True raw_write=False use_split_edit=True log_decay=True
[e97-runtime] backend=hip path=e97-chunked-triton use_triton=True use_chunked_e97=True e97_chunk_size=32 linear_state=True raw_write=False use_split_edit=True log_decay=True
[e97-runtime] backend=hip path=e97-chunked-triton use_triton=True use_chunked_e97=True e97_chunk_size=32 linear_state=True raw_write=False use_split_edit=True log_decay=True
[e97-runtime] backend=hip path=e97-chunked-triton use_triton=True use_chunked_e97=True e97_chunk_size=32 linear_state=True raw_write=False use_split_edit=True log_decay=True
[e97-runtime] backend=hip path=e97-chunked-triton use_triton=True use_chunked_e97=True e97_chunk_size=32 linear_state=True raw_write=False use_split_edit=True log_decay=True
[e97-runtime] backend=hip path=e97-chunked-triton use_triton=True use_chunked_e97=True e97_chunk_size=32 linear_state=True raw_write=False use_split_edit=True log_decay=True
[e97-runtime] backend=hip path=e97-chunked-triton use_triton=True use_chunked_e97=True e97_chunk_size=32 linear_state=True raw_write=False use_split_edit=True log_decay=True
[e97-runtime] backend=hip path=e97-chunked-triton use_triton=True use_chunked_e97=True e97_chunk_size=32 linear_state=True raw_write=False use_split_edit=True log_decay=True
[e97-runtime] backend=hip path=e97-chunked-triton use_triton=True use_chunked_e97=True e97_chunk_size=32 linear_state=True raw_write=False use_split_edit=True log_decay=True
[e97-runtime] backend=hip path=e97-chunked-triton use_triton=True use_chunked_e97=True e97_chunk_size=32 linear_state=True raw_write=False use_split_edit=True log_decay=True
[e97-runtime] backend=hip path=e97-chunked-triton use_triton=True use_chunked_e97=True e97_chunk_size=32 linear_state=True raw_write=False use_split_edit=True log_decay=True
[e97-runtime] backend=hip path=e97-chunked-triton use_triton=True use_chunked_e97=True e97_chunk_size=32 linear_state=True raw_write=False use_split_edit=True log_decay=True
[e97-runtime] backend=hip path=e97-chunked-triton use_triton=True use_chunked_e97=True e97_chunk_size=32 linear_state=True raw_write=False use_split_edit=True log_decay=True
[e97-runtime] backend=hip path=e97-chunked-triton use_triton=True use_chunked_e97=True e97_chunk_size=32 linear_state=True raw_write=False use_split_edit=True log_decay=True
[e97-runtime] backend=hip path=e97-chunked-triton use_triton=True use_chunked_e97=True e97_chunk_size=32 linear_state=True raw_write=False use_split_edit=True log_decay=True
{"coordinator":false,"global_result":null,"node_id":"node-00003","node_rank":3,"node_update_path":"/lustre/orion/bif148/proj-shared/emender/frontier_runs/async_diloco/E97_1.3B_step1065000_async_quorum_b1_k1_8n20m_debug/20260706/4949891-20260706T212922Z/async_run/node_updates/node-00003.json","node_update_submitted":true,"run_id":"run-actual-multinode-e97-8n-shortk-debug-4949891-20260706T212922Z"}
{"coordinator":false,"global_result":null,"node_id":"node-00004","node_rank":4,"node_update_path":"/lustre/orion/bif148/proj-shared/emender/frontier_runs/async_diloco/E97_1.3B_step1065000_async_quorum_b1_k1_8n20m_debug/20260706/4949891-20260706T212922Z/async_run/node_updates/node-00004.json","node_update_submitted":true,"run_id":"run-actual-multinode-e97-8n-shortk-debug-4949891-20260706T212922Z"}
{"coordinator":false,"global_result":null,"node_id":"node-00002","node_rank":2,"node_update_path":"/lustre/orion/bif148/proj-shared/emender/frontier_runs/async_diloco/E97_1.3B_step1065000_async_quorum_b1_k1_8n20m_debug/20260706/4949891-20260706T212922Z/async_run/node_updates/node-00002.json","node_update_submitted":true,"run_id":"run-actual-multinode-e97-8n-shortk-debug-4949891-20260706T212922Z"}
{"coordinator":false,"global_result":null,"node_id":"node-00001","node_rank":1,"node_update_path":"/lustre/orion/bif148/proj-shared/emender/frontier_runs/async_diloco/E97_1.3B_step1065000_async_quorum_b1_k1_8n20m_debug/20260706/4949891-20260706T212922Z/async_run/node_updates/node-00001.json","node_update_submitted":true,"run_id":"run-actual-multinode-e97-8n-shortk-debug-4949891-20260706T212922Z"}
{"coordinator":false,"global_result":null,"node_id":"node-00007","node_rank":7,"node_update_path":"/lustre/orion/bif148/proj-shared/emender/frontier_runs/async_diloco/E97_1.3B_step1065000_async_quorum_b1_k1_8n20m_debug/20260706/4949891-20260706T212922Z/async_run/node_updates/node-00007.json","node_update_submitted":true,"run_id":"run-actual-multinode-e97-8n-shortk-debug-4949891-20260706T212922Z"}
{"coordinator":false,"global_result":null,"node_id":"node-00005","node_rank":5,"node_update_path":"/lustre/orion/bif148/proj-shared/emender/frontier_runs/async_diloco/E97_1.3B_step1065000_async_quorum_b1_k1_8n20m_debug/20260706/4949891-20260706T212922Z/async_run/node_updates/node-00005.json","node_update_submitted":true,"run_id":"run-actual-multinode-e97-8n-shortk-debug-4949891-20260706T212922Z"}
{"coordinator":false,"global_result":null,"node_id":"node-00006","node_rank":6,"node_update_path":"/lustre/orion/bif148/proj-shared/emender/frontier_runs/async_diloco/E97_1.3B_step1065000_async_quorum_b1_k1_8n20m_debug/20260706/4949891-20260706T212922Z/async_run/node_updates/node-00006.json","node_update_submitted":true,"run_id":"run-actual-multinode-e97-8n-shortk-debug-4949891-20260706T212922Z"}
{"coordinator":true,"global_result":{"accepted_node_ids":["node-00000","node-00001","node-00002","node-00003","node-00004","node-00005","node-00007"],"bounded_debug_alternative":{"dense_delta_exchange":"not_implemented_for_debug_shared_storage","proof":"one Slurm-launched process per node runs real local token training and rank 0 merges node metadata quorum"},"generation":0,"global_generations":[{"generation":0,"metrics":{"accepted_updates":7,"checkpoint_duration_s":0.00014633196406066418,"checkpoint_paths":["/lustre/orion/bif148/proj-shared/emender/frontier_runs/async_diloco/E97_1.3B_step1065000_async_quorum_b1_k1_8n20m_debug/20260706/4949891-20260706T212922Z/async_run/generations/gen_000000/manifest.json","/lustre/orion/bif148/proj-shared/emender/frontier_runs/async_diloco/E97_1.3B_step1065000_async_quorum_b1_k1_8n20m_debug/20260706/4949891-20260706T212922Z/async_run/recovery_checkpoints/gen_000000/initial.json","/lustre/orion/bif148/proj-shared/emender/frontier_runs/async_diloco/E97_1.3B_step1065000_async_quorum_b1_k1_8n20m_debug/20260706/4949891-20260706T212922Z/async_run/export_checkpoints/gen_000000/initial.json","/lustre/orion/bif148/proj-shared/emender/frontier_runs/async_diloco/E97_1.3B_step1065000_async_quorum_b1_k1_8n20m_debug/20260706/4949891-20260706T212922Z/async_run/recovery_checkpoints/gen_000000/walltime_finalization.json"],"checkpoint_sizes":{"/lustre/orion/bif148/proj-shared/emender/frontier_runs/async_diloco/E97_1.3B_step1065000_async_quorum_b1_k1_8n20m_debug/20260706/4949891-20260706T212922Z/async_run/export_checkpoints/gen_000000/initial.json":1337,"/lustre/orion/bif148/proj-shared/emender/frontier_runs/async_diloco/E97_1.3B_step1065000_async_quorum_b1_k1_8n20m_debug/20260706/4949891-20260706T212922Z/async_run/generations/gen_000000/manifest.json":1532,"/lustre/orion/bif148/proj-shared/emender/frontier_runs/async_diloco/E97_1.3B_step1065000_async_quorum_b1_k1_8n20m_debug/20260706/4949891-20260706T212922Z/async_run/recovery_checkpoints/gen_000000/initial.json":1340,"/lustre/orion/bif148/proj-shared/emender/frontier_runs/async_diloco/E97_1.3B_step1065000_async_quorum_b1_k1_8n20m_debug/20260706/4949891-20260706T212922Z/async_run/recovery_checkpoints/gen_000000/walltime_finalization.json":1370},"failed_updates":0,"generation":0,"generation_duration_s":34.02732787607238,"invalid_updates":0,"latest_advanced":true,"loss_moving_average":{"loss":13.975506510053362,"loss_100":13.975506510053362},"merge_duration_s":0.0,"participating_workers":7,"quorum_size":7,"quorum_status":"advanced","quorum_threshold":6,"rebase_duration_s":0.0,"requested_workers":8,"resume_source_generation":null,"run_id":"run-actual-multinode-e97-8n-shortk-debug-4949891-20260706T212922Z","schema_version":1,"stale_updates":0,"timed_out_updates":1,"tokens_per_generation":14343,"tokens_per_sec":421.5141445204644,"update_bytes":{"node_metadata":58784},"update_norms":{}},"publish_paths":["/lustre/orion/bif148/proj-shared/emender/frontier_runs/async_diloco/E97_1.3B_step1065000_async_quorum_b1_k1_8n20m_debug/20260706/4949891-20260706T212922Z/async_run/generations/gen_000000/manifest.json","/lustre/orion/bif148/proj-shared/emender/frontier_runs/async_diloco/E97_1.3B_step1065000_async_quorum_b1_k1_8n20m_debug/20260706/4949891-20260706T212922Z/async_run/recovery_checkpoints/gen_000000/initial.json","/lustre/orion/bif148/proj-shared/emender/frontier_runs/async_diloco/E97_1.3B_step1065000_async_quorum_b1_k1_8n20m_debug/20260706/4949891-20260706T212922Z/async_run/export_checkpoints/gen_000000/initial.json","/lustre/orion/bif148/proj-shared/emender/frontier_runs/async_diloco/E97_1.3B_step1065000_async_quorum_b1_k1_8n20m_debug/20260706/4949891-20260706T212922Z/async_run/recovery_checkpoints/gen_000000/walltime_finalization.json"]}],"global_quorum":6,"latest_generation":0,"latest_path":"/lustre/orion/bif148/proj-shared/emender/frontier_runs/async_diloco/E97_1.3B_step1065000_async_quorum_b1_k1_8n20m_debug/20260706/4949891-20260706T212922Z/async_run/latest.json","metrics_summary":{"generations":[{"accepted_updates":7,"checkpoint_duration_s":0.00014633196406066418,"checkpoint_paths":["/lustre/orion/bif148/proj-shared/emender/frontier_runs/async_diloco/E97_1.3B_step1065000_async_quorum_b1_k1_8n20m_debug/20260706/4949891-20260706T212922Z/async_run/generations/gen_000000/manifest.json","/lustre/orion/bif148/proj-shared/emender/frontier_runs/async_diloco/E97_1.3B_step1065000_async_quorum_b1_k1_8n20m_debug/20260706/4949891-20260706T212922Z/async_run/recovery_checkpoints/gen_000000/initial.json","/lustre/orion/bif148/proj-shared/emender/frontier_runs/async_diloco/E97_1.3B_step1065000_async_quorum_b1_k1_8n20m_debug/20260706/4949891-20260706T212922Z/async_run/export_checkpoints/gen_000000/initial.json","/lustre/orion/bif148/proj-shared/emender/frontier_runs/async_diloco/E97_1.3B_step1065000_async_quorum_b1_k1_8n20m_debug/20260706/4949891-20260706T212922Z/async_run/recovery_checkpoints/gen_000000/walltime_finalization.json"],"checkpoint_sizes":{"/lustre/orion/bif148/proj-shared/emender/frontier_runs/async_diloco/E97_1.3B_step1065000_async_quorum_b1_k1_8n20m_debug/20260706/4949891-20260706T212922Z/async_run/export_checkpoints/gen_000000/initial.json":1337,"/lustre/orion/bif148/proj-shared/emender/frontier_runs/async_diloco/E97_1.3B_step1065000_async_quorum_b1_k1_8n20m_debug/20260706/4949891-20260706T212922Z/async_run/generations/gen_000000/manifest.json":1532,"/lustre/orion/bif148/proj-shared/emender/frontier_runs/async_diloco/E97_1.3B_step1065000_async_quorum_b1_k1_8n20m_debug/20260706/4949891-20260706T212922Z/async_run/recovery_checkpoints/gen_000000/initial.json":1340,"/lustre/orion/bif148/proj-shared/emender/frontier_runs/async_diloco/E97_1.3B_step1065000_async_quorum_b1_k1_8n20m_debug/20260706/4949891-20260706T212922Z/async_run/recovery_checkpoints/gen_000000/walltime_finalization.json":1370},"failed_updates":0,"generation":0,"generation_duration_s":34.02732787607238,"invalid_updates":0,"latest_advanced":true,"loss_moving_average":{"loss":13.975506510053362,"loss_100":13.975506510053362},"merge_duration_s":0.0,"participating_workers":7,"quorum_size":7,"quorum_status":"advanced","quorum_threshold":6,"rebase_duration_s":0.0,"requested_workers":8,"resume_source_generation":null,"run_id":"run-actual-multinode-e97-8n-shortk-debug-4949891-20260706T212922Z","schema_version":1,"stale_updates":0,"timed_out_updates":1,"tokens_per_generation":14343,"tokens_per_sec":421.5141445204644,"update_bytes":{"node_metadata":58784},"update_norms":{}}],"latest_advancement":{"advanced":true,"generation":0},"participating_workers":7,"quorum_distribution":{"average":7.0,"max":7,"min":7,"p50":7.0,"p90":7.0,"p95":7.0,"p99":7.0},"quorum_status":{"advanced":1,"deferred":0},"requested_workers":8,"resume_source_generation":null,"run_id":"run-actual-multinode-e97-8n-shortk-debug-4949891-20260706T212922Z","schema_version":1,"sustained_health":{"advanced_generations":1,"current_deferred_streak":0,"current_nonadvanced_latest_streak":0,"deferred_generations":0,"healthy":true,"max_deferred_streak":0,"max_nonadvanced_latest_streak":0},"totals":{"accepted_updates":7,"failed_updates":0,"invalid_updates":0,"stale_updates":0,"timed_out_updates":1,"tokens_per_generation":14343,"update_bytes":{"node_metadata":58784}}},"mode":"actual_multinode_file_quorum_debug","node_count":8,"node_generations":[{"bounded_debug_update_kind":"metadata_quorum_no_dense_delta_storage","elapsed_s":32.993667755043134,"generation":0,"loss":13.736797332763672,"losses":[13.736797332763672],"metrics":{"accepted_updates":1,"checkpoint_duration_s":0.0,"checkpoint_paths":[],"checkpoint_sizes":{},"failed_updates":0,"generation":0,"generation_duration_s":18.78889263002202,"invalid_updates":0,"latest_advanced":false,"loss_moving_average":{"loss":13.736797332763672,"loss_100":13.736797332763672},"merge_duration_s":2.2471824209205806,"participating_workers":1,"quorum_size":1,"quorum_status":"advanced","quorum_threshold":1,"rebase_duration_s":0.0,"requested_workers":1,"resume_source_generation":null,"run_id":"run-actual-multinode-e97-8n-shortk-debug-4949891-20260706T212922Z","schema_version":1,"stale_updates":0,"timed_out_updates":0,"tokens_per_generation":2049,"tokens_per_sec":109.0537925969083,"update_bytes":{"node":5506770496,"worker":5506770496},"update_norms":{"embedding.weight":8.234383583068848,"layer_norms.0.weight":0.04164530336856842,"layer_norms.1.weight":0.04137445241212845,"layer_norms.10.weight":0.041478049010038376,"layer_norms.2.weight":0.04140901193022728,"layer_norms.3.weight":0.0413312129676342,"layer_norms.4.weight":0.04137445241212845,"layer_norms.5.weight":0.04135427996516228,"layer_norms.6.weight":0.0413888581097126,"layer_norms.7.weight":0.04132832959294319,"layer_norms.8.weight":0.04140901193022728,"layer_norms.9.weight":0.041457924991846085,"layers.0.mixer.A_log":0.01349429227411747,"layers.0.mixer.a_proj.weight":0.4222985804080963,"layers.0.mixer.dt_bias":0.015807045623660088,"layers.0.mixer.erase_gate_proj.weight":0.4562623202800751,"layers.0.mixer.g_proj.weight":3.269136667251587,"layers.0.mixer.o_proj.weight":3.304642915725708,"layers.0.mixer.qkv_proj.weight":5.729040145874023,"layers.0.mixer.value_write_gate_proj.weight":1.7755539417266846,"layers.0.mlp.w1.weight":2.658268928527832,"layers.0.mlp.w2.weight":2.6587719917297363,"layers.0.mlp.w3.weight":2.6657958030700684,"layers.0.norm_2.weight":0.04163295775651932,"layers.1.mixer.A_log":0.012763536535203457,"layers.1.mixer.a_proj.weight":0.47811275720596313,"layers.1.mixer.dt_bias":0.016836855560541153,"layers.1.mixer.erase_gate_proj.weight":0.6205482482910156,"layers.1.mixer.g_proj.weight":3.349771499633789,"layers.1.mixer.o_proj.weight":3.352313280105591,"layers.1.mixer.qkv_proj.weight":5.854140281677246,"layers.1.mixer.value_write_gate_proj.weight":2.183945417404175,"layers.1.mlp.w1.weight":2.6506927013397217,"layers.1.mlp.w2.weight":2.6507251262664795,"layers.1.mlp.w3.weight":2.658545732498169,"layers.1.norm_2.weight":0.041422002017498016,"layers.10.mixer.A_log":0.016311809420585632,"layers.10.mixer.a_proj.weight":0.5917724370956421,"layers.10.mixer.dt_bias":0.020484548062086105,"layers.10.mixer.erase_gate_proj.weight":2.1177659034729004,"layers.10.mixer.g_proj.weight":3.4165327548980713,"layers.10.mixer.o_proj.weight":3.3960442543029785,"layers.10.mixer.qkv_proj.weight":5.968936920166016,"layers.10.mixer.value_write_gate_proj.weight":2.8996145725250244,"layers.10.mlp.w1.weight":2.6604769229888916,"layers.10.mlp.w2.weight":2.660996198654175,"layers.10.mlp.w3.weight":2.660633087158203,"layers.10.norm_2.weight":0.04133986309170723,"layers.2.mixer.A_log":0.012733548879623413,"layers.2.mixer.a_proj.weight":0.47967174649238586,"layers.2.mixer.dt_bias":0.016977868974208832,"layers.2.mixer.erase_gate_proj.weight":0.619971513748169,"layers.2.mixer.g_proj.weight":3.353529930114746,"layers.2.mixer.o_proj.weight":3.35760498046875,"layers.2.mixer.qkv_proj.weight":5.862393856048584,"layers.2.mixer.value_write_gate_proj.weight":2.2317819595336914,"layers.2.mlp.w1.weight":2.6560018062591553,"layers.2.mlp.w2.weight":2.655510663986206,"layers.2.mlp.w3.weight":2.6616506576538086,"layers.2.norm_2.weight":0.04152457416057587,"layers.3.mixer.A_log":0.013642585836350918,"layers.3.mixer.a_proj.weight":0.4916055202484131,"layers.3.mixer.dt_bias":0.01808619126677513,"layers.3.mixer.erase_gate_proj.weight":0.6996856927871704,"layers.3.mixer.g_proj.weight":3.3614277839660645,"layers.3.mixer.o_proj.weight":3.3650360107421875,"layers.3.mixer.qkv_proj.weight":5.872392654418945,"layers.3.mixer.value_write_gate_proj.weight":2.298328161239624,"layers.3.mlp.w1.weight":2.6585536003112793,"layers.3.mlp.w2.weight":2.6584818363189697,"layers.3.mlp.w3.weight":2.663172483444214,"layers.3.norm_2.weight":0.041478049010038376,"layers.4.mixer.A_log":0.01430464070290327,"layers.4.mixer.a_proj.weight":0.5112303495407104,"layers.4.mixer.dt_bias":0.017953883856534958,"layers.4.mixer.erase_gate_proj.weight":0.820777952671051,"layers.4.mixer.g_proj.weight":3.369842767715454,"layers.4.mixer.o_proj.weight":3.3721091747283936,"layers.4.mixer.qkv_proj.weight":5.882554531097412,"layers.4.mixer.value_write_gate_proj.weight":2.3762149810791016,"layers.4.mlp.w1.weight":2.6609230041503906,"layers.4.mlp.w2.weight":2.6611275672912598,"layers.4.mlp.w3.weight":2.664856433868408,"layers.4.norm_2.weight":0.04144185036420822,"layers.5.mixer.A_log":0.014650504104793072,"layers.5.mixer.a_proj.weight":0.5267665386199951,"layers.5.mixer.dt_bias":0.01999569870531559,"layers.5.mixer.erase_gate_proj.weight":0.9678165316581726,"layers.5.mixer.g_proj.weight":3.382059097290039,"layers.5.mixer.o_proj.weight":3.3854548931121826,"layers.5.mixer.qkv_proj.weight":5.901234149932861,"layers.5.mixer.value_write_gate_proj.weight":2.483635187149048,"layers.5.mlp.w1.weight":2.6626617908477783,"layers.5.mlp.w2.weight":2.663118600845337,"layers.5.mlp.w3.weight":2.666172504425049,"layers.5.norm_2.weight":0.04177383705973625,"layers.6.mixer.A_log":0.01547165960073471,"layers.6.mixer.a_proj.weight":0.5470887422561646,"layers.6.mixer.dt_bias":0.019260823726654053,"layers.6.mixer.erase_gate_proj.weight":1.2408448457717896,"layers.6.mixer.g_proj.weight":3.390381336212158,"layers.6.mixer.o_proj.weight":3.3978683948516846,"layers.6.mixer.qkv_proj.weight":5.9218621253967285,"layers.6.mixer.value_write_gate_proj.weight":2.599437952041626,"layers.6.mlp.w1.weight":2.6613969802856445,"layers.6.mlp.w2.weight":2.662079095840454,"layers.6.mlp.w3.weight":2.6656594276428223,"layers.6.norm_2.weight":0.04174637794494629,"layers.7.mixer.A_log":0.016017990186810493,"layers.7.mixer.a_proj.weight":0.5617470741271973,"layers.7.mixer.dt_bias":0.020367825403809547,"layers.7.mixer.erase_gate_proj.weight":1.491747260093689,"layers.7.mixer.g_proj.weight":3.3964791297912598,"layers.7.mixer.o_proj.weight":3.4115359783172607,"layers.7.mixer.qkv_proj.weight":5.939335823059082,"layers.7.mixer.value_write_gate_proj.weight":2.724609613418579,"layers.7.mlp.w1.weight":2.664229154586792,"layers.7.mlp.w2.weight":2.665109395980835,"layers.7.mlp.w3.weight":2.6673123836517334,"layers.7.norm_2.weight":0.041831355541944504,"layers.8.mixer.A_log":0.015595415607094765,"layers.8.mixer.a_proj.weight":0.5845971703529358,"layers.8.mixer.dt_bias":0.02112627774477005,"layers.8.mixer.erase_gate_proj.weight":1.8829299211502075,"layers.8.mixer.g_proj.weight":3.415841579437256,"layers.8.mixer.o_proj.weight":3.4263288974761963,"layers.8.mixer.qkv_proj.weight":5.960481643676758,"layers.8.mixer.value_write_gate_proj.weight":2.8969526290893555,"layers.8.mlp.w1.weight":2.6671950817108154,"layers.8.mlp.w2.weight":2.6676888465881348,"layers.8.mlp.w3.weight":2.6682701110839844,"layers.8.norm_2.weight":0.04141189157962799,"layers.9.mixer.A_log":0.015065672807395458,"layers.9.mixer.a_proj.weight":0.590690016746521,"layers.9.mixer.dt_bias":0.020600607618689537,"layers.9.mixer.erase_gate_proj.weight":2.0544278621673584,"layers.9.mixer.g_proj.weight":3.4203622341156006,"layers.9.mixer.o_proj.weight":3.4180185794830322,"layers.9.mixer.qkv_proj.weight":5.968924522399902,"layers.9.mixer.value_write_gate_proj.weight":2.9086785316467285,"layers.9.mlp.w1.weight":2.6651358604431152,"layers.9.mlp.w2.weight":2.6653130054473877,"layers.9.mlp.w3.weight":2.665269613265991,"layers.9.norm_2.weight":0.04135427996516228,"lm_head.weight":8.234383583068848,"norm.weight":0.048241470009088516}},"node_id":"node-00000","node_rank":0,"node_update_submitted":true,"run_id":"run-actual-multinode-e97-8n-shortk-debug-4949891-20260706T212922Z","schema_version":1,"tokens":2049,"worker_reports":[{"base_generation":0,"error":null,"failed":false,"invalid":false,"losses":[13.736797332763672],"node_id":"node-00000","timed_out":false,"tokens":2049,"worker_id":"node-00000/worker-00000"}]},{"bounded_debug_update_kind":"metadata_quorum_no_dense_delta_storage","elapsed_s":29.80141697404906,"generation":0,"loss":14.298737525939941,"losses":[14.298737525939941],"metrics":{"accepted_updates":1,"checkpoint_duration_s":0.0,"checkpoint_paths":[],"checkpoint_sizes":{},"failed_updates":0,"generation":0,"generation_duration_s":15.497995537007228,"invalid_updates":0,"latest_advanced":false,"loss_moving_average":{"loss":14.298737525939941,"loss_100":14.298737525939941},"merge_duration_s":2.245647090021521,"participating_workers":1,"quorum_size":1,"quorum_status":"advanced","quorum_threshold":1,"rebase_duration_s":0.0,"requested_workers":1,"resume_source_generation":null,"run_id":"run-actual-multinode-e97-8n-shortk-debug-4949891-20260706T212922Z","schema_version":1,"stale_updates":0,"timed_out_updates":0,"tokens_per_generation":2049,"tokens_per_sec":132.2106458933512,"update_bytes":{"node":5506770496,"worker":5506770496},"update_norms":{"embedding.weight":7.826179027557373,"layer_norms.0.weight":0.04167946055531502,"layer_norms.1.weight":0.04137445241212845,"layer_norms.10.weight":0.041478049010038376,"layer_norms.2.weight":0.04137445241212845,"layer_norms.3.weight":0.04134274646639824,"layer_norms.4.weight":0.04137445241212845,"layer_norms.5.weight":0.04133986309170723,"layer_norms.6.weight":0.0413888581097126,"layer_norms.7.weight":0.04133986309170723,"layer_norms.8.weight":0.04137445241212845,"layer_norms.9.weight":0.041457924991846085,"layers.0.mixer.A_log":0.015065919607877731,"layers.0.mixer.a_proj.weight":0.44391965866088867,"layers.0.mixer.dt_bias":0.01760523021221161,"layers.0.mixer.erase_gate_proj.weight":0.5126184821128845,"layers.0.mixer.g_proj.weight":3.2801339626312256,"layers.0.mixer.o_proj.weight":3.321103572845459,"layers.0.mixer.qkv_proj.weight":5.749347686767578,"layers.0.mixer.value_write_gate_proj.weight":1.810886263847351,"layers.0.mlp.w1.weight":2.659024953842163,"layers.0.mlp.w2.weight":2.6593124866485596,"layers.0.mlp.w3.weight":2.666656970977783,"layers.0.norm_2.weight":0.041604313999414444,"layers.1.mixer.A_log":0.014463690109550953,"layers.1.mixer.a_proj.weight":0.5021774768829346,"layers.1.mixer.dt_bias":0.01787402853369713,"layers.1.mixer.erase_gate_proj.weight":0.734612226486206,"layers.1.mixer.g_proj.weight":3.359269142150879,"layers.1.mixer.o_proj.weight":3.3671813011169434,"layers.1.mixer.qkv_proj.weight":5.863845348358154,"layers.1.mixer.value_write_gate_proj.weight":2.2359347343444824,"layers.1.mlp.w1.weight":2.6516575813293457,"layers.1.mlp.w2.weight":2.6514248847961426,"layers.1.mlp.w3.weight":2.6600844860076904,"layers.1.norm_2.weight":0.04143337532877922,"layers.10.mixer.A_log":0.01607624813914299,"layers.10.mixer.a_proj.weight":0.5953199863433838,"layers.10.mixer.dt_bias":0.020853668451309204,"layers.10.mixer.erase_gate_proj.weight":2.209763288497925,"layers.10.mixer.g_proj.weight":3.426793336868286,"layers.10.mixer.o_proj.weight":3.4106900691986084,"layers.10.mixer.qkv_proj.weight":5.97485876083374,"layers.10.mixer.value_write_gate_proj.weight":2.9516923427581787,"layers.10.mlp.w1.weight":2.661343812942505,"layers.10.mlp.w2.weight":2.661773920059204,"layers.10.mlp.w3.weight":2.662097930908203,"layers.10.norm_2.weight":0.04137445241212845,"layers.2.mixer.A_log":0.014315184205770493,"layers.2.mixer.a_proj.weight":0.5009182095527649,"layers.2.mixer.dt_bias":0.018631625920534134,"layers.2.mixer.erase_gate_proj.weight":0.7423169016838074,"layers.2.mixer.g_proj.weight":3.3627002239227295,"layers.2.mixer.o_proj.weight":3.371952533721924,"layers.2.mixer.qkv_proj.weight":5.873324394226074,"layers.2.mixer.value_write_gate_proj.weight":2.281674385070801,"layers.2.mlp.w1.weight":2.6566672325134277,"layers.2.mlp.w2.weight":2.6562209129333496,"layers.2.mlp.w3.weight":2.6627860069274902,"layers.2.norm_2.weight":0.04150989651679993,"layers.3.mixer.A_log":0.014207563363015652,"layers.3.mixer.a_proj.weight":0.5124792456626892,"layers.3.mixer.dt_bias":0.01893625035881996,"layers.3.mixer.erase_gate_proj.weight":0.8055264353752136,"layers.3.mixer.g_proj.weight":3.3697686195373535,"layers.3.mixer.o_proj.weight":3.377237558364868,"layers.3.mixer.qkv_proj.weight":5.883209228515625,"layers.3.mixer.value_write_gate_proj.weight":2.339616298675537,"layers.3.mlp.w1.weight":2.6590921878814697,"layers.3.mlp.w2.weight":2.659055233001709,"layers.3.mlp.w3.weight":2.6642208099365234,"layers.3.norm_2.weight":0.041506778448820114,"layers.4.mixer.A_log":0.01438579335808754,"layers.4.mixer.a_proj.weight":0.5279375314712524,"layers.4.mixer.dt_bias":0.018406325951218605,"layers.4.mixer.erase_gate_proj.weight":0.9428890943527222,"layers.4.mixer.g_proj.weight":3.3770968914031982,"layers.4.mixer.o_proj.weight":3.3840010166168213,"layers.4.mixer.qkv_proj.weight":5.891786575317383,"layers.4.mixer.value_write_gate_proj.weight":2.416166067123413,"layers.4.mlp.w1.weight":2.661475658416748,"layers.4.mlp.w2.weight":2.6616053581237793,"layers.4.mlp.w3.weight":2.6658854484558105,"layers.4.norm_2.weight":0.04142634943127632,"layers.5.mixer.A_log":0.014876841567456722,"layers.5.mixer.a_proj.weight":0.5419387817382812,"layers.5.mixer.dt_bias":0.02027396485209465,"layers.5.mixer.erase_gate_proj.weight":1.088093876838684,"layers.5.mixer.g_proj.weight":3.387585401535034,"layers.5.mixer.o_proj.weight":3.395345687866211,"layers.5.mixer.qkv_proj.weight":5.907253265380859,"layers.5.mixer.value_write_gate_proj.weight":2.516106605529785,"layers.5.mlp.w1.weight":2.663041353225708,"layers.5.mlp.w2.weight":2.663461446762085,"layers.5.mlp.w3.weight":2.6670472621917725,"layers.5.norm_2.weight":0.041732437908649445,"layers.6.mixer.A_log":0.01630495674908161,"layers.6.mixer.a_proj.weight":0.5577164888381958,"layers.6.mixer.dt_bias":0.019773883745074272,"layers.6.mixer.erase_gate_proj.weight":1.3297696113586426,"layers.6.mixer.g_proj.weight":3.39638614654541,"layers.6.mixer.o_proj.weight":3.407268762588501,"layers.6.mixer.qkv_proj.weight":5.9271650314331055,"layers.6.mixer.value_write_gate_proj.weight":2.633517026901245,"layers.6.mlp.w1.weight":2.661759376525879,"layers.6.mlp.w2.weight":2.6624884605407715,"layers.6.mlp.w3.weight":2.666524648666382,"layers.6.norm_2.weight":0.04159260541200638,"layers.7.mixer.A_log":0.016244422644376755,"layers.7.mixer.a_proj.weight":0.5691510438919067,"layers.7.mixer.dt_bias":0.020646849647164345,"layers.7.mixer.erase_gate_proj.weight":1.5718960762023926,"layers.7.mixer.g_proj.weight":3.4010345935821533,"layers.7.mixer.o_proj.weight":3.4194512367248535,"layers.7.mixer.qkv_proj.weight":5.941375255584717,"layers.7.mixer.value_write_gate_proj.weight":2.753265380859375,"layers.7.mlp.w1.weight":2.6644647121429443,"layers.7.mlp.w2.weight":2.6654117107391357,"layers.7.mlp.w3.weight":2.667935848236084,"layers.7.norm_2.weight":0.041751306504011154,"layers.8.mixer.A_log":0.015841003507375717,"layers.8.mixer.a_proj.weight":0.5878691673278809,"layers.8.mixer.dt_bias":0.021306078881025314,"layers.8.mixer.erase_gate_proj.weight":1.918700933456421,"layers.8.mixer.g_proj.weight":3.4181830883026123,"layers.8.mixer.o_proj.weight":3.4325082302093506,"layers.8.mixer.qkv_proj.weight":5.961668491363525,"layers.8.mixer.value_write_gate_proj.weight":2.913053035736084,"layers.8.mlp.w1.weight":2.6673967838287354,"layers.8.mlp.w2.weight":2.6678860187530518,"layers.8.mlp.w3.weight":2.668708086013794,"layers.8.norm_2.weight":0.04136868938803673,"layers.9.mixer.A_log":0.015440808609127998,"layers.9.mixer.a_proj.weight":0.5932642817497253,"layers.9.mixer.dt_bias":0.02087652124464512,"layers.9.mixer.erase_gate_proj.weight":2.08998966217041,"layers.9.mixer.g_proj.weight":3.427682399749756,"layers.9.mixer.o_proj.weight":3.42983078956604,"layers.9.mixer.qkv_proj.weight":5.971110820770264,"layers.9.mixer.value_write_gate_proj.weight":2.944530487060547,"layers.9.mlp.w1.weight":2.665602684020996,"layers.9.mlp.w2.weight":2.6657698154449463,"layers.9.mlp.w3.weight":2.666229248046875,"layers.9.norm_2.weight":0.04133986309170723,"lm_head.weight":7.826179027557373,"norm.weight":0.04824051260948181}},"node_id":"node-00001","node_rank":1,"node_update_submitted":true,"run_id":"run-actual-multinode-e97-8n-shortk-debug-4949891-20260706T212922Z","schema_version":1,"tokens":2049,"worker_reports":[{"base_generation":0,"error":null,"failed":false,"invalid":false,"losses":[14.298737525939941],"node_id":"node-00001","timed_out":false,"tokens":2049,"worker_id":"node-00001/worker-00000"}]},{"bounded_debug_update_kind":"metadata_quorum_no_dense_delta_storage","elapsed_s":29.128484604880214,"generation":0,"loss":14.509368896484375,"losses":[14.509368896484375],"metrics":{"accepted_updates":1,"checkpoint_duration_s":0.0,"checkpoint_paths":[],"checkpoint_sizes":{},"failed_updates":0,"generation":0,"generation_duration_s":14.847280113957822,"invalid_updates":0,"latest_advanced":false,"loss_moving_average":{"loss":14.509368896484375,"loss_100":14.509368896484375},"merge_duration_s":2.2593566179275513,"participating_workers":1,"quorum_size":1,"quorum_status":"advanced","quorum_threshold":1,"rebase_duration_s":0.0,"requested_workers":1,"resume_source_generation":null,"run_id":"run-actual-multinode-e97-8n-shortk-debug-4949891-20260706T212922Z","schema_version":1,"stale_updates":0,"timed_out_updates":0,"tokens_per_generation":2049,"tokens_per_sec":138.00507461792614,"update_bytes":{"node":5506770496,"worker":5506770496},"update_norms":{"embedding.weight":8.02967643737793,"layer_norms.0.weight":0.04167373850941658,"layer_norms.1.weight":0.04137445241212845,"layer_norms.10.weight":0.041478049010038376,"layer_norms.2.weight":0.04137445241212845,"layer_norms.3.weight":0.04134274646639824,"layer_norms.4.weight":0.04132832959294319,"layer_norms.5.weight":0.04137445241212845,"layer_norms.6.weight":0.04133986309170723,"layer_norms.7.weight":0.04133986309170723,"layer_norms.8.weight":0.04137445241212845,"layer_norms.9.weight":0.04144354537129402,"layers.0.mixer.A_log":0.013943961821496487,"layers.0.mixer.a_proj.weight":0.43429672718048096,"layers.0.mixer.dt_bias":0.016282550990581512,"layers.0.mixer.erase_gate_proj.weight":0.4674700200557709,"layers.0.mixer.g_proj.weight":3.281726121902466,"layers.0.mixer.o_proj.weight":3.31294846534729,"layers.0.mixer.qkv_proj.weight":5.7463202476501465,"layers.0.mixer.value_write_gate_proj.weight":1.8113141059875488,"layers.0.mlp.w1.weight":2.658911943435669,"layers.0.mlp.w2.weight":2.6591875553131104,"layers.0.mlp.w3.weight":2.665964126586914,"layers.0.norm_2.weight":0.04149474948644638,"layers.1.mixer.A_log":0.013885196298360825,"layers.1.mixer.a_proj.weight":0.4940406084060669,"layers.1.mixer.dt_bias":0.017854008823633194,"layers.1.mixer.erase_gate_proj.weight":0.6910785436630249,"layers.1.mixer.g_proj.weight":3.3587684631347656,"layers.1.mixer.o_proj.weight":3.3596441745758057,"layers.1.mixer.qkv_proj.weight":5.864837646484375,"layers.1.mixer.value_write_gate_proj.weight":2.234055757522583,"layers.1.mlp.w1.weight":2.651423692703247,"layers.1.mlp.w2.weight":2.651350259780884,"layers.1.mlp.w3.weight":2.6586756706237793,"layers.1.norm_2.weight":0.04136314243078232,"layers.10.mixer.A_log":0.016315577551722527,"layers.10.mixer.a_proj.weight":0.5934605598449707,"layers.10.mixer.dt_bias":0.020669931545853615,"layers.10.mixer.erase_gate_proj.weight":2.142343521118164,"layers.10.mixer.g_proj.weight":3.427500009536743,"layers.10.mixer.o_proj.weight":3.412091016769409,"layers.10.mixer.qkv_proj.weight":5.973886966705322,"layers.10.mixer.value_write_gate_proj.weight":2.957954168319702,"layers.10.mlp.w1.weight":2.6615426540374756,"layers.10.mlp.w2.weight":2.6619651317596436,"layers.10.mlp.w3.weight":2.662465810775757,"layers.10.norm_2.weight":0.04137445241212845,"layers.2.mixer.A_log":0.013888280838727951,"layers.2.mixer.a_proj.weight":0.4951906204223633,"layers.2.mixer.dt_bias":0.017953883856534958,"layers.2.mixer.erase_gate_proj.weight":0.6958001255989075,"layers.2.mixer.g_proj.weight":3.3625495433807373,"layers.2.mixer.o_proj.weight":3.3648953437805176,"layers.2.mixer.qkv_proj.weight":5.871551513671875,"layers.2.mixer.value_write_gate_proj.weight":2.2797000408172607,"layers.2.mlp.w1.weight":2.656567096710205,"layers.2.mlp.w2.weight":2.656215190887451,"layers.2.mlp.w3.weight":2.6615090370178223,"layers.2.norm_2.weight":0.041524551808834076,"layers.3.mixer.A_log":0.014082101173698902,"layers.3.mixer.a_proj.weight":0.5086483359336853,"layers.3.mixer.dt_bias":0.017900686711072922,"layers.3.mixer.erase_gate_proj.weight":0.7702639698982239,"layers.3.mixer.g_proj.weight":3.369450330734253,"layers.3.mixer.o_proj.weight":3.3700954914093018,"layers.3.mixer.qkv_proj.weight":5.881412506103516,"layers.3.mixer.value_write_gate_proj.weight":2.3405466079711914,"layers.3.mlp.w1.weight":2.659074068069458,"layers.3.mlp.w2.weight":2.659075975418091,"layers.3.mlp.w3.weight":2.6633729934692383,"layers.3.norm_2.weight":0.04146726801991463,"layers.4.mixer.A_log":0.01435247901827097,"layers.4.mixer.a_proj.weight":0.5236493349075317,"layers.4.mixer.dt_bias":0.01826981082558632,"layers.4.mixer.erase_gate_proj.weight":0.9073407053947449,"layers.4.mixer.g_proj.weight":3.3780360221862793,"layers.4.mixer.o_proj.weight":3.3788182735443115,"layers.4.mixer.qkv_proj.weight":5.892256736755371,"layers.4.mixer.value_write_gate_proj.weight":2.419914484024048,"layers.4.mlp.w1.weight":2.661485195159912,"layers.4.mlp.w2.weight":2.661673069000244,"layers.4.mlp.w3.weight":2.665208339691162,"layers.4.norm_2.weight":0.041439253836870193,"layers.5.mixer.A_log":0.014763948507606983,"layers.5.mixer.a_proj.weight":0.5375926494598389,"layers.5.mixer.dt_bias":0.020397068932652473,"layers.5.mixer.erase_gate_proj.weight":1.0657150745391846,"layers.5.mixer.g_proj.weight":3.3878421783447266,"layers.5.mixer.o_proj.weight":3.3893589973449707,"layers.5.mixer.qkv_proj.weight":5.907108306884766,"layers.5.mixer.value_write_gate_proj.weight":2.516305923461914,"layers.5.mlp.w1.weight":2.6630938053131104,"layers.5.mlp.w2.weight":2.663428783416748,"layers.5.mlp.w3.weight":2.666320323944092,"layers.5.norm_2.weight":0.04169953241944313,"layers.6.mixer.A_log":0.015467926859855652,"layers.6.mixer.a_proj.weight":0.5536969900131226,"layers.6.mixer.dt_bias":0.018986545503139496,"layers.6.mixer.erase_gate_proj.weight":1.3076856136322021,"layers.6.mixer.g_proj.weight":3.3955390453338623,"layers.6.mixer.o_proj.weight":3.4013233184814453,"layers.6.mixer.qkv_proj.weight":5.924983024597168,"layers.6.mixer.value_write_gate_proj.weight":2.6300048828125,"layers.6.mlp.w1.weight":2.661754846572876,"layers.6.mlp.w2.weight":2.6624622344970703,"layers.6.mlp.w3.weight":2.6658663749694824,"layers.6.norm_2.weight":0.04169633612036705,"layers.7.mixer.A_log":0.015286356210708618,"layers.7.mixer.a_proj.weight":0.566382110118866,"layers.7.mixer.dt_bias":0.0205078125,"layers.7.mixer.erase_gate_proj.weight":1.550392985343933,"layers.7.mixer.g_proj.weight":3.40160870552063,"layers.7.mixer.o_proj.weight":3.414977788925171,"layers.7.mixer.qkv_proj.weight":5.9409942626953125,"layers.7.mixer.value_write_gate_proj.weight":2.7556815147399902,"layers.7.mlp.w1.weight":2.664551019668579,"layers.7.mlp.w2.weight":2.6654891967773438,"layers.7.mlp.w3.weight":2.667651414871216,"layers.7.norm_2.weight":0.041865359991788864,"layers.8.mixer.A_log":0.015701256692409515,"layers.8.mixer.a_proj.weight":0.5876891016960144,"layers.8.mixer.dt_bias":0.021306078881025314,"layers.8.mixer.erase_gate_proj.weight":1.9274554252624512,"layers.8.mixer.g_proj.weight":3.4179601669311523,"layers.8.mixer.o_proj.weight":3.428631067276001,"layers.8.mixer.qkv_proj.weight":5.961881160736084,"layers.8.mixer.value_write_gate_proj.weight":2.914186954498291,"layers.8.mlp.w1.weight":2.667553186416626,"layers.8.mlp.w2.weight":2.6680312156677246,"layers.8.mlp.w3.weight":2.668522357940674,"layers.8.norm_2.weight":0.04139898344874382,"layers.9.mixer.A_log":0.015444789081811905,"layers.9.mixer.a_proj.weight":0.5922492146492004,"layers.9.mixer.dt_bias":0.020784957334399223,"layers.9.mixer.erase_gate_proj.weight":2.081582546234131,"layers.9.mixer.g_proj.weight":3.427673816680908,"layers.9.mixer.o_proj.weight":3.4260241985321045,"layers.9.mixer.qkv_proj.weight":5.971761703491211,"layers.9.mixer.value_write_gate_proj.weight":2.949033498764038,"layers.9.mlp.w1.weight":2.6659226417541504,"layers.9.mlp.w2.weight":2.66607666015625,"layers.9.mlp.w3.weight":2.6661300659179688,"layers.9.norm_2.weight":0.04133986309170723,"lm_head.weight":8.02967643737793,"norm.weight":0.04824051260948181}},"node_id":"node-00002","node_rank":2,"node_update_submitted":true,"run_id":"run-actual-multinode-e97-8n-shortk-debug-4949891-20260706T212922Z","schema_version":1,"tokens":2049,"worker_reports":[{"base_generation":0,"error":null,"failed":false,"invalid":false,"losses":[14.509368896484375],"node_id":"node-00002","timed_out":false,"tokens":2049,"worker_id":"node-00002/worker-00000"}]},{"bounded_debug_update_kind":"metadata_quorum_no_dense_delta_storage","elapsed_s":29.048543413868174,"generation":0,"loss":13.915630340576172,"losses":[13.915630340576172],"metrics":{"accepted_updates":1,"checkpoint_duration_s":0.0,"checkpoint_paths":[],"checkpoint_sizes":{},"failed_updates":0,"generation":0,"generation_duration_s":14.744881720049307,"invalid_updates":0,"latest_advanced":false,"loss_moving_average":{"loss":13.915630340576172,"loss_100":13.915630340576172},"merge_duration_s":2.2484958569984883,"participating_workers":1,"quorum_size":1,"quorum_status":"advanced","quorum_threshold":1,"rebase_duration_s":0.0,"requested_workers":1,"resume_source_generation":null,"run_id":"run-actual-multinode-e97-8n-shortk-debug-4949891-20260706T212922Z","schema_version":1,"stale_updates":0,"timed_out_updates":0,"tokens_per_generation":2049,"tokens_per_sec":138.96347484523247,"update_bytes":{"node":5506770496,"worker":5506770496},"update_norms":{"embedding.weight":7.877881050109863,"layer_norms.0.weight":0.041736625134944916,"layer_norms.1.weight":0.04136292636394501,"layer_norms.10.weight":0.041478049010038376,"layer_norms.2.weight":0.04137445241212845,"layer_norms.3.weight":0.04133986309170723,"layer_norms.4.weight":0.04137445241212845,"layer_norms.5.weight":0.04133986309170723,"layer_norms.6.weight":0.04135427996516228,"layer_norms.7.weight":0.04133986309170723,"layer_norms.8.weight":0.04137445241212845,"layer_norms.9.weight":0.04144354537129402,"layers.0.mixer.A_log":0.013767723925411701,"layers.0.mixer.a_proj.weight":0.4299805462360382,"layers.0.mixer.dt_bias":0.016282550990581512,"layers.0.mixer.erase_gate_proj.weight":0.4698522984981537,"layers.0.mixer.g_proj.weight":3.2671117782592773,"layers.0.mixer.o_proj.weight":3.3062593936920166,"layers.0.mixer.qkv_proj.weight":5.730288982391357,"layers.0.mixer.value_write_gate_proj.weight":1.7653475999832153,"layers.0.mlp.w1.weight":2.6574389934539795,"layers.0.mlp.w2.weight":2.6577041149139404,"layers.0.mlp.w3.weight":2.6649117469787598,"layers.0.norm_2.weight":0.04157063364982605,"layers.1.mixer.A_log":0.01394830271601677,"layers.1.mixer.a_proj.weight":0.4874767065048218,"layers.1.mixer.dt_bias":0.016457322984933853,"layers.1.mixer.erase_gate_proj.weight":0.6609699726104736,"layers.1.mixer.g_proj.weight":3.349501371383667,"layers.1.mixer.o_proj.weight":3.3542017936706543,"layers.1.mixer.qkv_proj.weight":5.853826999664307,"layers.1.mixer.value_write_gate_proj.weight":2.1841557025909424,"layers.1.mlp.w1.weight":2.6493868827819824,"layers.1.mlp.w2.weight":2.6493282318115234,"layers.1.mlp.w3.weight":2.657766103744507,"layers.1.norm_2.weight":0.041404686868190765,"layers.10.mixer.A_log":0.016282550990581512,"layers.10.mixer.a_proj.weight":0.5920799970626831,"layers.10.mixer.dt_bias":0.020692989230155945,"layers.10.mixer.erase_gate_proj.weight":2.0894134044647217,"layers.10.mixer.g_proj.weight":3.4190611839294434,"layers.10.mixer.o_proj.weight":3.4021265506744385,"layers.10.mixer.qkv_proj.weight":5.968572616577148,"layers.10.mixer.value_write_gate_proj.weight":2.9063639640808105,"layers.10.mlp.w1.weight":2.6599528789520264,"layers.10.mlp.w2.weight":2.66044282913208,"layers.10.mlp.w3.weight":2.6607651710510254,"layers.10.norm_2.weight":0.04137445241212845,"layers.2.mixer.A_log":0.013776109553873539,"layers.2.mixer.a_proj.weight":0.4889548122882843,"layers.2.mixer.dt_bias":0.017414603382349014,"layers.2.mixer.erase_gate_proj.weight":0.6595174670219421,"layers.2.mixer.g_proj.weight":3.3533384799957275,"layers.2.mixer.o_proj.weight":3.3596529960632324,"layers.2.mixer.qkv_proj.weight":5.86131477355957,"layers.2.mixer.value_write_gate_proj.weight":2.231832265853882,"layers.2.mlp.w1.weight":2.6548655033111572,"layers.2.mlp.w2.weight":2.6543753147125244,"layers.2.mlp.w3.weight":2.660707473754883,"layers.2.norm_2.weight":0.041525643318891525,"layers.3.mixer.A_log":0.014260821975767612,"layers.3.mixer.a_proj.weight":0.5004771947860718,"layers.3.mixer.dt_bias":0.017719967290759087,"layers.3.mixer.erase_gate_proj.weight":0.7309661507606506,"layers.3.mixer.g_proj.weight":3.360316753387451,"layers.3.mixer.o_proj.weight":3.3656880855560303,"layers.3.mixer.qkv_proj.weight":5.8734869956970215,"layers.3.mixer.value_write_gate_proj.weight":2.29555344581604,"layers.3.mlp.w1.weight":2.6576380729675293,"layers.3.mlp.w2.weight":2.657557725906372,"layers.3.mlp.w3.weight":2.6624460220336914,"layers.3.norm_2.weight":0.0415620282292366,"layers.4.mixer.A_log":0.01471339724957943,"layers.4.mixer.a_proj.weight":0.517640233039856,"layers.4.mixer.dt_bias":0.01850965991616249,"layers.4.mixer.erase_gate_proj.weight":0.8648954629898071,"layers.4.mixer.g_proj.weight":3.369882106781006,"layers.4.mixer.o_proj.weight":3.37395977973938,"layers.4.mixer.qkv_proj.weight":5.8821306228637695,"layers.4.mixer.value_write_gate_proj.weight":2.3738908767700195,"layers.4.mlp.w1.weight":2.660008192062378,"layers.4.mlp.w2.weight":2.6601996421813965,"layers.4.mlp.w3.weight":2.6641461849212646,"layers.4.norm_2.weight":0.04146476835012436,"layers.5.mixer.A_log":0.014906579628586769,"layers.5.mixer.a_proj.weight":0.5342296361923218,"layers.5.mixer.dt_bias":0.019677188247442245,"layers.5.mixer.erase_gate_proj.weight":1.0019540786743164,"layers.5.mixer.g_proj.weight":3.379027843475342,"layers.5.mixer.o_proj.weight":3.3840272426605225,"layers.5.mixer.qkv_proj.weight":5.899057388305664,"layers.5.mixer.value_write_gate_proj.weight":2.468360185623169,"layers.5.mlp.w1.weight":2.6616673469543457,"layers.5.mlp.w2.weight":2.6621153354644775,"layers.5.mlp.w3.weight":2.6654016971588135,"layers.5.norm_2.weight":0.041755955666303635,"layers.6.mixer.A_log":0.015563844703137875,"layers.6.mixer.a_proj.weight":0.5511255860328674,"layers.6.mixer.dt_bias":0.019086739048361778,"layers.6.mixer.erase_gate_proj.weight":1.268000602722168,"layers.6.mixer.g_proj.weight":3.389563798904419,"layers.6.mixer.o_proj.weight":3.398545265197754,"layers.6.mixer.qkv_proj.weight":5.920172691345215,"layers.6.mixer.value_write_gate_proj.weight":2.5963542461395264,"layers.6.mlp.w1.weight":2.660515546798706,"layers.6.mlp.w2.weight":2.661114454269409,"layers.6.mlp.w3.weight":2.665044069290161,"layers.6.norm_2.weight":0.041644055396318436,"layers.7.mixer.A_log":0.015039770863950253,"layers.7.mixer.a_proj.weight":0.5654706954956055,"layers.7.mixer.dt_bias":0.02027396485209465,"layers.7.mixer.erase_gate_proj.weight":1.5120341777801514,"layers.7.mixer.g_proj.weight":3.3958780765533447,"layers.7.mixer.o_proj.weight":3.4124860763549805,"layers.7.mixer.qkv_proj.weight":5.93764591217041,"layers.7.mixer.value_write_gate_proj.weight":2.726989507675171,"layers.7.mlp.w1.weight":2.6632580757141113,"layers.7.mlp.w2.weight":2.6642673015594482,"layers.7.mlp.w3.weight":2.666718006134033,"layers.7.norm_2.weight":0.041851483285427094,"layers.8.mixer.A_log":0.015596393495798111,"layers.8.mixer.a_proj.weight":0.5860031247138977,"layers.8.mixer.dt_bias":0.021035799756646156,"layers.8.mixer.erase_gate_proj.weight":1.8734508752822876,"layers.8.mixer.g_proj.weight":3.4134843349456787,"layers.8.mixer.o_proj.weight":3.426398277282715,"layers.8.mixer.qkv_proj.weight":5.958103179931641,"layers.8.mixer.value_write_gate_proj.weight":2.888176441192627,"layers.8.mlp.w1.weight":2.6664912700653076,"layers.8.mlp.w2.weight":2.6669516563415527,"layers.8.mlp.w3.weight":2.667665958404541,"layers.8.norm_2.weight":0.041397497057914734,"layers.9.mixer.A_log":0.015563844703137875,"layers.9.mixer.a_proj.weight":0.5904436111450195,"layers.9.mixer.dt_bias":0.02087652124464512,"layers.9.mixer.erase_gate_proj.weight":2.0398430824279785,"layers.9.mixer.g_proj.weight":3.4217069149017334,"layers.9.mixer.o_proj.weight":3.422717571258545,"layers.9.mixer.qkv_proj.weight":5.967587471008301,"layers.9.mixer.value_write_gate_proj.weight":2.916456937789917,"layers.9.mlp.w1.weight":2.6645262241363525,"layers.9.mlp.w2.weight":2.664680004119873,"layers.9.mlp.w3.weight":2.6650352478027344,"layers.9.norm_2.weight":0.04135427996516228,"lm_head.weight":7.877881050109863,"norm.weight":0.04824051260948181}},"node_id":"node-00003","node_rank":3,"node_update_submitted":true,"run_id":"run-actual-multinode-e97-8n-shortk-debug-4949891-20260706T212922Z","schema_version":1,"tokens":2049,"worker_reports":[{"base_generation":0,"error":null,"failed":false,"invalid":false,"losses":[13.915630340576172],"node_id":"node-00003","timed_out":false,"tokens":2049,"worker_id":"node-00003/worker-00000"}]},{"bounded_debug_update_kind":"metadata_quorum_no_dense_delta_storage","elapsed_s":29.096776898019016,"generation":0,"loss":13.835739135742188,"losses":[13.835739135742188],"metrics":{"accepted_updates":1,"checkpoint_duration_s":0.0,"checkpoint_paths":[],"checkpoint_sizes":{},"failed_updates":0,"generation":0,"generation_duration_s":14.762639267137274,"invalid_updates":0,"latest_advanced":false,"loss_moving_average":{"loss":13.835739135742188,"loss_100":13.835739135742188},"merge_duration_s":2.2392819600645453,"participating_workers":1,"quorum_size":1,"quorum_status":"advanced","quorum_threshold":1,"rebase_duration_s":0.0,"requested_workers":1,"resume_source_generation":null,"run_id":"run-actual-multinode-e97-8n-shortk-debug-4949891-20260706T212922Z","schema_version":1,"stale_updates":0,"timed_out_updates":0,"tokens_per_generation":2049,"tokens_per_sec":138.79631974488638,"update_bytes":{"node":5506770496,"worker":5506770496},"update_norms":{"embedding.weight":8.12973403930664,"layer_norms.0.weight":0.0416143424808979,"layer_norms.1.weight":0.04136292636394501,"layer_norms.10.weight":0.041478049010038376,"layer_norms.2.weight":0.04140901193022728,"layer_norms.3.weight":0.04135427996516228,"layer_norms.4.weight":0.04137445241212845,"layer_norms.5.weight":0.04136580973863602,"layer_norms.6.weight":0.0413888581097126,"layer_norms.7.weight":0.04133986309170723,"layer_norms.8.weight":0.04136292636394501,"layer_norms.9.weight":0.041457924991846085,"layers.0.mixer.A_log":0.014172384515404701,"layers.0.mixer.a_proj.weight":0.4319809377193451,"layers.0.mixer.dt_bias":0.01711772195994854,"layers.0.mixer.erase_gate_proj.weight":0.4699174761772156,"layers.0.mixer.g_proj.weight":3.278679370880127,"layers.0.mixer.o_proj.weight":3.320730686187744,"layers.0.mixer.qkv_proj.weight":5.750097274780273,"layers.0.mixer.value_write_gate_proj.weight":1.807617425918579,"layers.0.mlp.w1.weight":2.659372329711914,"layers.0.mlp.w2.weight":2.6595423221588135,"layers.0.mlp.w3.weight":2.667147636413574,"layers.0.norm_2.weight":0.04153620824217796,"layers.1.mixer.A_log":0.013795565813779831,"layers.1.mixer.a_proj.weight":0.49219995737075806,"layers.1.mixer.dt_bias":0.017414603382349014,"layers.1.mixer.erase_gate_proj.weight":0.6832289695739746,"layers.1.mixer.g_proj.weight":3.35779070854187,"layers.1.mixer.o_proj.weight":3.3666961193084717,"layers.1.mixer.qkv_proj.weight":5.863765716552734,"layers.1.mixer.value_write_gate_proj.weight":2.235029458999634,"layers.1.mlp.w1.weight":2.6520683765411377,"layers.1.mlp.w2.weight":2.651942729949951,"layers.1.mlp.w3.weight":2.660720109939575,"layers.1.norm_2.weight":0.04139033704996109,"layers.10.mixer.A_log":0.016311809420585632,"layers.10.mixer.a_proj.weight":0.5939158797264099,"layers.10.mixer.dt_bias":0.02096768654882908,"layers.10.mixer.erase_gate_proj.weight":2.1620256900787354,"layers.10.mixer.g_proj.weight":3.425823211669922,"layers.10.mixer.o_proj.weight":3.4055793285369873,"layers.10.mixer.qkv_proj.weight":5.974399089813232,"layers.10.mixer.value_write_gate_proj.weight":2.950438976287842,"layers.10.mlp.w1.weight":2.66170072555542,"layers.10.mlp.w2.weight":2.6621756553649902,"layers.10.mlp.w3.weight":2.662323236465454,"layers.10.norm_2.weight":0.04137445241212845,"layers.2.mixer.A_log":0.012775024399161339,"layers.2.mixer.a_proj.weight":0.4902462065219879,"layers.2.mixer.dt_bias":0.017578125,"layers.2.mixer.erase_gate_proj.weight":0.6876220703125,"layers.2.mixer.g_proj.weight":3.364384889602661,"layers.2.mixer.o_proj.weight":3.37437105178833,"layers.2.mixer.qkv_proj.weight":5.871554851531982,"layers.2.mixer.value_write_gate_proj.weight":2.293315887451172,"layers.2.mlp.w1.weight":2.657442808151245,"layers.2.mlp.w2.weight":2.656893014907837,"layers.2.mlp.w3.weight":2.6636931896209717,"layers.2.norm_2.weight":0.04154752939939499,"layers.3.mixer.A_log":0.014469065703451633,"layers.3.mixer.a_proj.weight":0.5016023516654968,"layers.3.mixer.dt_bias":0.018689120188355446,"layers.3.mixer.erase_gate_proj.weight":0.7565950155258179,"layers.3.mixer.g_proj.weight":3.3699214458465576,"layers.3.mixer.o_proj.weight":3.3782670497894287,"layers.3.mixer.qkv_proj.weight":5.882602214813232,"layers.3.mixer.value_write_gate_proj.weight":2.3488898277282715,"layers.3.mlp.w1.weight":2.6595571041107178,"layers.3.mlp.w2.weight":2.6596076488494873,"layers.3.mlp.w3.weight":2.664811134338379,"layers.3.norm_2.weight":0.041490260511636734,"layers.4.mixer.A_log":0.013892974704504013,"layers.4.mixer.a_proj.weight":0.5193670392036438,"layers.4.mixer.dt_bias":0.01839984767138958,"layers.4.mixer.erase_gate_proj.weight":0.8787064552307129,"layers.4.mixer.g_proj.weight":3.3788981437683105,"layers.4.mixer.o_proj.weight":3.386275291442871,"layers.4.mixer.qkv_proj.weight":5.893121719360352,"layers.4.mixer.value_write_gate_proj.weight":2.428997278213501,"layers.4.mlp.w1.weight":2.6618669033050537,"layers.4.mlp.w2.weight":2.6621272563934326,"layers.4.mlp.w3.weight":2.666557788848877,"layers.4.norm_2.weight":0.041453633457422256,"layers.5.mixer.A_log":0.014624003320932388,"layers.5.mixer.a_proj.weight":0.533986508846283,"layers.5.mixer.dt_bias":0.020379528403282166,"layers.5.mixer.erase_gate_proj.weight":1.0224909782409668,"layers.5.mixer.g_proj.weight":3.3869667053222656,"layers.5.mixer.o_proj.weight":3.395540237426758,"layers.5.mixer.qkv_proj.weight":5.907921314239502,"layers.5.mixer.value_write_gate_proj.weight":2.5197384357452393,"layers.5.mlp.w1.weight":2.663400173187256,"layers.5.mlp.w2.weight":2.663715124130249,"layers.5.mlp.w3.weight":2.667402744293213,"layers.5.norm_2.weight":0.04165877401828766,"layers.6.mixer.A_log":0.015934735536575317,"layers.6.mixer.a_proj.weight":0.5507056713104248,"layers.6.mixer.dt_bias":0.01923605054616928,"layers.6.mixer.erase_gate_proj.weight":1.2841744422912598,"layers.6.mixer.g_proj.weight":3.3980653285980225,"layers.6.mixer.o_proj.weight":3.4097342491149902,"layers.6.mixer.qkv_proj.weight":5.928963661193848,"layers.6.mixer.value_write_gate_proj.weight":2.652608633041382,"layers.6.mlp.w1.weight":2.6621322631835938,"layers.6.mlp.w2.weight":2.6628615856170654,"layers.6.mlp.w3.weight":2.6668667793273926,"layers.6.norm_2.weight":0.04168378934264183,"layers.7.mixer.A_log":0.01613662578165531,"layers.7.mixer.a_proj.weight":0.56671541929245,"layers.7.mixer.dt_bias":0.020944932475686073,"layers.7.mixer.erase_gate_proj.weight":1.5416154861450195,"layers.7.mixer.g_proj.weight":3.4019558429718018,"layers.7.mixer.o_proj.weight":3.420494794845581,"layers.7.mixer.qkv_proj.weight":5.944647312164307,"layers.7.mixer.value_write_gate_proj.weight":2.767695426940918,"layers.7.mlp.w1.weight":2.664883852005005,"layers.7.mlp.w2.weight":2.665923595428467,"layers.7.mlp.w3.weight":2.6682116985321045,"layers.7.norm_2.weight":0.041787318885326385,"layers.8.mixer.A_log":0.015839094296097755,"layers.8.mixer.a_proj.weight":0.5871887803077698,"layers.8.mixer.dt_bias":0.021109342575073242,"layers.8.mixer.erase_gate_proj.weight":1.934626579284668,"layers.8.mixer.g_proj.weight":3.4200127124786377,"layers.8.mixer.o_proj.weight":3.4347662925720215,"layers.8.mixer.qkv_proj.weight":5.965672969818115,"layers.8.mixer.value_write_gate_proj.weight":2.93247652053833,"layers.8.mlp.w1.weight":2.6676506996154785,"layers.8.mlp.w2.weight":2.668107271194458,"layers.8.mlp.w3.weight":2.668994188308716,"layers.8.norm_2.weight":0.041384581476449966,"layers.9.mixer.A_log":0.015563844703137875,"layers.9.mixer.a_proj.weight":0.5914236903190613,"layers.9.mixer.dt_bias":0.02087652124464512,"layers.9.mixer.erase_gate_proj.weight":2.056556463241577,"layers.9.mixer.g_proj.weight":3.422175645828247,"layers.9.mixer.o_proj.weight":3.4236576557159424,"layers.9.mixer.qkv_proj.weight":5.969618320465088,"layers.9.mixer.value_write_gate_proj.weight":2.9238505363464355,"layers.9.mlp.w1.weight":2.665354013442993,"layers.9.mlp.w2.weight":2.66549015045166,"layers.9.mlp.w3.weight":2.665797472000122,"layers.9.norm_2.weight":0.04133986309170723,"lm_head.weight":8.12973403930664,"norm.weight":0.04824051260948181}},"node_id":"node-00004","node_rank":4,"node_update_submitted":true,"run_id":"run-actual-multinode-e97-8n-shortk-debug-4949891-20260706T212922Z","schema_version":1,"tokens":2049,"worker_reports":[{"base_generation":0,"error":null,"failed":false,"invalid":false,"losses":[13.835739135742188],"node_id":"node-00004","timed_out":false,"tokens":2049,"worker_id":"node-00004/worker-00000"}]},{"bounded_debug_update_kind":"metadata_quorum_no_dense_delta_storage","elapsed_s":30.159859505016357,"generation":0,"loss":13.52777099609375,"losses":[13.52777099609375],"metrics":{"accepted_updates":1,"checkpoint_duration_s":0.0,"checkpoint_paths":[],"checkpoint_sizes":{},"failed_updates":0,"generation":0,"generation_duration_s":15.864078871905804,"invalid_updates":0,"latest_advanced":false,"loss_moving_average":{"loss":13.52777099609375,"loss_100":13.52777099609375},"merge_duration_s":2.238899593008682,"participating_workers":1,"quorum_size":1,"quorum_status":"advanced","quorum_threshold":1,"rebase_duration_s":0.0,"requested_workers":1,"resume_source_generation":null,"run_id":"run-actual-multinode-e97-8n-shortk-debug-4949891-20260706T212922Z","schema_version":1,"stale_updates":0,"timed_out_updates":0,"tokens_per_generation":2049,"tokens_per_sec":129.15972093587095,"update_bytes":{"node":5506770496,"worker":5506770496},"update_norms":{"embedding.weight":8.313014030456543,"layer_norms.0.weight":0.04170537367463112,"layer_norms.1.weight":0.04137445241212845,"layer_norms.10.weight":0.041478049010038376,"layer_norms.2.weight":0.04136292636394501,"layer_norms.3.weight":0.04135427996516228,"layer_norms.4.weight":0.041375938802957535,"layer_norms.5.weight":0.04135427996516228,"layer_norms.6.weight":0.041316788643598557,"layer_norms.7.weight":0.04132832959294319,"layer_norms.8.weight":0.04137445241212845,"layer_norms.9.weight":0.04144354537129402,"layers.0.mixer.A_log":0.014020693488419056,"layers.0.mixer.a_proj.weight":0.4368652105331421,"layers.0.mixer.dt_bias":0.01708984375,"layers.0.mixer.erase_gate_proj.weight":0.4914906620979309,"layers.0.mixer.g_proj.weight":3.2731680870056152,"layers.0.mixer.o_proj.weight":3.313040018081665,"layers.0.mixer.qkv_proj.weight":5.739497184753418,"layers.0.mixer.value_write_gate_proj.weight":1.7933242321014404,"layers.0.mlp.w1.weight":2.6578826904296875,"layers.0.mlp.w2.weight":2.6583662033081055,"layers.0.mlp.w3.weight":2.6657474040985107,"layers.0.norm_2.weight":0.041671592742204666,"layers.1.mixer.A_log":0.013065516017377377,"layers.1.mixer.a_proj.weight":0.49377429485321045,"layers.1.mixer.dt_bias":0.01776699721813202,"layers.1.mixer.erase_gate_proj.weight":0.6900691390037537,"layers.1.mixer.g_proj.weight":3.352464199066162,"layers.1.mixer.o_proj.weight":3.357342481613159,"layers.1.mixer.qkv_proj.weight":5.85416316986084,"layers.1.mixer.value_write_gate_proj.weight":2.2010552883148193,"layers.1.mlp.w1.weight":2.650092124938965,"layers.1.mlp.w2.weight":2.649960994720459,"layers.1.mlp.w3.weight":2.6584057807922363,"layers.1.norm_2.weight":0.041406888514757156,"layers.10.mixer.A_log":0.016428323462605476,"layers.10.mixer.a_proj.weight":0.5950502753257751,"layers.10.mixer.dt_bias":0.02087652124464512,"layers.10.mixer.erase_gate_proj.weight":2.245105266571045,"layers.10.mixer.g_proj.weight":3.4244918823242188,"layers.10.mixer.o_proj.weight":3.4051947593688965,"layers.10.mixer.qkv_proj.weight":5.973628044128418,"layers.10.mixer.value_write_gate_proj.weight":2.9490973949432373,"layers.10.mlp.w1.weight":2.6611061096191406,"layers.10.mlp.w2.weight":2.6615567207336426,"layers.10.mlp.w3.weight":2.661773681640625,"layers.10.norm_2.weight":0.04137445241212845,"layers.2.mixer.A_log":0.013316438533365726,"layers.2.mixer.a_proj.weight":0.49219810962677,"layers.2.mixer.dt_bias":0.01755097694694996,"layers.2.mixer.erase_gate_proj.weight":0.6833075284957886,"layers.2.mixer.g_proj.weight":3.3577706813812256,"layers.2.mixer.o_proj.weight":3.3631694316864014,"layers.2.mixer.qkv_proj.weight":5.862008094787598,"layers.2.mixer.value_write_gate_proj.weight":2.25589919090271,"layers.2.mlp.w1.weight":2.655458450317383,"layers.2.mlp.w2.weight":2.65506649017334,"layers.2.mlp.w3.weight":2.661498546600342,"layers.2.norm_2.weight":0.04145011305809021,"layers.3.mixer.A_log":0.01395664643496275,"layers.3.mixer.a_proj.weight":0.504524290561676,"layers.3.mixer.dt_bias":0.0185867827385664,"layers.3.mixer.erase_gate_proj.weight":0.7783079743385315,"layers.3.mixer.g_proj.weight":3.36592435836792,"layers.3.mixer.o_proj.weight":3.371539831161499,"layers.3.mixer.qkv_proj.weight":5.874931335449219,"layers.3.mixer.value_write_gate_proj.weight":2.3289449214935303,"layers.3.mlp.w1.weight":2.6580371856689453,"layers.3.mlp.w2.weight":2.6580088138580322,"layers.3.mlp.w3.weight":2.6628339290618896,"layers.3.norm_2.weight":0.04149241745471954,"layers.4.mixer.A_log":0.013841933570802212,"layers.4.mixer.a_proj.weight":0.521928071975708,"layers.4.mixer.dt_bias":0.017907343804836273,"layers.4.mixer.erase_gate_proj.weight":0.890762209892273,"layers.4.mixer.g_proj.weight":3.3737752437591553,"layers.4.mixer.o_proj.weight":3.37793231010437,"layers.4.mixer.qkv_proj.weight":5.8864312171936035,"layers.4.mixer.value_write_gate_proj.weight":2.403120994567871,"layers.4.mlp.w1.weight":2.6605803966522217,"layers.4.mlp.w2.weight":2.660778522491455,"layers.4.mlp.w3.weight":2.665005922317505,"layers.4.norm_2.weight":0.04142198711633682,"layers.5.mixer.A_log":0.015036001801490784,"layers.5.mixer.a_proj.weight":0.5379738211631775,"layers.5.mixer.dt_bias":0.019604355096817017,"layers.5.mixer.erase_gate_proj.weight":1.0676931142807007,"layers.5.mixer.g_proj.weight":3.384474039077759,"layers.5.mixer.o_proj.weight":3.389885663986206,"layers.5.mixer.qkv_proj.weight":5.902840614318848,"layers.5.mixer.value_write_gate_proj.weight":2.5066325664520264,"layers.5.mlp.w1.weight":2.6621620655059814,"layers.5.mlp.w2.weight":2.662705898284912,"layers.5.mlp.w3.weight":2.666116237640381,"layers.5.norm_2.weight":0.04173743724822998,"layers.6.mixer.A_log":0.015598393976688385,"layers.6.mixer.a_proj.weight":0.5536350607872009,"layers.6.mixer.dt_bias":0.019804004579782486,"layers.6.mixer.erase_gate_proj.weight":1.3339743614196777,"layers.6.mixer.g_proj.weight":3.3946590423583984,"layers.6.mixer.o_proj.weight":3.4035558700561523,"layers.6.mixer.qkv_proj.weight":5.923969268798828,"layers.6.mixer.value_write_gate_proj.weight":2.6343932151794434,"layers.6.mlp.w1.weight":2.6610589027404785,"layers.6.mlp.w2.weight":2.661792755126953,"layers.6.mlp.w3.weight":2.66563081741333,"layers.6.norm_2.weight":0.041668735444545746,"layers.7.mixer.A_log":0.01562792807817459,"layers.7.mixer.a_proj.weight":0.5675991177558899,"layers.7.mixer.dt_bias":0.020669931545853615,"layers.7.mixer.erase_gate_proj.weight":1.5981570482254028,"layers.7.mixer.g_proj.weight":3.3996922969818115,"layers.7.mixer.o_proj.weight":3.415984630584717,"layers.7.mixer.qkv_proj.weight":5.941483497619629,"layers.7.mixer.value_write_gate_proj.weight":2.7529900074005127,"layers.7.mlp.w1.weight":2.663952350616455,"layers.7.mlp.w2.weight":2.6649112701416016,"layers.7.mlp.w3.weight":2.667227268218994,"layers.7.norm_2.weight":0.04190969839692116,"layers.8.mixer.A_log":0.015718212351202965,"layers.8.mixer.a_proj.weight":0.5886968374252319,"layers.8.mixer.dt_bias":0.021103695034980774,"layers.8.mixer.erase_gate_proj.weight":1.9903054237365723,"layers.8.mixer.g_proj.weight":3.4178895950317383,"layers.8.mixer.o_proj.weight":3.4311208724975586,"layers.8.mixer.qkv_proj.weight":5.963313102722168,"layers.8.mixer.value_write_gate_proj.weight":2.9234983921051025,"layers.8.mlp.w1.weight":2.6670196056365967,"layers.8.mlp.w2.weight":2.6674928665161133,"layers.8.mlp.w3.weight":2.6682825088500977,"layers.8.norm_2.weight":0.04141189157962799,"layers.9.mixer.A_log":0.015563844703137875,"layers.9.mixer.a_proj.weight":0.5934656262397766,"layers.9.mixer.dt_bias":0.02096768654882908,"layers.9.mixer.erase_gate_proj.weight":2.137925624847412,"layers.9.mixer.g_proj.weight":3.420281171798706,"layers.9.mixer.o_proj.weight":3.4203073978424072,"layers.9.mixer.qkv_proj.weight":5.968278884887695,"layers.9.mixer.value_write_gate_proj.weight":2.920363187789917,"layers.9.mlp.w1.weight":2.664792060852051,"layers.9.mlp.w2.weight":2.6649184226989746,"layers.9.mlp.w3.weight":2.6650638580322266,"layers.9.norm_2.weight":0.04135427996516228,"lm_head.weight":8.313014030456543,"norm.weight":0.04824019595980644}},"node_id":"node-00005","node_rank":5,"node_update_submitted":true,"run_id":"run-actual-multinode-e97-8n-shortk-debug-4949891-20260706T212922Z","schema_version":1,"tokens":2049,"worker_reports":[{"base_generation":0,"error":null,"failed":false,"invalid":false,"losses":[13.52777099609375],"node_id":"node-00005","timed_out":false,"tokens":2049,"worker_id":"node-00005/worker-00000"}]},{"bounded_debug_update_kind":"metadata_quorum_no_dense_delta_storage","elapsed_s":30.01059672702104,"generation":0,"loss":14.004501342773438,"losses":[14.004501342773438],"metrics":{"accepted_updates":1,"checkpoint_duration_s":0.0,"checkpoint_paths":[],"checkpoint_sizes":{},"failed_updates":0,"generation":0,"generation_duration_s":15.670405647950247,"invalid_updates":0,"latest_advanced":false,"loss_moving_average":{"loss":14.004501342773438,"loss_100":14.004501342773438},"merge_duration_s":2.3255654289387167,"participating_workers":1,"quorum_size":1,"quorum_status":"advanced","quorum_threshold":1,"rebase_duration_s":0.0,"requested_workers":1,"resume_source_generation":null,"run_id":"run-actual-multinode-e97-8n-shortk-debug-4949891-20260706T212922Z","schema_version":1,"stale_updates":0,"timed_out_updates":0,"tokens_per_generation":2049,"tokens_per_sec":130.75602802075628,"update_bytes":{"node":5506770496,"worker":5506770496},"update_norms":{"embedding.weight":8.26007080078125,"layer_norms.0.weight":0.041688039898872375,"layer_norms.1.weight":0.04135139659047127,"layer_norms.10.weight":0.041478049010038376,"layer_norms.2.weight":0.04140901193022728,"layer_norms.3.weight":0.04135427996516228,"layer_norms.4.weight":0.04137445241212845,"layer_norms.5.weight":0.0413888581097126,"layer_norms.6.weight":0.04136292636394501,"layer_norms.7.weight":0.04133986309170723,"layer_norms.8.weight":0.04140901193022728,"layer_norms.9.weight":0.04144354537129402,"layers.0.mixer.A_log":0.01392725482583046,"layers.0.mixer.a_proj.weight":0.4177156090736389,"layers.0.mixer.dt_bias":0.016551222652196884,"layers.0.mixer.erase_gate_proj.weight":0.4373178482055664,"layers.0.mixer.g_proj.weight":3.2583796977996826,"layers.0.mixer.o_proj.weight":3.2980105876922607,"layers.0.mixer.qkv_proj.weight":5.715496063232422,"layers.0.mixer.value_write_gate_proj.weight":1.731154441833496,"layers.0.mlp.w1.weight":2.657355546951294,"layers.0.mlp.w2.weight":2.6578357219696045,"layers.0.mlp.w3.weight":2.6655635833740234,"layers.0.norm_2.weight":0.041590701788663864,"layers.1.mixer.A_log":0.012770211324095726,"layers.1.mixer.a_proj.weight":0.4775456190109253,"layers.1.mixer.dt_bias":0.01628987118601799,"layers.1.mixer.erase_gate_proj.weight":0.6176390647888184,"layers.1.mixer.g_proj.weight":3.34352970123291,"layers.1.mixer.o_proj.weight":3.348813533782959,"layers.1.mixer.qkv_proj.weight":5.845038890838623,"layers.1.mixer.value_write_gate_proj.weight":2.1533243656158447,"layers.1.mlp.w1.weight":2.649014949798584,"layers.1.mlp.w2.weight":2.6489694118499756,"layers.1.mlp.w3.weight":2.6577813625335693,"layers.1.norm_2.weight":0.04142828658223152,"layers.10.mixer.A_log":0.01607624813914299,"layers.10.mixer.a_proj.weight":0.5918257236480713,"layers.10.mixer.dt_bias":0.020600607618689537,"layers.10.mixer.erase_gate_proj.weight":2.124342679977417,"layers.10.mixer.g_proj.weight":3.41507887840271,"layers.10.mixer.o_proj.weight":3.393548011779785,"layers.10.mixer.qkv_proj.weight":5.968672275543213,"layers.10.mixer.value_write_gate_proj.weight":2.8913216590881348,"layers.10.mlp.w1.weight":2.6605796813964844,"layers.10.mlp.w2.weight":2.6611268520355225,"layers.10.mlp.w3.weight":2.6607131958007812,"layers.10.norm_2.weight":0.04133986309170723,"layers.2.mixer.A_log":0.01304982416331768,"layers.2.mixer.a_proj.weight":0.4787783622741699,"layers.2.mixer.dt_bias":0.017277155071496964,"layers.2.mixer.erase_gate_proj.weight":0.6046215891838074,"layers.2.mixer.g_proj.weight":3.348733425140381,"layers.2.mixer.o_proj.weight":3.3555588722229004,"layers.2.mixer.qkv_proj.weight":5.853501796722412,"layers.2.mixer.value_write_gate_proj.weight":2.2060155868530273,"layers.2.mlp.w1.weight":2.6546247005462646,"layers.2.mlp.w2.weight":2.654212713241577,"layers.2.mlp.w3.weight":2.660926103591919,"layers.2.norm_2.weight":0.04149599000811577,"layers.3.mixer.A_log":0.014348974451422691,"layers.3.mixer.a_proj.weight":0.48979946970939636,"layers.3.mixer.dt_bias":0.01783396676182747,"layers.3.mixer.erase_gate_proj.weight":0.6864854097366333,"layers.3.mixer.g_proj.weight":3.3568596839904785,"layers.3.mixer.o_proj.weight":3.3621931076049805,"layers.3.mixer.qkv_proj.weight":5.865341663360596,"layers.3.mixer.value_write_gate_proj.weight":2.2759957313537598,"layers.3.mlp.w1.weight":2.6571731567382812,"layers.3.mlp.w2.weight":2.657301187515259,"layers.3.mlp.w3.weight":2.6625077724456787,"layers.3.norm_2.weight":0.04149389639496803,"layers.4.mixer.A_log":0.014437362551689148,"layers.4.mixer.a_proj.weight":0.5084822773933411,"layers.4.mixer.dt_bias":0.018112536519765854,"layers.4.mixer.erase_gate_proj.weight":0.8024418950080872,"layers.4.mixer.g_proj.weight":3.3645098209381104,"layers.4.mixer.o_proj.weight":3.3686695098876953,"layers.4.mixer.qkv_proj.weight":5.875772476196289,"layers.4.mixer.value_write_gate_proj.weight":2.346642017364502,"layers.4.mlp.w1.weight":2.659904718399048,"layers.4.mlp.w2.weight":2.6602096557617188,"layers.4.mlp.w3.weight":2.66446590423584,"layers.4.norm_2.weight":0.04144185036420822,"layers.5.mixer.A_log":0.014748959802091122,"layers.5.mixer.a_proj.weight":0.5243921279907227,"layers.5.mixer.dt_bias":0.019334951415657997,"layers.5.mixer.erase_gate_proj.weight":0.9521138072013855,"layers.5.mixer.g_proj.weight":3.376797914505005,"layers.5.mixer.o_proj.weight":3.3819196224212646,"layers.5.mixer.qkv_proj.weight":5.895449638366699,"layers.5.mixer.value_write_gate_proj.weight":2.4553310871124268,"layers.5.mlp.w1.weight":2.6616830825805664,"layers.5.mlp.w2.weight":2.6622297763824463,"layers.5.mlp.w3.weight":2.6657087802886963,"layers.5.norm_2.weight":0.041711725294589996,"layers.6.mixer.A_log":0.015837183222174644,"layers.6.mixer.a_proj.weight":0.5458349585533142,"layers.6.mixer.dt_bias":0.019086739048361778,"layers.6.mixer.erase_gate_proj.weight":1.216791033744812,"layers.6.mixer.g_proj.weight":3.387418508529663,"layers.6.mixer.o_proj.weight":3.396763801574707,"layers.6.mixer.qkv_proj.weight":5.917706489562988,"layers.6.mixer.value_write_gate_proj.weight":2.5861692428588867,"layers.6.mlp.w1.weight":2.660644292831421,"layers.6.mlp.w2.weight":2.6613564491271973,"layers.6.mlp.w3.weight":2.665414333343506,"layers.6.norm_2.weight":0.04159801825881004,"layers.7.mixer.A_log":0.01613680273294449,"layers.7.mixer.a_proj.weight":0.560610294342041,"layers.7.mixer.dt_bias":0.0205078125,"layers.7.mixer.erase_gate_proj.weight":1.4644243717193604,"layers.7.mixer.g_proj.weight":3.394113779067993,"layers.7.mixer.o_proj.weight":3.410613536834717,"layers.7.mixer.qkv_proj.weight":5.936277389526367,"layers.7.mixer.value_write_gate_proj.weight":2.715926170349121,"layers.7.mlp.w1.weight":2.6636252403259277,"layers.7.mlp.w2.weight":2.6646575927734375,"layers.7.mlp.w3.weight":2.6670565605163574,"layers.7.norm_2.weight":0.04190841317176819,"layers.8.mixer.A_log":0.015596393495798111,"layers.8.mixer.a_proj.weight":0.5851039886474609,"layers.8.mixer.dt_bias":0.021035799756646156,"layers.8.mixer.erase_gate_proj.weight":1.8955034017562866,"layers.8.mixer.g_proj.weight":3.41349458694458,"layers.8.mixer.o_proj.weight":3.426546573638916,"layers.8.mixer.qkv_proj.weight":5.960386276245117,"layers.8.mixer.value_write_gate_proj.weight":2.890256404876709,"layers.8.mlp.w1.weight":2.666949987411499,"layers.8.mlp.w2.weight":2.667480230331421,"layers.8.mlp.w3.weight":2.668224573135376,"layers.8.norm_2.weight":0.04139898344874382,"layers.9.mixer.A_log":0.015318760648369789,"layers.9.mixer.a_proj.weight":0.5902376174926758,"layers.9.mixer.dt_bias":0.02076200395822525,"layers.9.mixer.erase_gate_proj.weight":2.060244560241699,"layers.9.mixer.g_proj.weight":3.417185068130493,"layers.9.mixer.o_proj.weight":3.4172308444976807,"layers.9.mixer.qkv_proj.weight":5.967164993286133,"layers.9.mixer.value_write_gate_proj.weight":2.89546537399292,"layers.9.mlp.w1.weight":2.6648106575012207,"layers.9.mlp.w2.weight":2.665009021759033,"layers.9.mlp.w3.weight":2.6651740074157715,"layers.9.norm_2.weight":0.041341349482536316,"lm_head.weight":8.26007080078125,"norm.weight":0.04824019595980644}},"node_id":"node-00007","node_rank":7,"node_update_submitted":true,"run_id":"run-actual-multinode-e97-8n-shortk-debug-4949891-20260706T212922Z","schema_version":1,"tokens":2049,"worker_reports":[{"base_generation":0,"error":null,"failed":false,"invalid":false,"losses":[14.004501342773438],"node_id":"node-00007","timed_out":false,"tokens":2049,"worker_id":"node-00007/worker-00000"}]}],"partial":false,"run_id":"run-actual-multinode-e97-8n-shortk-debug-4949891-20260706T212922Z","schema_version":1,"synthetic_token_stream":false},"node_id":"node-00000","node_rank":0,"node_update_path":"/lustre/orion/bif148/proj-shared/emender/frontier_runs/async_diloco/E97_1.3B_step1065000_async_quorum_b1_k1_8n20m_debug/20260706/4949891-20260706T212922Z/async_run/node_updates/node-00000.json","node_update_submitted":true,"run_id":"run-actual-multinode-e97-8n-shortk-debug-4949891-20260706T212922Z"}
