task_id=resolve-frontier-2n
run_root=/lustre/orion/bif148/proj-shared/emender/frontier_runs/debug/mpi4py_ofi_diag/20260707/4953735-20260707T212420Z
summary_file=/lustre/orion/bif148/proj-shared/emender/frontier_runs/debug/mpi4py_ofi_diag/20260707/4953735-20260707T212420Z/summary.md
env_file=/lustre/orion/bif148/proj-shared/emender/frontier_runs/debug/mpi4py_ofi_diag/20260707/4953735-20260707T212420Z/artifacts/env.txt
command_file=/lustre/orion/bif148/proj-shared/emender/frontier_runs/debug/mpi4py_ofi_diag/20260707/4953735-20260707T212420Z/artifacts/command.txt
smoke_py=/lustre/orion/bif148/proj-shared/emender/frontier_runs/debug/mpi4py_ofi_diag/20260707/4953735-20260707T212420Z/artifacts/mpi4py_init_sendrecv.py
requested_qos=debug
requested_partition=batch
requested_nodes=2
requested_walltime=00:10:00
requested_node_hours=0.333333
mpich_gpu_support_enabled=0
cray_mpi4py_site=/opt/cray/pe/python/3.10.10/lib/python3.10/site-packages

=== modules ===
craype-x86-trento
libfabric/2.3.1
craype-network-ofi
xpmem/1.0.1-1.5_1_gfb6998056825
Core/25.03
tmux/3.4
hsi/default
lfs-wrapper/0.0.1
DefApps
emacs/29.4
cray-dsmml/0.3.0
PrgEnv-gnu/8.7.0
gcc-native/14.2
cray-libsci/26.03.0
cray-mpich/9.1.0
cray-pmi/6.1.17
craype/2.7.36
perftools-base/26.03.0
cpe/26.03
darshan-runtime/3.4.7-mpi
miniforge3/23.11.0-0
rocm/7.1.1
craype-accel-amd-gfx90a

=== frontier runtime ===
frontier_runtime_profile=default
frontier_enable_olcf_rccl_plugin=0
frontier_rocm_module=rocm/7.1.1
frontier_rccl_net_plugin_module=rccl-net-plugin/1.0
EMENDER_CONDA_ENV=
CONDA_PREFIX=/autofs/nccs-svm1_sw/frontier/miniforge3/23.11.0-0
OLCF_OFI_NCCL_ROOT=
NCCL_NET_PLUGIN=
librccl_net_path=not-found

=== frontier communication env ===
CONDA_PREFIX=/autofs/nccs-svm1_sw/frontier/miniforge3/23.11.0-0
LD_LIBRARY_PATH=/opt/cray/pe/perftools/26.03.0/lib64:/opt/cray/pe/pmi/6.1.17/lib:/opt/cray/pe/mpich/9.1.0/ofi/gnu/12.3/lib:/opt/cray/pe/mpich/9.1.0/gtl/lib:/opt/cray/pe/libsci/26.03.0/GNU/12/x86_64/lib:/opt/cray/pe/dsmml/0.3.0/dsmml/lib:/opt/cray/pe/lib64:/opt/cray/lib64:/opt/rocm-7.1.1/lib/roctracer:/opt/rocm-7.1.1/lib/rocprofiler:/opt/rocm-7.1.1/lib:/sw/frontier/spack-envs/cpe26.03-cpu/opt/__spack_path_placeholder__/__spack_path_placeholder__/__spack_path_placeholder__/__spac/gcc-14.2/darshan-runtime-3.4.7-i6lglufb3nzhpr6gneuq2bjdaonwtv66/lib:/opt/cray/pe/papi/7.3.0.1/lib64:/sw/frontier/spack-envs/core-25.03/opt/gcc-13.2/emacs-29.4-unh4yuyvxeg5vnbffszz5xml33f5ahvv/lib:/opt/cray/libfabric/2.3.1/lib64

=== python runtime versions ===
python_executable=/autofs/nccs-svm1_sw/frontier/miniforge3/23.11.0-0/bin/python
python_version=3.10.13
torch.__version__=2.8.0.dev20250422+rocm6.4
torch.version.hip=6.4.43482-0f2d60242
triton.__version__=3.2.0
MPICH ERROR [Rank 0] [job id 4953735.0] [Tue Jul  7 17:24:41 2026] [frontier07258] - Abort(1616527) (rank 0 in comm 0): Fatal error in PMPI_Init_thread: Other MPI error, error stack:
MPIR_Init_thread(170).......: 
MPID_Init(501)..............: 
MPIDI_OFI_mpi_init_hook(580): 
open_fabric(1559)...........: OFI fi_getinfo() failed (ofi_init.c:1559:open_fabric:No data available)

aborting job:
Fatal error in PMPI_Init_thread: Other MPI error, error stack:
MPIR_Init_thread(170).......: 
MPID_Init(501)..............: 
MPIDI_OFI_mpi_init_hook(580): 
open_fabric(1559)...........: OFI fi_getinfo() failed (ofi_init.c:1559:open_fabric:No data available)
MPICH ERROR [Rank 0] [job id 4953735.0] [Tue Jul  7 17:24:41 2026] [frontier07258] - Abort(1616527) (rank 0 in comm 0): Fatal error in PMPI_Init_thread: Other MPI error, error stack:
MPIR_Init_thread(170).......: 
MPID_Init(501)..............: 
MPIDI_OFI_mpi_init_hook(580): 
open_fabric(1559)...........: OFI fi_getinfo() failed (ofi_init.c:1559:open_fabric:No data available)

aborting job:
Fatal error in PMPI_Init_thread: Other MPI error, error stack:
MPIR_Init_thread(170).......: 
MPID_Init(501)..............: 
MPIDI_OFI_mpi_init_hook(580): 
open_fabric(1559)...........: OFI fi_getinfo() failed (ofi_init.c:1559:open_fabric:No data available)
MPICH ERROR [Rank 0] [job id 4953735.0] [Tue Jul  7 17:24:41 2026] [frontier07258] - Abort(1616527) (rank 0 in comm 0): Fatal error in PMPI_Init_thread: Other MPI error, error stack:
MPIR_Init_thread(170).......: 
MPID_Init(501)..............: 
MPIDI_OFI_mpi_init_hook(580): 
open_fabric(1559)...........: OFI fi_getinfo() failed (ofi_init.c:1559:open_fabric:No data available)

aborting job:
Fatal error in PMPI_Init_thread: Other MPI error, error stack:
MPIR_Init_thread(170).......: 
MPID_Init(501)..............: 
MPIDI_OFI_mpi_init_hook(580): 
open_fabric(1559)...........: OFI fi_getinfo() failed (ofi_init.c:1559:open_fabric:No data available)
MPICH ERROR [Rank 0] [job id 4953735.0] [Tue Jul  7 17:24:41 2026] [frontier07258] - Abort(1616527) (rank 0 in comm 0): Fatal error in PMPI_Init_thread: Other MPI error, error stack:
MPIR_Init_thread(170).......: 
MPID_Init(501)..............: 
MPIDI_OFI_mpi_init_hook(580): 
open_fabric(1559)...........: OFI fi_getinfo() failed (ofi_init.c:1559:open_fabric:No data available)

aborting job:
Fatal error in PMPI_Init_thread: Other MPI error, error stack:
MPIR_Init_thread(170).......: 
MPID_Init(501)..............: 
MPIDI_OFI_mpi_init_hook(580): 
open_fabric(1559)...........: OFI fi_getinfo() failed (ofi_init.c:1559:open_fabric:No data available)
MPICH ERROR [Rank 0] [job id 4953735.0] [Tue Jul  7 17:24:41 2026] [frontier07258] - Abort(1616527) (rank 0 in comm 0): Fatal error in PMPI_Init_thread: Other MPI error, error stack:
MPIR_Init_thread(170).......: 
MPID_Init(501)..............: 
MPIDI_OFI_mpi_init_hook(580): 
open_fabric(1559)...........: OFI fi_getinfo() failed (ofi_init.c:1559:open_fabric:No data available)

aborting job:
Fatal error in PMPI_Init_thread: Other MPI error, error stack:
MPIR_Init_thread(170).......: 
MPID_Init(501)..............: 
MPIDI_OFI_mpi_init_hook(580): 
open_fabric(1559)...........: OFI fi_getinfo() failed (ofi_init.c:1559:open_fabric:No data available)
MPICH ERROR [Rank 0] [job id 4953735.0] [Tue Jul  7 17:24:41 2026] [frontier07258] - Abort(1616527) (rank 0 in comm 0): Fatal error in PMPI_Init_thread: Other MPI error, error stack:
MPIR_Init_thread(170).......: 
MPID_Init(501)..............: 
MPIDI_OFI_mpi_init_hook(580): 
open_fabric(1559)...........: OFI fi_getinfo() failed (ofi_init.c:1559:open_fabric:No data available)

aborting job:
Fatal error in PMPI_Init_thread: Other MPI error, error stack:
MPIR_Init_thread(170).......: 
MPID_Init(501)..............: 
MPIDI_OFI_mpi_init_hook(580): 
open_fabric(1559)...........: OFI fi_getinfo() failed (ofi_init.c:1559:open_fabric:No data available)
MPICH ERROR [Rank 0] [job id 4953735.0] [Tue Jul  7 17:24:41 2026] [frontier07272] - Abort(1616527) (rank 0 in comm 0): Fatal error in PMPI_Init_thread: Other MPI error, error stack:
MPIR_Init_thread(170).......: 
MPID_Init(501)..............: 
MPIDI_OFI_mpi_init_hook(580): 
open_fabric(1559)...........: OFI fi_getinfo() failed (ofi_init.c:1559:open_fabric:No data available)

aborting job:
Fatal error in PMPI_Init_thread: Other MPI error, error stack:
MPIR_Init_thread(170).......: 
MPID_Init(501)..............: 
MPIDI_OFI_mpi_init_hook(580): 
open_fabric(1559)...........: OFI fi_getinfo() failed (ofi_init.c:1559:open_fabric:No data available)
MPICH ERROR [Rank 0] [job id 4953735.0] [Tue Jul  7 17:24:41 2026] [frontier07258] - Abort(1616527) (rank 0 in comm 0): Fatal error in PMPI_Init_thread: Other MPI error, error stack:
MPIR_Init_thread(170).......: 
MPID_Init(501)..............: 
MPIDI_OFI_mpi_init_hook(580): 
open_fabric(1559)...........: OFI fi_getinfo() failed (ofi_init.c:1559:open_fabric:No data available)

aborting job:
Fatal error in PMPI_Init_thread: Other MPI error, error stack:
MPIR_Init_thread(170).......: 
MPID_Init(501)..............: 
MPIDI_OFI_mpi_init_hook(580): 
open_fabric(1559)...........: OFI fi_getinfo() failed (ofi_init.c:1559:open_fabric:No data available)
MPICH ERROR [Rank 0] [job id 4953735.0] [Tue Jul  7 17:24:41 2026] [frontier07258] - Abort(1616527) (rank 0 in comm 0): Fatal error in PMPI_Init_thread: Other MPI error, error stack:
MPIR_Init_thread(170).......: 
MPID_Init(501)..............: 
MPIDI_OFI_mpi_init_hook(580): 
open_fabric(1559)...........: OFI fi_getinfo() failed (ofi_init.c:1559:open_fabric:No data available)

aborting job:
Fatal error in PMPI_Init_thread: Other MPI error, error stack:
MPIR_Init_thread(170).......: 
MPID_Init(501)..............: 
MPIDI_OFI_mpi_init_hook(580): 
open_fabric(1559)...........: OFI fi_getinfo() failed (ofi_init.c:1559:open_fabric:No data available)
MPICH ERROR [Rank 0] [job id 4953735.0] [Tue Jul  7 17:24:41 2026] [frontier07272] - Abort(1616527) (rank 0 in comm 0): Fatal error in PMPI_Init_thread: Other MPI error, error stack:
MPIR_Init_thread(170).......: 
MPID_Init(501)..............: 
MPIDI_OFI_mpi_init_hook(580): 
open_fabric(1559)...........: OFI fi_getinfo() failed (ofi_init.c:1559:open_fabric:No data available)

aborting job:
Fatal error in PMPI_Init_thread: Other MPI error, error stack:
MPIR_Init_thread(170).......: 
MPID_Init(501)..............: 
MPIDI_OFI_mpi_init_hook(580): 
open_fabric(1559)...........: OFI fi_getinfo() failed (ofi_init.c:1559:open_fabric:No data available)
MPICH ERROR [Rank 0] [job id 4953735.0] [Tue Jul  7 17:24:41 2026] [frontier07272] - Abort(1616527) (rank 0 in comm 0): Fatal error in PMPI_Init_thread: Other MPI error, error stack:
MPIR_Init_thread(170).......: 
MPID_Init(501)..............: 
MPIDI_OFI_mpi_init_hook(580): 
open_fabric(1559)...........: OFI fi_getinfo() failed (ofi_init.c:1559:open_fabric:No data available)

aborting job:
Fatal error in PMPI_Init_thread: Other MPI error, error stack:
MPIR_Init_thread(170).......: 
MPID_Init(501)..............: 
MPIDI_OFI_mpi_init_hook(580): 
open_fabric(1559)...........: OFI fi_getinfo() failed (ofi_init.c:1559:open_fabric:No data available)
MPICH ERROR [Rank 0] [job id 4953735.0] [Tue Jul  7 17:24:41 2026] [frontier07272] - Abort(1616527) (rank 0 in comm 0): Fatal error in PMPI_Init_thread: Other MPI error, error stack:
MPIR_Init_thread(170).......: 
MPID_Init(501)..............: 
MPIDI_OFI_mpi_init_hook(580): 
open_fabric(1559)...........: OFI fi_getinfo() failed (ofi_init.c:1559:open_fabric:No data available)

aborting job:
Fatal error in PMPI_Init_thread: Other MPI error, error stack:
MPIR_Init_thread(170).......: 
MPID_Init(501)..............: 
MPIDI_OFI_mpi_init_hook(580): 
open_fabric(1559)...........: OFI fi_getinfo() failed (ofi_init.c:1559:open_fabric:No data available)
MPICH ERROR [Rank 0] [job id 4953735.0] [Tue Jul  7 17:24:41 2026] [frontier07272] - Abort(1616527) (rank 0 in comm 0): Fatal error in PMPI_Init_thread: Other MPI error, error stack:
MPIR_Init_thread(170).......: 
MPID_Init(501)..............: 
MPIDI_OFI_mpi_init_hook(580): 
open_fabric(1559)...........: OFI fi_getinfo() failed (ofi_init.c:1559:open_fabric:No data available)

aborting job:
Fatal error in PMPI_Init_thread: Other MPI error, error stack:
MPIR_Init_thread(170).......: 
MPID_Init(501)..............: 
MPIDI_OFI_mpi_init_hook(580): 
open_fabric(1559)...........: OFI fi_getinfo() failed (ofi_init.c:1559:open_fabric:No data available)
MPICH ERROR [Rank 0] [job id 4953735.0] [Tue Jul  7 17:24:41 2026] [frontier07272] - Abort(1616527) (rank 0 in comm 0): Fatal error in PMPI_Init_thread: Other MPI error, error stack:
MPIR_Init_thread(170).......: 
MPID_Init(501)..............: 
MPIDI_OFI_mpi_init_hook(580): 
open_fabric(1559)...........: OFI fi_getinfo() failed (ofi_init.c:1559:open_fabric:No data available)

aborting job:
Fatal error in PMPI_Init_thread: Other MPI error, error stack:
MPIR_Init_thread(170).......: 
MPID_Init(501)..............: 
MPIDI_OFI_mpi_init_hook(580): 
open_fabric(1559)...........: OFI fi_getinfo() failed (ofi_init.c:1559:open_fabric:No data available)
MPICH ERROR [Rank 0] [job id 4953735.0] [Tue Jul  7 17:24:41 2026] [frontier07272] - Abort(1616527) (rank 0 in comm 0): Fatal error in PMPI_Init_thread: Other MPI error, error stack:
MPIR_Init_thread(170).......: 
MPID_Init(501)..............: 
MPIDI_OFI_mpi_init_hook(580): 
open_fabric(1559)...........: OFI fi_getinfo() failed (ofi_init.c:1559:open_fabric:No data available)

aborting job:
Fatal error in PMPI_Init_thread: Other MPI error, error stack:
MPIR_Init_thread(170).......: 
MPID_Init(501)..............: 
MPIDI_OFI_mpi_init_hook(580): 
open_fabric(1559)...........: OFI fi_getinfo() failed (ofi_init.c:1559:open_fabric:No data available)
MPICH ERROR [Rank 0] [job id 4953735.0] [Tue Jul  7 17:24:41 2026] [frontier07272] - Abort(1616527) (rank 0 in comm 0): Fatal error in PMPI_Init_thread: Other MPI error, error stack:
MPIR_Init_thread(170).......: 
MPID_Init(501)..............: 
MPIDI_OFI_mpi_init_hook(580): 
open_fabric(1559)...........: OFI fi_getinfo() failed (ofi_init.c:1559:open_fabric:No data available)

aborting job:
Fatal error in PMPI_Init_thread: Other MPI error, error stack:
MPIR_Init_thread(170).......: 
MPID_Init(501)..............: 
MPIDI_OFI_mpi_init_hook(580): 
open_fabric(1559)...........: OFI fi_getinfo() failed (ofi_init.c:1559:open_fabric:No data available)
srun: error: frontier07258: tasks 0-7: Exited with exit code 255
srun: Terminating StepId=4953735.0
srun: error: frontier07272: tasks 8-15: Exited with exit code 255
MPICH ERROR [Rank 0] [job id 4953735.1] [Tue Jul  7 17:24:42 2026] [frontier07258] - Abort(1616527) (rank 0 in comm 0): Fatal error in PMPI_Init_thread: Other MPI error, error stack:
MPIR_Init_thread(170).......: 
MPID_Init(501)..............: 
MPIDI_OFI_mpi_init_hook(580): 
open_fabric(1559)...........: OFI fi_getinfo() failed (ofi_init.c:1559:open_fabric:No data available)

aborting job:
Fatal error in PMPI_Init_thread: Other MPI error, error stack:
MPIR_Init_thread(170).......: 
MPID_Init(501)..............: 
MPIDI_OFI_mpi_init_hook(580): 
open_fabric(1559)...........: OFI fi_getinfo() failed (ofi_init.c:1559:open_fabric:No data available)
MPICH ERROR [Rank 0] [job id 4953735.1] [Tue Jul  7 17:24:42 2026] [frontier07272] - Abort(1616527) (rank 0 in comm 0): Fatal error in PMPI_Init_thread: Other MPI error, error stack:
MPIR_Init_thread(170).......: 
MPID_Init(501)..............: 
MPIDI_OFI_mpi_init_hook(580): 
open_fabric(1559)...........: OFI fi_getinfo() failed (ofi_init.c:1559:open_fabric:No data available)

aborting job:
Fatal error in PMPI_Init_thread: Other MPI error, error stack:
MPIR_Init_thread(170).......: 
MPID_Init(501)..............: 
MPIDI_OFI_mpi_init_hook(580): 
open_fabric(1559)...........: OFI fi_getinfo() failed (ofi_init.c:1559:open_fabric:No data available)
MPICH ERROR [Rank 0] [job id 4953735.1] [Tue Jul  7 17:24:42 2026] [frontier07258] - Abort(1616527) (rank 0 in comm 0): Fatal error in PMPI_Init_thread: Other MPI error, error stack:
MPIR_Init_thread(170).......: 
MPID_Init(501)..............: 
MPIDI_OFI_mpi_init_hook(580): 
open_fabric(1559)...........: OFI fi_getinfo() failed (ofi_init.c:1559:open_fabric:No data available)

aborting job:
Fatal error in PMPI_Init_thread: Other MPI error, error stack:
MPIR_Init_thread(170).......: 
MPID_Init(501)..............: 
MPIDI_OFI_mpi_init_hook(580): 
open_fabric(1559)...........: OFI fi_getinfo() failed (ofi_init.c:1559:open_fabric:No data available)
MPICH ERROR [Rank 0] [job id 4953735.1] [Tue Jul  7 17:24:42 2026] [frontier07272] - Abort(1616527) (rank 0 in comm 0): Fatal error in PMPI_Init_thread: Other MPI error, error stack:
MPIR_Init_thread(170).......: 
MPID_Init(501)..............: 
MPIDI_OFI_mpi_init_hook(580): 
open_fabric(1559)...........: OFI fi_getinfo() failed (ofi_init.c:1559:open_fabric:No data available)

aborting job:
Fatal error in PMPI_Init_thread: Other MPI error, error stack:
MPIR_Init_thread(170).......: 
MPID_Init(501)..............: 
MPIDI_OFI_mpi_init_hook(580): 
open_fabric(1559)...........: OFI fi_getinfo() failed (ofi_init.c:1559:open_fabric:No data available)
MPICH ERROR [Rank 0] [job id 4953735.1] [Tue Jul  7 17:24:42 2026] [frontier07258] - Abort(1616527) (rank 0 in comm 0): Fatal error in PMPI_Init_thread: Other MPI error, error stack:
MPIR_Init_thread(170).......: 
MPID_Init(501)..............: 
MPIDI_OFI_mpi_init_hook(580): 
open_fabric(1559)...........: OFI fi_getinfo() failed (ofi_init.c:1559:open_fabric:No data available)

aborting job:
Fatal error in PMPI_Init_thread: Other MPI error, error stack:
MPIR_Init_thread(170).......: 
MPID_Init(501)..............: 
MPIDI_OFI_mpi_init_hook(580): 
open_fabric(1559)...........: OFI fi_getinfo() failed (ofi_init.c:1559:open_fabric:No data available)
MPICH ERROR [Rank 0] [job id 4953735.1] [Tue Jul  7 17:24:42 2026] [frontier07272] - Abort(1616527) (rank 0 in comm 0): Fatal error in PMPI_Init_thread: Other MPI error, error stack:
MPIR_Init_thread(170).......: 
MPID_Init(501)..............: 
MPIDI_OFI_mpi_init_hook(580): 
open_fabric(1559)...........: OFI fi_getinfo() failed (ofi_init.c:1559:open_fabric:No data available)

aborting job:
Fatal error in PMPI_Init_thread: Other MPI error, error stack:
MPIR_Init_thread(170).......: 
MPID_Init(501)..............: 
MPIDI_OFI_mpi_init_hook(580): 
open_fabric(1559)...........: OFI fi_getinfo() failed (ofi_init.c:1559:open_fabric:No data available)
MPICH ERROR [Rank 0] [job id 4953735.1] [Tue Jul  7 17:24:42 2026] [frontier07258] - Abort(1616527) (rank 0 in comm 0): Fatal error in PMPI_Init_thread: Other MPI error, error stack:
MPIR_Init_thread(170).......: 
MPID_Init(501)..............: 
MPIDI_OFI_mpi_init_hook(580): 
open_fabric(1559)...........: OFI fi_getinfo() failed (ofi_init.c:1559:open_fabric:No data available)

aborting job:
Fatal error in PMPI_Init_thread: Other MPI error, error stack:
MPIR_Init_thread(170).......: 
MPID_Init(501)..............: 
MPIDI_OFI_mpi_init_hook(580): 
open_fabric(1559)...........: OFI fi_getinfo() failed (ofi_init.c:1559:open_fabric:No data available)
MPICH ERROR [Rank 0] [job id 4953735.1] [Tue Jul  7 17:24:42 2026] [frontier07272] - Abort(1616527) (rank 0 in comm 0): Fatal error in PMPI_Init_thread: Other MPI error, error stack:
MPIR_Init_thread(170).......: 
MPID_Init(501)..............: 
MPIDI_OFI_mpi_init_hook(580): 
open_fabric(1559)...........: OFI fi_getinfo() failed (ofi_init.c:1559:open_fabric:No data available)

aborting job:
Fatal error in PMPI_Init_thread: Other MPI error, error stack:
MPIR_Init_thread(170).......: 
MPID_Init(501)..............: 
MPIDI_OFI_mpi_init_hook(580): 
open_fabric(1559)...........: OFI fi_getinfo() failed (ofi_init.c:1559:open_fabric:No data available)
MPICH ERROR [Rank 0] [job id 4953735.1] [Tue Jul  7 17:24:42 2026] [frontier07258] - Abort(1616527) (rank 0 in comm 0): Fatal error in PMPI_Init_thread: Other MPI error, error stack:
MPIR_Init_thread(170).......: 
MPID_Init(501)..............: 
MPIDI_OFI_mpi_init_hook(580): 
open_fabric(1559)...........: OFI fi_getinfo() failed (ofi_init.c:1559:open_fabric:No data available)

aborting job:
Fatal error in PMPI_Init_thread: Other MPI error, error stack:
MPIR_Init_thread(170).......: 
MPID_Init(501)..............: 
MPIDI_OFI_mpi_init_hook(580): 
open_fabric(1559)...........: OFI fi_getinfo() failed (ofi_init.c:1559:open_fabric:No data available)
MPICH ERROR [Rank 0] [job id 4953735.1] [Tue Jul  7 17:24:42 2026] [frontier07258] - Abort(1616527) (rank 0 in comm 0): Fatal error in PMPI_Init_thread: Other MPI error, error stack:
MPIR_Init_thread(170).......: 
MPID_Init(501)..............: 
MPIDI_OFI_mpi_init_hook(580): 
open_fabric(1559)...........: OFI fi_getinfo() failed (ofi_init.c:1559:open_fabric:No data available)

aborting job:
Fatal error in PMPI_Init_thread: Other MPI error, error stack:
MPIR_Init_thread(170).......: 
MPID_Init(501)..............: 
MPIDI_OFI_mpi_init_hook(580): 
open_fabric(1559)...........: OFI fi_getinfo() failed (ofi_init.c:1559:open_fabric:No data available)
MPICH ERROR [Rank 0] [job id 4953735.1] [Tue Jul  7 17:24:42 2026] [frontier07272] - Abort(1616527) (rank 0 in comm 0): Fatal error in PMPI_Init_thread: Other MPI error, error stack:
MPIR_Init_thread(170).......: 
MPID_Init(501)..............: 
MPIDI_OFI_mpi_init_hook(580): 
open_fabric(1559)...........: OFI fi_getinfo() failed (ofi_init.c:1559:open_fabric:No data available)

aborting job:
Fatal error in PMPI_Init_thread: Other MPI error, error stack:
MPIR_Init_thread(170).......: 
MPID_Init(501)..............: 
MPIDI_OFI_mpi_init_hook(580): 
open_fabric(1559)...........: OFI fi_getinfo() failed (ofi_init.c:1559:open_fabric:No data available)
MPICH ERROR [Rank 0] [job id 4953735.1] [Tue Jul  7 17:24:42 2026] [frontier07258] - Abort(1616527) (rank 0 in comm 0): Fatal error in PMPI_Init_thread: Other MPI error, error stack:
MPIR_Init_thread(170).......: 
MPID_Init(501)..............: 
MPIDI_OFI_mpi_init_hook(580): 
open_fabric(1559)...........: OFI fi_getinfo() failed (ofi_init.c:1559:open_fabric:No data available)

aborting job:
Fatal error in PMPI_Init_thread: Other MPI error, error stack:
MPIR_Init_thread(170).......: 
MPID_Init(501)..............: 
MPIDI_OFI_mpi_init_hook(580): 
open_fabric(1559)...........: OFI fi_getinfo() failed (ofi_init.c:1559:open_fabric:No data available)
MPICH ERROR [Rank 0] [job id 4953735.1] [Tue Jul  7 17:24:42 2026] [frontier07272] - Abort(1616527) (rank 0 in comm 0): Fatal error in PMPI_Init_thread: Other MPI error, error stack:
MPIR_Init_thread(170).......: 
MPID_Init(501)..............: 
MPIDI_OFI_mpi_init_hook(580): 
open_fabric(1559)...........: OFI fi_getinfo() failed (ofi_init.c:1559:open_fabric:No data available)

aborting job:
Fatal error in PMPI_Init_thread: Other MPI error, error stack:
MPIR_Init_thread(170).......: 
MPID_Init(501)..............: 
MPIDI_OFI_mpi_init_hook(580): 
open_fabric(1559)...........: OFI fi_getinfo() failed (ofi_init.c:1559:open_fabric:No data available)
MPICH ERROR [Rank 0] [job id 4953735.1] [Tue Jul  7 17:24:42 2026] [frontier07258] - Abort(1616527) (rank 0 in comm 0): Fatal error in PMPI_Init_thread: Other MPI error, error stack:
MPIR_Init_thread(170).......: 
MPID_Init(501)..............: 
MPIDI_OFI_mpi_init_hook(580): 
open_fabric(1559)...........: OFI fi_getinfo() failed (ofi_init.c:1559:open_fabric:No data available)

aborting job:
Fatal error in PMPI_Init_thread: Other MPI error, error stack:
MPIR_Init_thread(170).......: 
MPID_Init(501)..............: 
MPIDI_OFI_mpi_init_hook(580): 
open_fabric(1559)...........: OFI fi_getinfo() failed (ofi_init.c:1559:open_fabric:No data available)
MPICH ERROR [Rank 0] [job id 4953735.1] [Tue Jul  7 17:24:42 2026] [frontier07272] - Abort(1616527) (rank 0 in comm 0): Fatal error in PMPI_Init_thread: Other MPI error, error stack:
MPIR_Init_thread(170).......: 
MPID_Init(501)..............: 
MPIDI_OFI_mpi_init_hook(580): 
open_fabric(1559)...........: OFI fi_getinfo() failed (ofi_init.c:1559:open_fabric:No data available)

aborting job:
Fatal error in PMPI_Init_thread: Other MPI error, error stack:
MPIR_Init_thread(170).......: 
MPID_Init(501)..............: 
MPIDI_OFI_mpi_init_hook(580): 
open_fabric(1559)...........: OFI fi_getinfo() failed (ofi_init.c:1559:open_fabric:No data available)
MPICH ERROR [Rank 0] [job id 4953735.1] [Tue Jul  7 17:24:42 2026] [frontier07272] - Abort(1616527) (rank 0 in comm 0): Fatal error in PMPI_Init_thread: Other MPI error, error stack:
MPIR_Init_thread(170).......: 
MPID_Init(501)..............: 
MPIDI_OFI_mpi_init_hook(580): 
open_fabric(1559)...........: OFI fi_getinfo() failed (ofi_init.c:1559:open_fabric:No data available)

aborting job:
Fatal error in PMPI_Init_thread: Other MPI error, error stack:
MPIR_Init_thread(170).......: 
MPID_Init(501)..............: 
MPIDI_OFI_mpi_init_hook(580): 
open_fabric(1559)...........: OFI fi_getinfo() failed (ofi_init.c:1559:open_fabric:No data available)
srun: error: frontier07272: tasks 8-15: Exited with exit code 255
srun: Terminating StepId=4953735.1
srun: error: frontier07258: tasks 0-7: Exited with exit code 255
# 2-node mpi4py OFI diagnostic

- Job id: `4953735`
- QOS/walltime/node-hours: `debug` / `00:10:00` / `0.333333`
- Run root: `/lustre/orion/bif148/proj-shared/emender/frontier_runs/debug/mpi4py_ofi_diag/20260707/4953735-20260707T212420Z`
- Baseline status: `255`
- CXI/NUMA status: `255`

## Commands

```bash
srun -N 2 -n 16 --ntasks-per-node=8 -c 7 --gpus-per-task=1 --gpu-bind=closest env MPICH_GPU_SUPPORT_ENABLED=0 CRAY_MPI4PY_SITE=/opt/cray/pe/python/3.10.10/lib/python3.10/site-packages /autofs/nccs-svm1_sw/frontier/miniforge3/23.11.0-0/bin/python /lustre/orion/bif148/proj-shared/emender/frontier_runs/debug/mpi4py_ofi_diag/20260707/4953735-20260707T212420Z/artifacts/mpi4py_init_sendrecv.py 
srun -N 2 -n 16 --ntasks-per-node=8 -c 7 --gpus-per-task=1 --gpu-bind=closest env MPICH_GPU_SUPPORT_ENABLED=0 CRAY_MPI4PY_SITE=/opt/cray/pe/python/3.10.10/lib/python3.10/site-packages FI_PROVIDER=cxi MPICH_OFI_NIC_POLICY=NUMA FI_CXI_RX_MATCH_MODE=hybrid FI_CXI_DEFAULT_CQ_SIZE=131072 FI_CXI_DEFAULT_TX_SIZE=2048 /autofs/nccs-svm1_sw/frontier/miniforge3/23.11.0-0/bin/python /lustre/orion/bif148/proj-shared/emender/frontier_runs/debug/mpi4py_ofi_diag/20260707/4953735-20260707T212420Z/artifacts/mpi4py_init_sendrecv.py 
```

## Environment

```text
/lustre/orion/bif148/proj-shared/emender/frontier_runs/debug/mpi4py_ofi_diag/20260707/4953735-20260707T212420Z/artifacts/env.txt:mpich_gpu_support_enabled=0
/lustre/orion/bif148/proj-shared/emender/frontier_runs/debug/mpi4py_ofi_diag/20260707/4953735-20260707T212420Z/artifacts/env.txt:cray_mpi4py_site=/opt/cray/pe/python/3.10.10/lib/python3.10/site-packages
/lustre/orion/bif148/proj-shared/emender/frontier_runs/debug/mpi4py_ofi_diag/20260707/4953735-20260707T212420Z/artifacts/env.txt:CONDA_PREFIX=/autofs/nccs-svm1_sw/frontier/miniforge3/23.11.0-0
/lustre/orion/bif148/proj-shared/emender/frontier_runs/debug/mpi4py_ofi_diag/20260707/4953735-20260707T212420Z/artifacts/env.txt:CONDA_PREFIX=/autofs/nccs-svm1_sw/frontier/miniforge3/23.11.0-0
/lustre/orion/bif148/proj-shared/emender/frontier_runs/debug/mpi4py_ofi_diag/20260707/4953735-20260707T212420Z/artifacts/env.txt:LD_LIBRARY_PATH=/opt/cray/pe/perftools/26.03.0/lib64:/opt/cray/pe/pmi/6.1.17/lib:/opt/cray/pe/mpich/9.1.0/ofi/gnu/12.3/lib:/opt/cray/pe/mpich/9.1.0/gtl/lib:/opt/cray/pe/libsci/26.03.0/GNU/12/x86_64/lib:/opt/cray/pe/dsmml/0.3.0/dsmml/lib:/opt/cray/pe/lib64:/opt/cray/lib64:/opt/rocm-7.1.1/lib/roctracer:/opt/rocm-7.1.1/lib/rocprofiler:/opt/rocm-7.1.1/lib:/sw/frontier/spack-envs/cpe26.03-cpu/opt/__spack_path_placeholder__/__spack_path_placeholder__/__spack_path_placeholder__/__spac/gcc-14.2/darshan-runtime-3.4.7-i6lglufb3nzhpr6gneuq2bjdaonwtv66/lib:/opt/cray/pe/papi/7.3.0.1/lib64:/sw/frontier/spack-envs/core-25.03/opt/gcc-13.2/emacs-29.4-unh4yuyvxeg5vnbffszz5xml33f5ahvv/lib:/opt/cray/libfabric/2.3.1/lib64
/lustre/orion/bif148/proj-shared/emender/frontier_runs/debug/mpi4py_ofi_diag/20260707/4953735-20260707T212420Z/artifacts/baseline.env:CONDA_PREFIX=/autofs/nccs-svm1_sw/frontier/miniforge3/23.11.0-0
/lustre/orion/bif148/proj-shared/emender/frontier_runs/debug/mpi4py_ofi_diag/20260707/4953735-20260707T212420Z/artifacts/baseline.env:LD_LIBRARY_PATH=/opt/cray/pe/perftools/26.03.0/lib64:/opt/cray/pe/pmi/6.1.17/lib:/opt/cray/pe/mpich/9.1.0/ofi/gnu/12.3/lib:/opt/cray/pe/mpich/9.1.0/gtl/lib:/opt/cray/pe/libsci/26.03.0/GNU/12/x86_64/lib:/opt/cray/pe/dsmml/0.3.0/dsmml/lib:/opt/cray/pe/lib64:/opt/cray/lib64:/opt/rocm-7.1.1/lib/roctracer:/opt/rocm-7.1.1/lib/rocprofiler:/opt/rocm-7.1.1/lib:/sw/frontier/spack-envs/cpe26.03-cpu/opt/__spack_path_placeholder__/__spack_path_placeholder__/__spack_path_placeholder__/__spac/gcc-14.2/darshan-runtime-3.4.7-i6lglufb3nzhpr6gneuq2bjdaonwtv66/lib:/opt/cray/pe/papi/7.3.0.1/lib64:/sw/frontier/spack-envs/core-25.03/opt/gcc-13.2/emacs-29.4-unh4yuyvxeg5vnbffszz5xml33f5ahvv/lib:/opt/cray/libfabric/2.3.1/lib64
/lustre/orion/bif148/proj-shared/emender/frontier_runs/debug/mpi4py_ofi_diag/20260707/4953735-20260707T212420Z/artifacts/cxi_numa.env:CONDA_PREFIX=/autofs/nccs-svm1_sw/frontier/miniforge3/23.11.0-0
/lustre/orion/bif148/proj-shared/emender/frontier_runs/debug/mpi4py_ofi_diag/20260707/4953735-20260707T212420Z/artifacts/cxi_numa.env:LD_LIBRARY_PATH=/opt/cray/pe/perftools/26.03.0/lib64:/opt/cray/pe/pmi/6.1.17/lib:/opt/cray/pe/mpich/9.1.0/ofi/gnu/12.3/lib:/opt/cray/pe/mpich/9.1.0/gtl/lib:/opt/cray/pe/libsci/26.03.0/GNU/12/x86_64/lib:/opt/cray/pe/dsmml/0.3.0/dsmml/lib:/opt/cray/pe/lib64:/opt/cray/lib64:/opt/rocm-7.1.1/lib/roctracer:/opt/rocm-7.1.1/lib/rocprofiler:/opt/rocm-7.1.1/lib:/sw/frontier/spack-envs/cpe26.03-cpu/opt/__spack_path_placeholder__/__spack_path_placeholder__/__spack_path_placeholder__/__spac/gcc-14.2/darshan-runtime-3.4.7-i6lglufb3nzhpr6gneuq2bjdaonwtv66/lib:/opt/cray/pe/papi/7.3.0.1/lib64:/sw/frontier/spack-envs/core-25.03/opt/gcc-13.2/emacs-29.4-unh4yuyvxeg5vnbffszz5xml33f5ahvv/lib:/opt/cray/libfabric/2.3.1/lib64
```
