[pin-autotune] pinned mode: 18 kernels / 30 (name,key) configs from registry (set NDM_PIN_TRITON_AUTOTUNE=0 to restore sweep)
[pin-autotune] pinned mode: 18 kernels / 30 (name,key) configs from registry (set NDM_PIN_TRITON_AUTOTUNE=0 to restore sweep)
[pin-autotune] pinned mode: 18 kernels / 30 (name,key) configs from registry (set NDM_PIN_TRITON_AUTOTUNE=0 to restore sweep)
[pin-autotune] pinned mode: 18 kernels / 30 (name,key) configs from registry (set NDM_PIN_TRITON_AUTOTUNE=0 to restore sweep)
[pin-autotune] pinned mode: 18 kernels / 30 (name,key) configs from registry (set NDM_PIN_TRITON_AUTOTUNE=0 to restore sweep)
Traceback (most recent call last):
  File "/lustre/orion/bif148/proj-shared/emender/source-snapshots/emender-10c6fd4181/scripts/frontier/resilient_e97_role.py", line 2127, in <module>
    raise SystemExit(main())
                     ^^^^^^
  File "/lustre/orion/bif148/proj-shared/emender/source-snapshots/emender-10c6fd4181/scripts/frontier/resilient_e97_role.py", line 2123, in main
    return manager(args) if args.role == "manager" else trainer(args)
                                                        ^^^^^^^^^^^^^
  File "/lustre/orion/bif148/proj-shared/emender/source-snapshots/emender-10c6fd4181/scripts/frontier/resilient_e97_role.py", line 1912, in trainer
    raise RuntimeError(report.error or "real E97 trainer produced no update")
RuntimeError: InterruptedError: allocation TERM requested during local training
[pin-autotune] pinned mode: 18 kernels / 30 (name,key) configs from registry (set NDM_PIN_TRITON_AUTOTUNE=0 to restore sweep)
[pin-autotune] pinned mode: 18 kernels / 30 (name,key) configs from registry (set NDM_PIN_TRITON_AUTOTUNE=0 to restore sweep)
[pin-autotune] pinned mode: 18 kernels / 30 (name,key) configs from registry (set NDM_PIN_TRITON_AUTOTUNE=0 to restore sweep)
[pin-autotune] pinned mode: 18 kernels / 30 (name,key) configs from registry (set NDM_PIN_TRITON_AUTOTUNE=0 to restore sweep)
[pin-autotune] pinned mode: 18 kernels / 30 (name,key) configs from registry (set NDM_PIN_TRITON_AUTOTUNE=0 to restore sweep)
[pin-autotune] pinned mode: 18 kernels / 30 (name,key) configs from registry (set NDM_PIN_TRITON_AUTOTUNE=0 to restore sweep)
[pin-autotune] pinned mode: 18 kernels / 30 (name,key) configs from registry (set NDM_PIN_TRITON_AUTOTUNE=0 to restore sweep)
[pin-autotune] pinned mode: 18 kernels / 30 (name,key) configs from registry (set NDM_PIN_TRITON_AUTOTUNE=0 to restore sweep)
[pin-autotune] pinned mode: 18 kernels / 30 (name,key) configs from registry (set NDM_PIN_TRITON_AUTOTUNE=0 to restore sweep)
[pin-autotune] pinned mode: 18 kernels / 30 (name,key) configs from registry (set NDM_PIN_TRITON_AUTOTUNE=0 to restore sweep)
Traceback (most recent call last):
  File "/lustre/orion/bif148/proj-shared/emender/source-snapshots/emender-48b280b7a0/scripts/frontier/resilient_e97_role.py", line 2543, in <module>
    raise SystemExit(main())
                     ^^^^^^
  File "/lustre/orion/bif148/proj-shared/emender/source-snapshots/emender-48b280b7a0/scripts/frontier/resilient_e97_role.py", line 2539, in main
    return manager(args) if args.role == "manager" else trainer(args)
                                                        ^^^^^^^^^^^^^
  File "/lustre/orion/bif148/proj-shared/emender/source-snapshots/emender-48b280b7a0/scripts/frontier/resilient_e97_role.py", line 2356, in trainer
    _wait_for_leader_apply_release(
  File "/lustre/orion/bif148/proj-shared/emender/source-snapshots/emender-48b280b7a0/scripts/frontier/resilient_e97_role.py", line 618, in _wait_for_leader_apply_release
    raise TimeoutError("checkpoint leader apply deadline expired")
TimeoutError: checkpoint leader apply deadline expired
[pin-autotune] pinned mode: 18 kernels / 30 (name,key) configs from registry (set NDM_PIN_TRITON_AUTOTUNE=0 to restore sweep)
Traceback (most recent call last):
  File "/lustre/orion/bif148/proj-shared/emender/source-snapshots/emender-48b280b7a0/scripts/frontier/resilient_e97_role.py", line 2543, in <module>
    raise SystemExit(main())
                     ^^^^^^
  File "/lustre/orion/bif148/proj-shared/emender/source-snapshots/emender-48b280b7a0/scripts/frontier/resilient_e97_role.py", line 2539, in main
    return manager(args) if args.role == "manager" else trainer(args)
                                                        ^^^^^^^^^^^^^
  File "/lustre/orion/bif148/proj-shared/emender/source-snapshots/emender-48b280b7a0/scripts/frontier/resilient_e97_role.py", line 2326, in trainer
    raise RuntimeError(report.error or "real E97 trainer produced no update")
RuntimeError: InterruptedError: allocation TERM requested during local training
[pin-autotune] pinned mode: 18 kernels / 30 (name,key) configs from registry (set NDM_PIN_TRITON_AUTOTUNE=0 to restore sweep)
Traceback (most recent call last):
  File "/lustre/orion/bif148/proj-shared/emender/source-snapshots/emender-3ef0610ae7/scripts/frontier/resilient_e97_role.py", line 2543, in <module>
    raise SystemExit(main())
                     ^^^^^^
  File "/lustre/orion/bif148/proj-shared/emender/source-snapshots/emender-3ef0610ae7/scripts/frontier/resilient_e97_role.py", line 2539, in main
    return manager(args) if args.role == "manager" else trainer(args)
                                                        ^^^^^^^^^^^^^
  File "/lustre/orion/bif148/proj-shared/emender/source-snapshots/emender-3ef0610ae7/scripts/frontier/resilient_e97_role.py", line 2516, in trainer
    native_plane.close()
  File "/lustre/orion/bif148/proj-shared/emender/source-snapshots/emender-3ef0610ae7/ndm/native_e97_runtime.py", line 581, in close
    self.submission.close(); self.submission = None
    ^^^^^^^^^^^^^^^^^^^^^^^
  File "/lustre/orion/bif148/proj-shared/emender/source-snapshots/emender-3ef0610ae7/ndm/native_dataplane.py", line 593, in close
    self.client.native.check(code, "ndp_op_release_v1")
  File "/lustre/orion/bif148/proj-shared/emender/source-snapshots/emender-3ef0610ae7/ndm/native_dataplane.py", line 532, in check
    raise error_type(code, operation, detail)
ndm.native_dataplane.NativeDataplaneError: ndp_op_release_v1: route failure (-12)
[pin-autotune] pinned mode: 18 kernels / 30 (name,key) configs from registry (set NDM_PIN_TRITON_AUTOTUNE=0 to restore sweep)
Traceback (most recent call last):
  File "/lustre/orion/bif148/proj-shared/emender/source-snapshots/emender-3ef0610ae7/scripts/frontier/resilient_e97_role.py", line 2543, in <module>
    raise SystemExit(main())
                     ^^^^^^
  File "/lustre/orion/bif148/proj-shared/emender/source-snapshots/emender-3ef0610ae7/scripts/frontier/resilient_e97_role.py", line 2539, in main
    return manager(args) if args.role == "manager" else trainer(args)
                                                        ^^^^^^^^^^^^^
  File "/lustre/orion/bif148/proj-shared/emender/source-snapshots/emender-3ef0610ae7/scripts/frontier/resilient_e97_role.py", line 2516, in trainer
    native_plane.close()
  File "/lustre/orion/bif148/proj-shared/emender/source-snapshots/emender-3ef0610ae7/ndm/native_e97_runtime.py", line 581, in close
    self.submission.close(); self.submission = None
    ^^^^^^^^^^^^^^^^^^^^^^^
  File "/lustre/orion/bif148/proj-shared/emender/source-snapshots/emender-3ef0610ae7/ndm/native_dataplane.py", line 593, in close
    self.client.native.check(code, "ndp_op_release_v1")
  File "/lustre/orion/bif148/proj-shared/emender/source-snapshots/emender-3ef0610ae7/ndm/native_dataplane.py", line 532, in check
    raise error_type(code, operation, detail)
ndm.native_dataplane.NativeDataplaneError: ndp_op_release_v1: route failure (-12)
[pin-autotune] pinned mode: 18 kernels / 30 (name,key) configs from registry (set NDM_PIN_TRITON_AUTOTUNE=0 to restore sweep)
[pin-autotune] pinned mode: 18 kernels / 30 (name,key) configs from registry (set NDM_PIN_TRITON_AUTOTUNE=0 to restore sweep)
[pin-autotune] pinned mode: 18 kernels / 30 (name,key) configs from registry (set NDM_PIN_TRITON_AUTOTUNE=0 to restore sweep)
